Archive member included to satisfy reference by file (symbol)

libcan2040.a(can2040.c.obj)   src/CMakeFiles/realtime.dir/CAN.c.obj (can2040_pio_irq_handler)
/Users/u1530331/.pico-sdk/toolchain/13_2_Rel1/bin/../lib/gcc/arm-none-eabi/13.2.1/thumb/v6-m/nofp/libgcc.a(_dvmd_tls.o)
                              src/CMakeFiles/realtime.dir/Users/u1530331/.pico-sdk/sdk/2.0.0/src/rp2_common/pico_divider/divider_hardware.S.obj (__aeabi_idiv0)
/Users/u1530331/.pico-sdk/toolchain/13_2_Rel1/bin/../lib/gcc/arm-none-eabi/13.2.1/../../../../arm-none-eabi/lib/thumb/v6-m/nofp/libg.a(libc_a-calloc.o)
                              src/CMakeFiles/realtime.dir/Users/u1530331/.pico-sdk/sdk/2.0.0/src/rp2_common/pico_malloc/malloc.c.obj (calloc)
/Users/u1530331/.pico-sdk/toolchain/13_2_Rel1/bin/../lib/gcc/arm-none-eabi/13.2.1/../../../../arm-none-eabi/lib/thumb/v6-m/nofp/libg.a(libc_a-callocr.o)
                              /Users/u1530331/.pico-sdk/toolchain/13_2_Rel1/bin/../lib/gcc/arm-none-eabi/13.2.1/../../../../arm-none-eabi/lib/thumb/v6-m/nofp/libg.a(libc_a-calloc.o) (_calloc_r)
/Users/u1530331/.pico-sdk/toolchain/13_2_Rel1/bin/../lib/gcc/arm-none-eabi/13.2.1/../../../../arm-none-eabi/lib/thumb/v6-m/nofp/libg.a(libc_a-malloc.o)
                              src/CMakeFiles/realtime.dir/Users/u1530331/.pico-sdk/sdk/2.0.0/src/rp2_common/pico_malloc/malloc.c.obj (malloc)
/Users/u1530331/.pico-sdk/toolchain/13_2_Rel1/bin/../lib/gcc/arm-none-eabi/13.2.1/../../../../arm-none-eabi/lib/thumb/v6-m/nofp/libg.a(libc_a-mallocr.o)
                              /Users/u1530331/.pico-sdk/toolchain/13_2_Rel1/bin/../lib/gcc/arm-none-eabi/13.2.1/../../../../arm-none-eabi/lib/thumb/v6-m/nofp/libg.a(libc_a-callocr.o) (_malloc_r)
/Users/u1530331/.pico-sdk/toolchain/13_2_Rel1/bin/../lib/gcc/arm-none-eabi/13.2.1/../../../../arm-none-eabi/lib/thumb/v6-m/nofp/libg.a(libc_a-mlock.o)
                              /Users/u1530331/.pico-sdk/toolchain/13_2_Rel1/bin/../lib/gcc/arm-none-eabi/13.2.1/../../../../arm-none-eabi/lib/thumb/v6-m/nofp/libg.a(libc_a-mallocr.o) (__malloc_lock)
/Users/u1530331/.pico-sdk/toolchain/13_2_Rel1/bin/../lib/gcc/arm-none-eabi/13.2.1/../../../../arm-none-eabi/lib/thumb/v6-m/nofp/libg.a(libc_a-realloc.o)
                              src/CMakeFiles/realtime.dir/Users/u1530331/.pico-sdk/sdk/2.0.0/src/rp2_common/pico_malloc/malloc.c.obj (realloc)
/Users/u1530331/.pico-sdk/toolchain/13_2_Rel1/bin/../lib/gcc/arm-none-eabi/13.2.1/../../../../arm-none-eabi/lib/thumb/v6-m/nofp/libg.a(libc_a-reallocr.o)
                              /Users/u1530331/.pico-sdk/toolchain/13_2_Rel1/bin/../lib/gcc/arm-none-eabi/13.2.1/../../../../arm-none-eabi/lib/thumb/v6-m/nofp/libg.a(libc_a-realloc.o) (_realloc_r)
/Users/u1530331/.pico-sdk/toolchain/13_2_Rel1/bin/../lib/gcc/arm-none-eabi/13.2.1/../../../../arm-none-eabi/lib/thumb/v6-m/nofp/libg.a(libc_a-memcmp.o)
                              src/CMakeFiles/realtime.dir/Users/u1530331/.pico-sdk/sdk/2.0.0/src/rp2_common/pico_atomic/atomic.c.obj (memcmp)
/Users/u1530331/.pico-sdk/toolchain/13_2_Rel1/bin/../lib/gcc/arm-none-eabi/13.2.1/../../../../arm-none-eabi/lib/thumb/v6-m/nofp/libg.a(libc_a-memmove.o)
                              src/CMakeFiles/realtime.dir/Users/u1530331/.pico-sdk/sdk/2.0.0/lib/cyw43-driver/src/cyw43_ll.c.obj (memmove)
/Users/u1530331/.pico-sdk/toolchain/13_2_Rel1/bin/../lib/gcc/arm-none-eabi/13.2.1/../../../../arm-none-eabi/lib/thumb/v6-m/nofp/libg.a(libc_a-strncmp.o)
                              src/CMakeFiles/realtime.dir/Users/u1530331/.pico-sdk/sdk/2.0.0/lib/cyw43-driver/src/cyw43_ll.c.obj (strncmp)
/Users/u1530331/.pico-sdk/toolchain/13_2_Rel1/bin/../lib/gcc/arm-none-eabi/13.2.1/../../../../arm-none-eabi/lib/thumb/v6-m/nofp/libg.a(libc_a-lcltime_r.o)
                              src/CMakeFiles/realtime.dir/Users/u1530331/.pico-sdk/sdk/2.0.0/src/common/pico_util/datetime.c.obj (localtime_r)
/Users/u1530331/.pico-sdk/toolchain/13_2_Rel1/bin/../lib/gcc/arm-none-eabi/13.2.1/../../../../arm-none-eabi/lib/thumb/v6-m/nofp/libg.a(libc_a-mktime.o)
                              src/CMakeFiles/realtime.dir/Users/u1530331/.pico-sdk/sdk/2.0.0/src/common/pico_util/datetime.c.obj (mktime)
/Users/u1530331/.pico-sdk/toolchain/13_2_Rel1/bin/../lib/gcc/arm-none-eabi/13.2.1/../../../../arm-none-eabi/lib/thumb/v6-m/nofp/libg.a(libc_a-month_lengths.o)
                              /Users/u1530331/.pico-sdk/toolchain/13_2_Rel1/bin/../lib/gcc/arm-none-eabi/13.2.1/../../../../arm-none-eabi/lib/thumb/v6-m/nofp/libg.a(libc_a-lcltime_r.o) (__month_lengths)
/Users/u1530331/.pico-sdk/toolchain/13_2_Rel1/bin/../lib/gcc/arm-none-eabi/13.2.1/../../../../arm-none-eabi/lib/thumb/v6-m/nofp/libg.a(libc_a-tzcalc_limits.o)
                              /Users/u1530331/.pico-sdk/toolchain/13_2_Rel1/bin/../lib/gcc/arm-none-eabi/13.2.1/../../../../arm-none-eabi/lib/thumb/v6-m/nofp/libg.a(libc_a-lcltime_r.o) (__tzcalc_limits)
[...]
Memory Configuration

Name             Origin             Length             Attributes
FLASH            0x10000000         0x00200000         xr
RAM              0x20000000         0x00040000         xrw
SCRATCH_X        0x20040000         0x00001000         xrw
SCRATCH_Y        0x20041000         0x00001000         xrw
*default*        0x00000000         0xffffffff

Linker script and memory map

LOAD /Users/u1530331/.pico-sdk/toolchain/13_2_Rel1/bin/../lib/gcc/arm-none-eabi/13.2.1/thumb/v6-m/nofp/crti.o
LOAD /Users/u1530331/.pico-sdk/toolchain/13_2_Rel1/bin/../lib/gcc/arm-none-eabi/13.2.1/thumb/v6-m/nofp/crtbegin.o
LOAD /Users/u1530331/.pico-sdk/toolchain/13_2_Rel1/bin/../lib/gcc/arm-none-eabi/13.2.1/../../../../arm-none-eabi/lib/thumb/v6-m/nofp/crt0.o

.flash_begin    0x10000000        0x0
                0x10000000                        __flash_binary_start = .

.boot2          0x10000000      0x100
                0x10000000                        __boot2_start__ = .
 *(.boot2)
 .boot2         0x10000000      0x100 /var/folders/8g/5pj4j5hd6zvcqm75m0mwrkvh0000gr/T//cc3o0Mbu.o
                0x10000100                        __boot2_end__ = .
                0x00000001                        ASSERT (((__boot2_end__ - __boot2_start__) == 0x100), ERROR: Pico second stage bootloader must be 256 bytes in size)

.text           0x10000100     0x81b0
                0x10000100                        __logical_binary_start = .
 *(.vectors)
 .vectors       0x10000100       0xd4 src/CMakeFiles/realtime.dir/Users/u1530331/.pico-sdk/sdk/2.0.0/src/rp2_common/pico_crt0/crt0.S.obj
                0x10000100                __VECTOR_TABLE
                0x10000100                __vectors
                0x100001c0                __default_isrs_start
                0x100001c0                isr_invalid
                0x100001c2                isr_nmi
                0x100001c4                isr_hardfault
                0x100001c6                isr_svcall
                0x100001c8                isr_pendsv
                0x100001ca                isr_systick
                0x100001cc                isr_irq28
                0x100001cc                isr_irq19
                0x100001cc                isr_irq0
                0x100001cc                isr_irq6
                0x100001cc                isr_irq22
                0x100001cc                isr_irq17
                0x100001cc                isr_irq14
                0x100001cc                isr_irq2
                0x100001cc                isr_irq10
                0x100001cc                isr_irq8
                0x100001cc                isr_irq24
                0x100001cc                isr_irq1
                0x100001cc                isr_irq7
                0x100001cc                isr_irq21
                0x100001cc                isr_irq20
                0x100001cc                isr_irq15
                0x100001cc                isr_irq25
                0x100001cc                isr_irq4
                0x100001cc                isr_irq16
                0x100001cc                isr_irq29
                0x100001cc                isr_irq26
                0x100001cc                __default_isrs_end
                0x100001cc                isr_irq3
                0x100001cc                isr_irq9
                0x100001cc                __unhandled_user_irq
                0x100001cc                isr_irq13
                0x100001cc                isr_irq27
                0x100001cc                isr_irq31
                0x100001cc                isr_irq5
                0x100001cc                isr_irq11
                0x100001cc                isr_irq23
                0x100001cc                isr_irq18
                0x100001cc                isr_irq30
                0x100001cc                isr_irq12
                0x100001d2                unhandled_user_irq_num_in_r0
 *(.binary_info_header)
 .binary_info_header
                0x100001d4       0x14 src/CMakeFiles/realtime.dir/Users/u1530331/.pico-sdk/sdk/2.0.0/src/rp2_common/pico_crt0/crt0.S.obj
                0x100001e8                        __binary_info_header_end = .
 *(.embedded_block)
                0x100001e8                        __embedded_block_end = .
 *(.reset)
 .reset         0x100001e8       0x9c src/CMakeFiles/realtime.dir/Users/u1530331/.pico-sdk/sdk/2.0.0/src/rp2_common/pico_crt0/crt0.S.obj
                0x100001e8                _entry_point
 *(.init)
 .init          0x10000284        0x4 /Users/u1530331/.pico-sdk/toolchain/13_2_Rel1/bin/../lib/gcc/arm-none-eabi/13.2.1/thumb/v6-m/nofp/crti.o
                0x10000284                _init
 *(EXCLUDE_FILE(*libm.a: *libc.a:*lib_a-mem*.o *libgcc.a:) .text*)
 .text.register_tm_clones
                0x10000288       0x28 /Users/u1530331/.pico-sdk/toolchain/13_2_Rel1/bin/../lib/gcc/arm-none-eabi/13.2.1/thumb/v6-m/nofp/crtbegin.o
 .text.frame_dummy
                0x100002b0       0x24 /Users/u1530331/.pico-sdk/toolchain/13_2_Rel1/bin/../lib/gcc/arm-none-eabi/13.2.1/thumb/v6-m/nofp/crtbegin.o
 .text.can2040_cb
                0x100002d4        0x2 src/CMakeFiles/realtime.dir/CAN.c.obj
 *fill*         0x100002d6        0x2 
 .text.PIOx_IRQHandler
                0x100002d8       0x10 src/CMakeFiles/realtime.dir/CAN.c.obj
 .text.canbus_setup
                0x100002e8       0x58 src/CMakeFiles/realtime.dir/CAN.c.obj
                0x100002e8                canbus_setup
 .text.send_periodic_message
                0x10000340       0x38 src/CMakeFiles/realtime.dir/CAN.c.obj
                0x10000340                send_periodic_message
 .text.main     0x10000378        0xe src/CMakeFiles/realtime.dir/CAN.c.obj
                0x10000378                main
 *fill*         0x10000386        0x2 
 .text.rp2040_chip_version
                0x10000388       0x54 src/CMakeFiles/realtime.dir/Users/u1530331/.pico-sdk/sdk/2.0.0/src/rp2040/pico_platform/platform.c.obj
                0x10000388                rp2040_chip_version
 .text.panic    0x100003dc       0x30 src/CMakeFiles/realtime.dir/Users/u1530331/.pico-sdk/sdk/2.0.0/src/rp2_common/pico_platform_panic/panic.c.obj
                0x100003dc                panic
 .text.hw_claim_lock
                0x1000040c       0x18 src/CMakeFiles/realtime.dir/Users/u1530331/.pico-sdk/sdk/2.0.0/src/common/hardware_claim/claim.c.obj
                0x1000040c                hw_claim_lock
 .text.hw_claim_unlock
                0x10000424       0x14 src/CMakeFiles/realtime.dir/Users/u1530331/.pico-sdk/sdk/2.0.0/src/common/hardware_claim/claim.c.obj
                0x10000424                hw_claim_unlock
 .text.hw_claim_or_assert
                0x10000438       0x32 src/CMakeFiles/realtime.dir/Users/u1530331/.pico-sdk/sdk/2.0.0/src/common/hardware_claim/claim.c.obj
                0x10000438                hw_claim_or_assert
 .text.hw_claim_unused_from_range
                0x1000046a       0x50 src/CMakeFiles/realtime.dir/Users/u1530331/.pico-sdk/sdk/2.0.0/src/common/hardware_claim/claim.c.obj
                0x1000046a                hw_claim_unused_from_range
 *fill*         0x100004ba        0x2 
 .text.next_striped_spin_lock_num
                0x100004bc       0x1c src/CMakeFiles/realtime.dir/Users/u1530331/.pico-sdk/sdk/2.0.0/src/rp2_common/hardware_sync/sync.c.obj
                0x100004bc                next_striped_spin_lock_num
 .text.spin_lock_claim_unused
                0x100004d8       0x24 src/CMakeFiles/realtime.dir/Users/u1530331/.pico-sdk/sdk/2.0.0/src/rp2_common/hardware_sync/sync.c.obj
                0x100004d8                spin_lock_claim_unused
 .text.spin_locks_reset
                0x100004fc       0x20 src/CMakeFiles/realtime.dir/Users/u1530331/.pico-sdk/sdk/2.0.0/src/rp2_common/hardware_sync_spin_lock/sync_spin_lock.c.obj
                0x100004fc                spin_locks_reset
 .text.set_raw_irq_handler_and_unlock
                0x1000051c       0x28 src/CMakeFiles/realtime.dir/Users/u1530331/.pico-sdk/sdk/2.0.0/src/rp2_common/hardware_irq/irq.c.obj
 .text.nvic_ipr0
                0x10000544        0x8 src/CMakeFiles/realtime.dir/Users/u1530331/.pico-sdk/sdk/2.0.0/src/rp2_common/hardware_irq/irq.c.obj
 .text.runtime_init_per_core_irq_priorities
                0x1000054c       0x1c src/CMakeFiles/realtime.dir/Users/u1530331/.pico-sdk/sdk/2.0.0/src/rp2_common/hardware_irq/irq.c.obj
                0x1000054c                runtime_init_per_core_irq_priorities
 .text.resolve_j_16
                0x10000568       0x30 src/CMakeFiles/realtime.dir/Users/u1530331/.pico-sdk/sdk/2.0.0/src/rp2_common/hardware_irq/irq.c.obj
 .text.make_j_16
                0x10000598       0x48 src/CMakeFiles/realtime.dir/Users/u1530331/.pico-sdk/sdk/2.0.0/src/rp2_common/hardware_irq/irq.c.obj
 .text.irq_is_enabled
                0x100005e0       0x18 src/CMakeFiles/realtime.dir/Users/u1530331/.pico-sdk/sdk/2.0.0/src/rp2_common/hardware_irq/irq.c.obj
                0x100005e0                irq_is_enabled
 .text.irq_set_mask_n_enabled
                0x100005f8       0x1c src/CMakeFiles/realtime.dir/Users/u1530331/.pico-sdk/sdk/2.0.0/src/rp2_common/hardware_irq/irq.c.obj
                0x100005f8                irq_set_mask_n_enabled
 .text.irq_set_enabled
                0x10000614       0x14 src/CMakeFiles/realtime.dir/Users/u1530331/.pico-sdk/sdk/2.0.0/src/rp2_common/hardware_irq/irq.c.obj
                0x10000614                irq_set_enabled
 .text.irq_set_pending
                0x10000628       0x10 src/CMakeFiles/realtime.dir/Users/u1530331/.pico-sdk/sdk/2.0.0/src/rp2_common/hardware_irq/irq.c.obj
                0x10000628                irq_set_pending
 .text.irq_get_vtable_handler
                0x10000638       0x10 src/CMakeFiles/realtime.dir/Users/u1530331/.pico-sdk/sdk/2.0.0/src/rp2_common/hardware_irq/irq.c.obj
                0x10000638                irq_get_vtable_handler
 .text.irq_has_shared_handler
                0x10000648       0x24 src/CMakeFiles/realtime.dir/Users/u1530331/.pico-sdk/sdk/2.0.0/src/rp2_common/hardware_irq/irq.c.obj
                0x10000648                irq_has_shared_handler
 .text.irq_set_exclusive_handler
                0x1000066c       0x54 src/CMakeFiles/realtime.dir/Users/u1530331/.pico-sdk/sdk/2.0.0/src/rp2_common/hardware_irq/irq.c.obj
                0x1000066c                irq_set_exclusive_handler
 .text.irq_add_shared_handler
                0x100006c0      0x218 src/CMakeFiles/realtime.dir/Users/u1530331/.pico-sdk/sdk/2.0.0/src/rp2_common/hardware_irq/irq.c.obj
                0x100006c0                irq_add_shared_handler
 .text.irq_set_priority
                0x100008d8       0x26 src/CMakeFiles/realtime.dir/Users/u1530331/.pico-sdk/sdk/2.0.0/src/rp2_common/hardware_irq/irq.c.obj
                0x100008d8                irq_set_priority
 *fill*         0x100008fe        0x2 
 .text.irq_add_tail_to_free_list
                0x10000900       0xf4 src/CMakeFiles/realtime.dir/Users/u1530331/.pico-sdk/sdk/2.0.0/src/rp2_common/hardware_irq/irq.c.obj
                0x10000900                irq_add_tail_to_free_list
 .text.user_irq_claim_unused
                0x100009f4       0x2c src/CMakeFiles/realtime.dir/Users/u1530331/.pico-sdk/sdk/2.0.0/src/rp2_common/hardware_irq/irq.c.obj
                0x100009f4                user_irq_claim_unused
 .text.lock_init
                0x10000a20       0x10 src/CMakeFiles/realtime.dir/Users/u1530331/.pico-sdk/sdk/2.0.0/src/common/pico_sync/lock_core.c.obj
                0x10000a20                lock_init
 .text.mutex_init
                0x10000a30       0x1c src/CMakeFiles/realtime.dir/Users/u1530331/.pico-sdk/sdk/2.0.0/src/common/pico_sync/mutex.c.obj
                0x10000a30                mutex_init
 .text.recursive_mutex_init
                0x10000a4c       0x20 src/CMakeFiles/realtime.dir/Users/u1530331/.pico-sdk/sdk/2.0.0/src/common/pico_sync/mutex.c.obj
                0x10000a4c                recursive_mutex_init
 .text.runtime_init_mutex
                0x10000a6c       0x4c src/CMakeFiles/realtime.dir/Users/u1530331/.pico-sdk/sdk/2.0.0/src/common/pico_sync/mutex.c.obj
                0x10000a6c                runtime_init_mutex
 .text.critical_section_init_with_lock_num
                0x10000ab8       0x14 src/CMakeFiles/realtime.dir/Users/u1530331/.pico-sdk/sdk/2.0.0/src/common/pico_sync/critical_section.c.obj
                0x10000ab8                critical_section_init_with_lock_num
 .text.critical_section_init
                0x10000acc       0x14 src/CMakeFiles/realtime.dir/Users/u1530331/.pico-sdk/sdk/2.0.0/src/common/pico_sync/critical_section.c.obj
                0x10000acc                critical_section_init
 .text.make_alarm_id
                0x10000ae0        0x6 src/CMakeFiles/realtime.dir/Users/u1530331/.pico-sdk/sdk/2.0.0/src/common/pico_time/time.c.obj
 *fill*         0x10000ae6        0x2 
 .text.alarm_pool_irq_handler
                0x10000ae8      0x2e0 src/CMakeFiles/realtime.dir/Users/u1530331/.pico-sdk/sdk/2.0.0/src/common/pico_time/time.c.obj
 .text.ta_enable_irq_handler
                0x10000dc8       0x2c src/CMakeFiles/realtime.dir/Users/u1530331/.pico-sdk/sdk/2.0.0/src/common/pico_time/time.c.obj
 .text.alarm_pool_post_alloc_init
                0x10000df4       0x78 src/CMakeFiles/realtime.dir/Users/u1530331/.pico-sdk/sdk/2.0.0/src/common/pico_time/time.c.obj
 .text.sleep_until_callback
                0x10000e6c       0x28 src/CMakeFiles/realtime.dir/Users/u1530331/.pico-sdk/sdk/2.0.0/src/common/pico_time/time.c.obj
 .text.alarm_pool_get_default
                0x10000e94       0x2c src/CMakeFiles/realtime.dir/Users/u1530331/.pico-sdk/sdk/2.0.0/src/common/pico_time/time.c.obj
                0x10000e94                alarm_pool_get_default
 .text.alarm_pool_add_alarm_at_force_in_context
                0x10000ec0       0xa4 src/CMakeFiles/realtime.dir/Users/u1530331/.pico-sdk/sdk/2.0.0/src/common/pico_time/time.c.obj
                0x10000ec0                alarm_pool_add_alarm_at_force_in_context
 .text.alarm_pool_add_alarm_at
                0x10000f64       0x3c src/CMakeFiles/realtime.dir/Users/u1530331/.pico-sdk/sdk/2.0.0/src/common/pico_time/time.c.obj
                0x10000f64                alarm_pool_add_alarm_at
 .text.add_alarm_at
                0x10000fa0       0x2e src/CMakeFiles/realtime.dir/Users/u1530331/.pico-sdk/sdk/2.0.0/src/common/pico_time/time.c.obj
 *fill*         0x10000fce        0x2 
 .text.alarm_pool_cancel_alarm
                0x10000fd0       0x78 src/CMakeFiles/realtime.dir/Users/u1530331/.pico-sdk/sdk/2.0.0/src/common/pico_time/time.c.obj
                0x10000fd0                alarm_pool_cancel_alarm
 .text.cancel_alarm
                0x10001048       0x10 src/CMakeFiles/realtime.dir/Users/u1530331/.pico-sdk/sdk/2.0.0/src/common/pico_time/time.c.obj
 .text.alarm_pool_core_num
                0x10001058        0x4 src/CMakeFiles/realtime.dir/Users/u1530331/.pico-sdk/sdk/2.0.0/src/common/pico_time/time.c.obj
                0x10001058                alarm_pool_core_num
 .text.sleep_until
                0x1000105c       0xb4 src/CMakeFiles/realtime.dir/Users/u1530331/.pico-sdk/sdk/2.0.0/src/common/pico_time/time.c.obj
                0x1000105c                sleep_until
 .text.sleep_us
                0x10001110       0x24 src/CMakeFiles/realtime.dir/Users/u1530331/.pico-sdk/sdk/2.0.0/src/common/pico_time/time.c.obj
                0x10001110                sleep_us
 .text.sleep_ms
                0x10001134       0x14 src/CMakeFiles/realtime.dir/Users/u1530331/.pico-sdk/sdk/2.0.0/src/common/pico_time/time.c.obj
                0x10001134                sleep_ms
 .text.best_effort_wfe_or_timeout
                0x10001148       0xc4 src/CMakeFiles/realtime.dir/Users/u1530331/.pico-sdk/sdk/2.0.0/src/common/pico_time/time.c.obj
                0x10001148                best_effort_wfe_or_timeout
 .text.alarm_pool_get_default_timer
                0x1000120c        0x8 src/CMakeFiles/realtime.dir/Users/u1530331/.pico-sdk/sdk/2.0.0/src/common/pico_time/time.c.obj
                0x1000120c                alarm_pool_get_default_timer
 .text.runtime_init_default_alarm_pool
                0x10001214       0x38 src/CMakeFiles/realtime.dir/Users/u1530331/.pico-sdk/sdk/2.0.0/src/common/pico_time/time.c.obj
                0x10001214                runtime_init_default_alarm_pool
 .text.timer_hardware_alarm_claim
                0x1000124c       0x14 src/CMakeFiles/realtime.dir/Users/u1530331/.pico-sdk/sdk/2.0.0/src/rp2_common/hardware_timer/timer.c.obj
                0x1000124c                timer_hardware_alarm_claim
 .text.timer_time_us_64
                0x10001260       0x10 src/CMakeFiles/realtime.dir/Users/u1530331/.pico-sdk/sdk/2.0.0/src/rp2_common/hardware_timer/timer.c.obj
                0x10001260                timer_time_us_64
 .text.timer_busy_wait_until
                0x10001270       0x1a src/CMakeFiles/realtime.dir/Users/u1530331/.pico-sdk/sdk/2.0.0/src/rp2_common/hardware_timer/timer.c.obj
                0x10001270                timer_busy_wait_until
 *fill*         0x1000128a        0x2 
 .text.time_us_64
                0x1000128c       0x10 src/CMakeFiles/realtime.dir/Users/u1530331/.pico-sdk/sdk/2.0.0/src/rp2_common/hardware_timer/timer.c.obj
                0x1000128c                time_us_64
 .text.busy_wait_until
                0x1000129c       0x14 src/CMakeFiles/realtime.dir/Users/u1530331/.pico-sdk/sdk/2.0.0/src/rp2_common/hardware_timer/timer.c.obj
                0x1000129c                busy_wait_until
 .text.clock_configure_internal
                0x100012b0       0xc4 src/CMakeFiles/realtime.dir/Users/u1530331/.pico-sdk/sdk/2.0.0/src/rp2_common/hardware_clocks/clocks.c.obj
 .text.clock_configure_int_divider
                0x10001374       0x28 src/CMakeFiles/realtime.dir/Users/u1530331/.pico-sdk/sdk/2.0.0/src/rp2_common/hardware_clocks/clocks.c.obj
                0x10001374                clock_configure_int_divider
 .text.clock_configure_undivided
                0x1000139c       0x12 src/CMakeFiles/realtime.dir/Users/u1530331/.pico-sdk/sdk/2.0.0/src/rp2_common/hardware_clocks/clocks.c.obj
                0x1000139c                clock_configure_undivided
 *fill*         0x100013ae        0x2 
 .text.clock_get_hz
                0x100013b0        0xc src/CMakeFiles/realtime.dir/Users/u1530331/.pico-sdk/sdk/2.0.0/src/rp2_common/hardware_clocks/clocks.c.obj
                0x100013b0                clock_get_hz
 .text.pll_init
                0x100013bc      0x124 src/CMakeFiles/realtime.dir/Users/u1530331/.pico-sdk/sdk/2.0.0/src/rp2_common/hardware_pll/pll.c.obj
                0x100013bc                pll_init
 .text.watchdog_update
                0x100014e0       0x14 src/CMakeFiles/realtime.dir/Users/u1530331/.pico-sdk/sdk/2.0.0/src/rp2_common/hardware_watchdog/watchdog.c.obj
                0x100014e0                watchdog_update
 .text._watchdog_enable
                0x100014f4       0x7c src/CMakeFiles/realtime.dir/Users/u1530331/.pico-sdk/sdk/2.0.0/src/rp2_common/hardware_watchdog/watchdog.c.obj
                0x100014f4                _watchdog_enable
 .text.watchdog_reboot
                0x10001570       0x48 src/CMakeFiles/realtime.dir/Users/u1530331/.pico-sdk/sdk/2.0.0/src/rp2_common/hardware_watchdog/watchdog.c.obj
                0x10001570                watchdog_reboot
 .text.tick_start
                0x100015b8       0x10 src/CMakeFiles/realtime.dir/Users/u1530331/.pico-sdk/sdk/2.0.0/src/rp2_common/hardware_ticks/ticks.c.obj
                0x100015b8                tick_start
 .text.xosc_init
                0x100015c8       0x28 src/CMakeFiles/realtime.dir/Users/u1530331/.pico-sdk/sdk/2.0.0/src/rp2_common/hardware_xosc/xosc.c.obj
                0x100015c8                xosc_init
 .text.runtime_run_initializers_from
                0x100015f0       0x18 src/CMakeFiles/realtime.dir/Users/u1530331/.pico-sdk/sdk/2.0.0/src/rp2_common/pico_runtime/runtime.c.obj
 .text.first_per_core_initializer
                0x10001608        0x2 src/CMakeFiles/realtime.dir/Users/u1530331/.pico-sdk/sdk/2.0.0/src/rp2_common/pico_runtime/runtime.c.obj
 *fill*         0x1000160a        0x2 
 .text.runtime_run_initializers
                0x1000160c       0x10 src/CMakeFiles/realtime.dir/Users/u1530331/.pico-sdk/sdk/2.0.0/src/rp2_common/pico_runtime/runtime.c.obj
                0x1000160c                runtime_run_initializers
 .text.runtime_init_early_resets
                0x1000161c       0x2c src/CMakeFiles/realtime.dir/Users/u1530331/.pico-sdk/sdk/2.0.0/src/rp2_common/pico_runtime_init/runtime_init.c.obj
                0x1000161c                runtime_init_early_resets
 .text.runtime_init_usb_power_down
                0x10001648       0x1c src/CMakeFiles/realtime.dir/Users/u1530331/.pico-sdk/sdk/2.0.0/src/rp2_common/pico_runtime_init/runtime_init.c.obj
                0x10001648                runtime_init_usb_power_down
 .text.runtime_init_post_clock_resets
                0x10001664       0x20 src/CMakeFiles/realtime.dir/Users/u1530331/.pico-sdk/sdk/2.0.0/src/rp2_common/pico_runtime_init/runtime_init.c.obj
                0x10001664                runtime_init_post_clock_resets
 .text.runtime_init_rp2040_gpio_ie_disable
                0x10001684       0x14 src/CMakeFiles/realtime.dir/Users/u1530331/.pico-sdk/sdk/2.0.0/src/rp2_common/pico_runtime_init/runtime_init.c.obj
                0x10001684                runtime_init_rp2040_gpio_ie_disable
 .text.runtime_init_spin_locks_reset
                0x10001698        0x8 src/CMakeFiles/realtime.dir/Users/u1530331/.pico-sdk/sdk/2.0.0/src/rp2_common/pico_runtime_init/runtime_init.c.obj
                0x10001698                runtime_init_spin_locks_reset
 .text.runtime_init_install_ram_vector_table
                0x100016a0       0x1c src/CMakeFiles/realtime.dir/Users/u1530331/.pico-sdk/sdk/2.0.0/src/rp2_common/pico_runtime_init/runtime_init.c.obj
                0x100016a0                runtime_init_install_ram_vector_table
 .text.start_all_ticks
                0x100016bc       0x28 src/CMakeFiles/realtime.dir/Users/u1530331/.pico-sdk/sdk/2.0.0/src/rp2_common/pico_runtime_init/runtime_init_clocks.c.obj
 .text.runtime_init_clocks
                0x100016e4       0xcc src/CMakeFiles/realtime.dir/Users/u1530331/.pico-sdk/sdk/2.0.0/src/rp2_common/pico_runtime_init/runtime_init_clocks.c.obj
                0x100016e4                runtime_init_clocks
 .text          0x100017b0       0x10 src/CMakeFiles/realtime.dir/Users/u1530331/.pico-sdk/sdk/2.0.0/src/rp2_common/pico_bit_ops/bit_ops_aeabi.S.obj
 .text.rom_func_lookup
                0x100017c0       0x10 src/CMakeFiles/realtime.dir/Users/u1530331/.pico-sdk/sdk/2.0.0/src/rp2_common/pico_bootrom/bootrom.c.obj
                0x100017c0                rom_func_lookup
 .text.rom_data_lookup
                0x100017d0       0x10 src/CMakeFiles/realtime.dir/Users/u1530331/.pico-sdk/sdk/2.0.0/src/rp2_common/pico_bootrom/bootrom.c.obj
                0x100017d0                rom_data_lookup
 .text.rom_funcs_lookup
                0x100017e0       0x36 src/CMakeFiles/realtime.dir/Users/u1530331/.pico-sdk/sdk/2.0.0/src/rp2_common/pico_bootrom/bootrom.c.obj
                0x100017e0                rom_funcs_lookup
 *fill*         0x10001816        0x2 
 .text.rom_reset_usb_boot
                0x10001818       0x18 src/CMakeFiles/realtime.dir/Users/u1530331/.pico-sdk/sdk/2.0.0/src/rp2_common/pico_bootrom/bootrom.c.obj
                0x10001818                rom_reset_usb_boot
 .text.__wrap___aeabi_idiv
                0x10001830       0x50 src/CMakeFiles/realtime.dir/Users/u1530331/.pico-sdk/sdk/2.0.0/src/rp2_common/pico_divider/divider_hardware.S.obj
                0x10001830                __wrap___aeabi_idivmod
                0x10001830                divmod_s32s32
                0x10001830                div_s32s32
                0x10001830                __wrap___aeabi_idiv
                0x10001838                divmod_s32s32_unsafe
                0x10001864                divmod_s32s32_savestate
 .text.__wrap___aeabi_uidiv
                0x10001880       0x4c src/CMakeFiles/realtime.dir/Users/u1530331/.pico-sdk/sdk/2.0.0/src/rp2_common/pico_divider/divider_hardware.S.obj
                0x10001880                __wrap___aeabi_uidiv
                0x10001880                __wrap___aeabi_uidivmod
                0x10001880                div_u32u32
                0x10001880                divmod_u32u32
                0x10001888                divmod_u32u32_unsafe
                0x100018b0                divmod_u32u32_savestate
 .text.__wrap___aeabi_ldiv
                0x100018cc      0x424 src/CMakeFiles/realtime.dir/Users/u1530331/.pico-sdk/sdk/2.0.0/src/rp2_common/pico_divider/divider_hardware.S.obj
                0x100018cc                __wrap___aeabi_ldivmod
                0x100018cc                div_s64s64
                0x100018cc                divmod_s64s64
                0x100018fc                divmod_u64u64
                0x100018fc                div_u64u64
                0x100018fc                __wrap___aeabi_uldivmod
                0x1000190c                divmod_u64u64_savestate
                0x1000192c                divmod_s64s64_unsafe
                0x100019b4                divmod_u64u64_unsafe
 .text.__wrap___aeabi_darithmetic
                0x10001cf0       0x60 src/CMakeFiles/realtime.dir/Users/u1530331/.pico-sdk/sdk/2.0.0/src/rp2_common/pico_double/double_aeabi_rp2040.S.obj
                0x10001cf0                __wrap___aeabi_drsub
                0x10001cf6                __wrap___aeabi_dsub
                0x10001d00                __wrap___aeabi_dadd
                0x10001d0a                __wrap___aeabi_ddiv
                0x10001d3e                __wrap___aeabi_dmul
 .text.__wrap___aeabi_cdcmple
                0x10001d50       0x6c src/CMakeFiles/realtime.dir/Users/u1530331/.pico-sdk/sdk/2.0.0/src/rp2_common/pico_double/double_aeabi_rp2040.S.obj
                0x10001d50                __wrap___aeabi_cdrcmple
                0x10001d60                __wrap___aeabi_cdcmple
                0x10001d60                __wrap___aeabi_cdcmpeq
 .text.__wrap___aeabi_dcmplt
                0x10001dbc        0xc src/CMakeFiles/realtime.dir/Users/u1530331/.pico-sdk/sdk/2.0.0/src/rp2_common/pico_double/double_aeabi_rp2040.S.obj
                0x10001dbc                __wrap___aeabi_dcmplt
 .text.__wrap___aeabi_dcmple
                0x10001dc8       0x10 src/CMakeFiles/realtime.dir/Users/u1530331/.pico-sdk/sdk/2.0.0/src/rp2_common/pico_double/double_aeabi_rp2040.S.obj
                0x10001dc8                __wrap___aeabi_dcmple
 .text.__wrap___aeabi_dcmpge
                0x10001dd8       0x10 src/CMakeFiles/realtime.dir/Users/u1530331/.pico-sdk/sdk/2.0.0/src/rp2_common/pico_double/double_aeabi_rp2040.S.obj
                0x10001dd8                __wrap___aeabi_dcmpge
 .text.__wrap___aeabi_dcmpgt
                0x10001de8        0xa src/CMakeFiles/realtime.dir/Users/u1530331/.pico-sdk/sdk/2.0.0/src/rp2_common/pico_double/double_aeabi_rp2040.S.obj
                0x10001de8                __wrap___aeabi_dcmpgt
 .text.__wrap___aeabi_dcmpun
                0x10001df2       0x18 src/CMakeFiles/realtime.dir/Users/u1530331/.pico-sdk/sdk/2.0.0/src/rp2_common/pico_double/double_aeabi_rp2040.S.obj
                0x10001df2                __wrap___aeabi_dcmpun
 *fill*         0x10001e0a        0x2 
 .text.__wrap___aeabi_i2d
                0x10001e0c       0x38 src/CMakeFiles/realtime.dir/Users/u1530331/.pico-sdk/sdk/2.0.0/src/rp2_common/pico_double/double_aeabi_rp2040.S.obj
                0x10001e0c                __wrap___aeabi_ui2d
                0x10001e14                __wrap___aeabi_i2d
 .text.__wrap___aeabi_d2iz
                0x10001e44       0x48 src/CMakeFiles/realtime.dir/Users/u1530331/.pico-sdk/sdk/2.0.0/src/rp2_common/pico_double/double_aeabi_rp2040.S.obj
                0x10001e44                __wrap___aeabi_d2iz
                0x10001e44                double2int_z
 .text.__wrap___aeabi_d2uiz
                0x10001e8c       0x10 src/CMakeFiles/realtime.dir/Users/u1530331/.pico-sdk/sdk/2.0.0/src/rp2_common/pico_double/double_aeabi_rp2040.S.obj
                0x10001e8c                double2uint
                0x10001e8c                __wrap___aeabi_d2uiz
 .text.missing_double_func_shim
                0x10001e9c        0xc src/CMakeFiles/realtime.dir/Users/u1530331/.pico-sdk/sdk/2.0.0/src/rp2_common/pico_double/double_init_rom_rp2040.c.obj
 .text.__aeabi_double_init
                0x10001ea8       0xd0 src/CMakeFiles/realtime.dir/Users/u1530331/.pico-sdk/sdk/2.0.0/src/rp2_common/pico_double/double_init_rom_rp2040.c.obj
                0x10001ea8                __aeabi_double_init
 .text.double_table_shim_on_use_helper
                0x10001f78       0x34 src/CMakeFiles/realtime.dir/Users/u1530331/.pico-sdk/sdk/2.0.0/src/rp2_common/pico_double/double_v1_rom_shim_rp2040.S.obj
                0x10001f78                double_table_shim_on_use_helper
 .text.__aeabi_lmul
                0x10001fac       0x32 src/CMakeFiles/realtime.dir/Users/u1530331/.pico-sdk/sdk/2.0.0/src/rp2_common/pico_int64_ops/pico_int64_ops_aeabi.S.obj
                0x10001fac                __wrap___aeabi_lmul
 *fill*         0x10001fde        0x2 
 .text.missing_float_func_shim
                0x10001fe0        0xc src/CMakeFiles/realtime.dir/Users/u1530331/.pico-sdk/sdk/2.0.0/src/rp2_common/pico_float/float_init_rom_rp2040.c.obj
 .text.__aeabi_float_init
                0x10001fec       0x88 src/CMakeFiles/realtime.dir/Users/u1530331/.pico-sdk/sdk/2.0.0/src/rp2_common/pico_float/float_init_rom_rp2040.c.obj
                0x10001fec                __aeabi_float_init
 .text          0x10002074       0x10 src/CMakeFiles/realtime.dir/Users/u1530331/.pico-sdk/sdk/2.0.0/src/rp2_common/pico_mem_ops/mem_ops_aeabi.S.obj
                0x10002074                __aeabi_mem_init
 .text.memset   0x10002084        0xc src/CMakeFiles/realtime.dir/Users/u1530331/.pico-sdk/sdk/2.0.0/src/rp2_common/pico_mem_ops/mem_ops_aeabi.S.obj
                0x10002084                __wrap_memset
 .text.memcpy   0x10002090        0xc src/CMakeFiles/realtime.dir/Users/u1530331/.pico-sdk/sdk/2.0.0/src/rp2_common/pico_mem_ops/mem_ops_aeabi.S.obj
                0x10002090                __wrap___aeabi_memcpy
                0x10002090                __wrap_memcpy
 .text._out_null
                0x1000209c        0x2 src/CMakeFiles/realtime.dir/Users/u1530331/.pico-sdk/sdk/2.0.0/src/rp2_common/pico_printf/printf.c.obj
 .text._out_fct
                0x1000209e        0xe src/CMakeFiles/realtime.dir/Users/u1530331/.pico-sdk/sdk/2.0.0/src/rp2_common/pico_printf/printf.c.obj
 .text._atoi    0x100020ac       0x24 src/CMakeFiles/realtime.dir/Users/u1530331/.pico-sdk/sdk/2.0.0/src/rp2_common/pico_printf/printf.c.obj
 .text._out_rev
                0x100020d0       0xae src/CMakeFiles/realtime.dir/Users/u1530331/.pico-sdk/sdk/2.0.0/src/rp2_common/pico_printf/printf.c.obj
 .text._ntoa_format
                0x1000217e      0x110 src/CMakeFiles/realtime.dir/Users/u1530331/.pico-sdk/sdk/2.0.0/src/rp2_common/pico_printf/printf.c.obj
 .text._ntoa_long
                0x1000228e       0xbc src/CMakeFiles/realtime.dir/Users/u1530331/.pico-sdk/sdk/2.0.0/src/rp2_common/pico_printf/printf.c.obj
 .text._ntoa_long_long
                0x1000234a      0x10e src/CMakeFiles/realtime.dir/Users/u1530331/.pico-sdk/sdk/2.0.0/src/rp2_common/pico_printf/printf.c.obj
 .text._etoa    0x10002458      0x420 src/CMakeFiles/realtime.dir/Users/u1530331/.pico-sdk/sdk/2.0.0/src/rp2_common/pico_printf/printf.c.obj
 .text._ftoa    0x10002878      0x354 src/CMakeFiles/realtime.dir/Users/u1530331/.pico-sdk/sdk/2.0.0/src/rp2_common/pico_printf/printf.c.obj
 .text._vsnprintf
                0x10002bcc      0x668 src/CMakeFiles/realtime.dir/Users/u1530331/.pico-sdk/sdk/2.0.0/src/rp2_common/pico_printf/printf.c.obj
 .text.vfctprintf
                0x10003234       0x20 src/CMakeFiles/realtime.dir/Users/u1530331/.pico-sdk/sdk/2.0.0/src/rp2_common/pico_printf/printf.c.obj
                0x10003234                vfctprintf
 .text._exit    0x10003254        0xa src/CMakeFiles/realtime.dir/Users/u1530331/.pico-sdk/sdk/2.0.0/src/rp2_common/pico_clib_interface/newlib_interface.c.obj
                0x10003254                _exit
 .text.exit     0x1000325e        0x6 src/CMakeFiles/realtime.dir/Users/u1530331/.pico-sdk/sdk/2.0.0/src/rp2_common/pico_clib_interface/newlib_interface.c.obj
                0x1000325e                exit
 .text.__assert_func
                0x10003264       0x38 src/CMakeFiles/realtime.dir/Users/u1530331/.pico-sdk/sdk/2.0.0/src/rp2_common/pico_clib_interface/newlib_interface.c.obj
                0x10003264                __assert_func
 .text.runtime_init
                0x1000329c       0x28 src/CMakeFiles/realtime.dir/Users/u1530331/.pico-sdk/sdk/2.0.0/src/rp2_common/pico_clib_interface/newlib_interface.c.obj
                0x1000329c                runtime_init
 .text.stdio_out_chars_no_crlf
                0x100032c4        0xe src/CMakeFiles/realtime.dir/Users/u1530331/.pico-sdk/sdk/2.0.0/src/rp2_common/pico_stdio/stdio.c.obj
 *fill*         0x100032d2        0x2 
 .text.stdio_out_chars_crlf
                0x100032d4       0x80 src/CMakeFiles/realtime.dir/Users/u1530331/.pico-sdk/sdk/2.0.0/src/rp2_common/pico_stdio/stdio.c.obj
 .text.stdio_stack_buffer_flush
                0x10003354       0x44 src/CMakeFiles/realtime.dir/Users/u1530331/.pico-sdk/sdk/2.0.0/src/rp2_common/pico_stdio/stdio.c.obj
 .text.stdio_buffered_printer
                0x10003398       0x20 src/CMakeFiles/realtime.dir/Users/u1530331/.pico-sdk/sdk/2.0.0/src/rp2_common/pico_stdio/stdio.c.obj
 .text.stdout_serialize_begin
                0x100033b8       0x30 src/CMakeFiles/realtime.dir/Users/u1530331/.pico-sdk/sdk/2.0.0/src/rp2_common/pico_stdio/stdio.c.obj
                0x100033b8                stdout_serialize_begin
 .text.stdout_serialize_end
                0x100033e8       0x10 src/CMakeFiles/realtime.dir/Users/u1530331/.pico-sdk/sdk/2.0.0/src/rp2_common/pico_stdio/stdio.c.obj
                0x100033e8                stdout_serialize_end
 .text.stdio_put_string
                0x100033f8       0x94 src/CMakeFiles/realtime.dir/Users/u1530331/.pico-sdk/sdk/2.0.0/src/rp2_common/pico_stdio/stdio.c.obj
                0x100033f8                stdio_put_string
 .text.stdio_set_driver_enabled
                0x1000348c       0x2c src/CMakeFiles/realtime.dir/Users/u1530331/.pico-sdk/sdk/2.0.0/src/rp2_common/pico_stdio/stdio.c.obj
                0x1000348c                stdio_set_driver_enabled
 .text.stdio_flush
                0x100034b8       0x20 src/CMakeFiles/realtime.dir/Users/u1530331/.pico-sdk/sdk/2.0.0/src/rp2_common/pico_stdio/stdio.c.obj
                0x100034b8                stdio_flush
 .text.stdio_init_all
                0x100034d8        0x8 src/CMakeFiles/realtime.dir/Users/u1530331/.pico-sdk/sdk/2.0.0/src/rp2_common/pico_stdio/stdio.c.obj
                0x100034d8                stdio_init_all
 .text.__wrap_puts
                0x100034e0       0x1e src/CMakeFiles/realtime.dir/Users/u1530331/.pico-sdk/sdk/2.0.0/src/rp2_common/pico_stdio/stdio.c.obj
                0x100034e0                __wrap_puts
                0x100034e0                stdio_puts
 *fill*         0x100034fe        0x2 
 .text.__wrap_vprintf
                0x10003500       0x40 src/CMakeFiles/realtime.dir/Users/u1530331/.pico-sdk/sdk/2.0.0/src/rp2_common/pico_stdio/stdio.c.obj
                0x10003500                __wrap_vprintf
                0x10003500                stdio_vprintf
 .text.__wrap_printf
                0x10003540       0x18 src/CMakeFiles/realtime.dir/Users/u1530331/.pico-sdk/sdk/2.0.0/src/rp2_common/pico_stdio/stdio.c.obj
                0x10003540                stdio_printf
                0x10003540                __wrap_printf
 .text.resetd_init
                0x10003558        0x2 src/CMakeFiles/realtime.dir/Users/u1530331/.pico-sdk/sdk/2.0.0/src/rp2_common/pico_stdio_usb/reset_interface.c.obj
 *fill*         0x1000355a        0x2 
 .text.resetd_reset
                0x1000355c        0xc src/CMakeFiles/realtime.dir/Users/u1530331/.pico-sdk/sdk/2.0.0/src/rp2_common/pico_stdio_usb/reset_interface.c.obj
 .text.resetd_open
                0x10003568       0x34 src/CMakeFiles/realtime.dir/Users/u1530331/.pico-sdk/sdk/2.0.0/src/rp2_common/pico_stdio_usb/reset_interface.c.obj
 .text.resetd_xfer_cb
                0x1000359c        0x4 src/CMakeFiles/realtime.dir/Users/u1530331/.pico-sdk/sdk/2.0.0/src/rp2_common/pico_stdio_usb/reset_interface.c.obj
 .text.resetd_control_xfer_cb
                0x100035a0       0x5c src/CMakeFiles/realtime.dir/Users/u1530331/.pico-sdk/sdk/2.0.0/src/rp2_common/pico_stdio_usb/reset_interface.c.obj
 .text.tud_descriptor_bos_cb
                0x100035fc        0x8 src/CMakeFiles/realtime.dir/Users/u1530331/.pico-sdk/sdk/2.0.0/src/rp2_common/pico_stdio_usb/reset_interface.c.obj
                0x100035fc                tud_descriptor_bos_cb
 .text.tud_vendor_control_xfer_cb
                0x10003604       0x38 src/CMakeFiles/realtime.dir/Users/u1530331/.pico-sdk/sdk/2.0.0/src/rp2_common/pico_stdio_usb/reset_interface.c.obj
                0x10003604                tud_vendor_control_xfer_cb
 .text.usbd_app_driver_get_cb
                0x1000363c        0xc src/CMakeFiles/realtime.dir/Users/u1530331/.pico-sdk/sdk/2.0.0/src/rp2_common/pico_stdio_usb/reset_interface.c.obj
                0x1000363c                usbd_app_driver_get_cb
 .text.tud_cdc_line_coding_cb
                0x10003648       0x28 src/CMakeFiles/realtime.dir/Users/u1530331/.pico-sdk/sdk/2.0.0/src/rp2_common/pico_stdio_usb/reset_interface.c.obj
                0x10003648                tud_cdc_line_coding_cb
 .text.stdio_usb_set_chars_available_callback
                0x10003670       0x14 src/CMakeFiles/realtime.dir/Users/u1530331/.pico-sdk/sdk/2.0.0/src/rp2_common/pico_stdio_usb/stdio_usb.c.obj
                0x10003670                stdio_usb_set_chars_available_callback
 .text.stdio_usb_out_flush
                0x10003684       0x4c src/CMakeFiles/realtime.dir/Users/u1530331/.pico-sdk/sdk/2.0.0/src/rp2_common/pico_stdio_usb/stdio_usb.c.obj
 .text.usb_irq  0x100036d0       0x10 src/CMakeFiles/realtime.dir/Users/u1530331/.pico-sdk/sdk/2.0.0/src/rp2_common/pico_stdio_usb/stdio_usb.c.obj
 .text.critical_section_enter_blocking
                0x100036e0       0x16 src/CMakeFiles/realtime.dir/Users/u1530331/.pico-sdk/sdk/2.0.0/src/rp2_common/pico_stdio_usb/stdio_usb.c.obj
 *fill*         0x100036f6        0x2 
 .text.timer_task
                0x100036f8       0x60 src/CMakeFiles/realtime.dir/Users/u1530331/.pico-sdk/sdk/2.0.0/src/rp2_common/pico_stdio_usb/stdio_usb.c.obj
 .text.alarm_pool_add_alarm_in_us
                0x10003758       0x40 src/CMakeFiles/realtime.dir/Users/u1530331/.pico-sdk/sdk/2.0.0/src/rp2_common/pico_stdio_usb/stdio_usb.c.obj
 .text.add_alarm_in_us
                0x10003798       0x2e src/CMakeFiles/realtime.dir/Users/u1530331/.pico-sdk/sdk/2.0.0/src/rp2_common/pico_stdio_usb/stdio_usb.c.obj
 *fill*         0x100037c6        0x2 
 .text.low_priority_worker_irq
                0x100037c8       0xa0 src/CMakeFiles/realtime.dir/Users/u1530331/.pico-sdk/sdk/2.0.0/src/rp2_common/pico_stdio_usb/stdio_usb.c.obj
 .text.stdio_usb_init
                0x10003868       0xdc src/CMakeFiles/realtime.dir/Users/u1530331/.pico-sdk/sdk/2.0.0/src/rp2_common/pico_stdio_usb/stdio_usb.c.obj
                0x10003868                stdio_usb_init
 .text.stdio_usb_connected
                0x10003944        0xa src/CMakeFiles/realtime.dir/Users/u1530331/.pico-sdk/sdk/2.0.0/src/rp2_common/pico_stdio_usb/stdio_usb.c.obj
                0x10003944                stdio_usb_connected
 *fill*         0x1000394e        0x2 
 .text.stdio_usb_in_chars
                0x10003950       0x98 src/CMakeFiles/realtime.dir/Users/u1530331/.pico-sdk/sdk/2.0.0/src/rp2_common/pico_stdio_usb/stdio_usb.c.obj
                0x10003950                stdio_usb_in_chars
 .text.stdio_usb_out_chars
                0x100039e8       0xe8 src/CMakeFiles/realtime.dir/Users/u1530331/.pico-sdk/sdk/2.0.0/src/rp2_common/pico_stdio_usb/stdio_usb.c.obj
 .text.tud_descriptor_device_cb
                0x10003ad0        0x8 src/CMakeFiles/realtime.dir/Users/u1530331/.pico-sdk/sdk/2.0.0/src/rp2_common/pico_stdio_usb/stdio_usb_descriptors.c.obj
                0x10003ad0                tud_descriptor_device_cb
 .text.tud_descriptor_configuration_cb
                0x10003ad8        0x8 src/CMakeFiles/realtime.dir/Users/u1530331/.pico-sdk/sdk/2.0.0/src/rp2_common/pico_stdio_usb/stdio_usb_descriptors.c.obj
                0x10003ad8                tud_descriptor_configuration_cb
 .text.tud_descriptor_string_cb
                0x10003ae0       0x6c src/CMakeFiles/realtime.dir/Users/u1530331/.pico-sdk/sdk/2.0.0/src/rp2_common/pico_stdio_usb/stdio_usb_descriptors.c.obj
                0x10003ae0                tud_descriptor_string_cb
 .text._retrieve_unique_id_on_boot
                0x10003b4c       0x10 src/CMakeFiles/realtime.dir/Users/u1530331/.pico-sdk/sdk/2.0.0/src/rp2_common/pico_unique_id/unique_id.c.obj
 .text.pico_get_unique_board_id_string
                0x10003b5c       0x5c src/CMakeFiles/realtime.dir/Users/u1530331/.pico-sdk/sdk/2.0.0/src/rp2_common/pico_unique_id/unique_id.c.obj
                0x10003b5c                pico_get_unique_board_id_string
 .text.flash_get_unique_id
                0x10003bb8       0x40 src/CMakeFiles/realtime.dir/Users/u1530331/.pico-sdk/sdk/2.0.0/src/rp2_common/hardware_flash/flash.c.obj
                0x10003bb8                flash_get_unique_id
 .text._hw_endpoint_alloc
                0x10003bf8       0x70 src/CMakeFiles/realtime.dir/Users/u1530331/.pico-sdk/sdk/2.0.0/lib/tinyusb/src/portable/raspberrypi/rp2040/dcd_rp2040.c.obj
 .text.hw_endpoint_init
                0x10003c68       0xbc src/CMakeFiles/realtime.dir/Users/u1530331/.pico-sdk/sdk/2.0.0/lib/tinyusb/src/portable/raspberrypi/rp2040/dcd_rp2040.c.obj
 .text.hw_endpoint_xfer
                0x10003d24       0x20 src/CMakeFiles/realtime.dir/Users/u1530331/.pico-sdk/sdk/2.0.0/lib/tinyusb/src/portable/raspberrypi/rp2040/dcd_rp2040.c.obj
 .text.dcd_int_enable
                0x10003d44       0x2c src/CMakeFiles/realtime.dir/Users/u1530331/.pico-sdk/sdk/2.0.0/lib/tinyusb/src/portable/raspberrypi/rp2040/dcd_rp2040.c.obj
                0x10003d44                dcd_int_enable
 .text.dcd_set_address
                0x10003d70       0x2c src/CMakeFiles/realtime.dir/Users/u1530331/.pico-sdk/sdk/2.0.0/lib/tinyusb/src/portable/raspberrypi/rp2040/dcd_rp2040.c.obj
                0x10003d70                dcd_set_address
 .text.dcd_connect
                0x10003d9c       0x10 src/CMakeFiles/realtime.dir/Users/u1530331/.pico-sdk/sdk/2.0.0/lib/tinyusb/src/portable/raspberrypi/rp2040/dcd_rp2040.c.obj
                0x10003d9c                dcd_connect
 .text.dcd_init
                0x10003dac       0x80 src/CMakeFiles/realtime.dir/Users/u1530331/.pico-sdk/sdk/2.0.0/lib/tinyusb/src/portable/raspberrypi/rp2040/dcd_rp2040.c.obj
                0x10003dac                dcd_init
 .text.dcd_sof_enable
                0x10003e2c       0x1c src/CMakeFiles/realtime.dir/Users/u1530331/.pico-sdk/sdk/2.0.0/lib/tinyusb/src/portable/raspberrypi/rp2040/dcd_rp2040.c.obj
                0x10003e2c                dcd_sof_enable
 .text.dcd_edpt0_status_complete
                0x10003e48       0x1c src/CMakeFiles/realtime.dir/Users/u1530331/.pico-sdk/sdk/2.0.0/lib/tinyusb/src/portable/raspberrypi/rp2040/dcd_rp2040.c.obj
                0x10003e48                dcd_edpt0_status_complete
 .text.dcd_edpt_open
                0x10003e64       0x40 src/CMakeFiles/realtime.dir/Users/u1530331/.pico-sdk/sdk/2.0.0/lib/tinyusb/src/portable/raspberrypi/rp2040/dcd_rp2040.c.obj
                0x10003e64                dcd_edpt_open
 .text.dcd_edpt_close_all
                0x10003ea4        0x8 src/CMakeFiles/realtime.dir/Users/u1530331/.pico-sdk/sdk/2.0.0/lib/tinyusb/src/portable/raspberrypi/rp2040/dcd_rp2040.c.obj
                0x10003ea4                dcd_edpt_close_all
 .text.dcd_edpt_xfer
                0x10003eac       0x30 src/CMakeFiles/realtime.dir/Users/u1530331/.pico-sdk/sdk/2.0.0/lib/tinyusb/src/portable/raspberrypi/rp2040/dcd_rp2040.c.obj
                0x10003eac                dcd_edpt_xfer
 .text.dcd_edpt_stall
                0x10003edc       0x3c src/CMakeFiles/realtime.dir/Users/u1530331/.pico-sdk/sdk/2.0.0/lib/tinyusb/src/portable/raspberrypi/rp2040/dcd_rp2040.c.obj
                0x10003edc                dcd_edpt_stall
 .text.dcd_edpt_clear_stall
                0x10003f18       0x30 src/CMakeFiles/realtime.dir/Users/u1530331/.pico-sdk/sdk/2.0.0/lib/tinyusb/src/portable/raspberrypi/rp2040/dcd_rp2040.c.obj
                0x10003f18                dcd_edpt_clear_stall
 .text.unaligned_memcpy
                0x10003f48       0x14 src/CMakeFiles/realtime.dir/Users/u1530331/.pico-sdk/sdk/2.0.0/lib/tinyusb/src/portable/raspberrypi/rp2040/rp2040_usb.c.obj
 .text.rp2040_usb_init
                0x10003f5c       0x44 src/CMakeFiles/realtime.dir/Users/u1530331/.pico-sdk/sdk/2.0.0/lib/tinyusb/src/portable/raspberrypi/rp2040/rp2040_usb.c.obj
                0x10003f5c                rp2040_usb_init
 .text.hw_endpoint_xfer_start
                0x10003fa0       0x60 src/CMakeFiles/realtime.dir/Users/u1530331/.pico-sdk/sdk/2.0.0/lib/tinyusb/src/portable/raspberrypi/rp2040/rp2040_usb.c.obj
                0x10003fa0                hw_endpoint_xfer_start
 .text.configuration_reset
                0x10004000       0x84 src/CMakeFiles/realtime.dir/Users/u1530331/.pico-sdk/sdk/2.0.0/lib/tinyusb/src/device/usbd.c.obj
 .text.critical_section_enter_blocking
                0x10004084       0x16 src/CMakeFiles/realtime.dir/Users/u1530331/.pico-sdk/sdk/2.0.0/lib/tinyusb/src/device/usbd.c.obj
 .text.usbd_reset
                0x1000409a        0xc src/CMakeFiles/realtime.dir/Users/u1530331/.pico-sdk/sdk/2.0.0/lib/tinyusb/src/device/usbd.c.obj
 .text.invoke_class_control
                0x100040a6       0x1a src/CMakeFiles/realtime.dir/Users/u1530331/.pico-sdk/sdk/2.0.0/lib/tinyusb/src/device/usbd.c.obj
 .text.process_set_config
                0x100040c0      0x1b0 src/CMakeFiles/realtime.dir/Users/u1530331/.pico-sdk/sdk/2.0.0/lib/tinyusb/src/device/usbd.c.obj
 .text.tud_event_hook_cb
                0x10004270        0x2 src/CMakeFiles/realtime.dir/Users/u1530331/.pico-sdk/sdk/2.0.0/lib/tinyusb/src/device/usbd.c.obj
                0x10004270                tud_event_hook_cb
 .text.tud_sof_cb
                0x10004272        0x2 src/CMakeFiles/realtime.dir/Users/u1530331/.pico-sdk/sdk/2.0.0/lib/tinyusb/src/device/usbd.c.obj
                0x10004272                tud_sof_cb
 .text.tud_descriptor_device_qualifier_cb
                0x10004274        0x4 src/CMakeFiles/realtime.dir/Users/u1530331/.pico-sdk/sdk/2.0.0/lib/tinyusb/src/device/usbd.c.obj
                0x10004274                tud_descriptor_device_qualifier_cb
 .text.tud_descriptor_other_speed_configuration_cb
                0x10004278        0x4 src/CMakeFiles/realtime.dir/Users/u1530331/.pico-sdk/sdk/2.0.0/lib/tinyusb/src/device/usbd.c.obj
                0x10004278                tud_descriptor_other_speed_configuration_cb
 .text.process_get_descriptor
                0x1000427c       0xe0 src/CMakeFiles/realtime.dir/Users/u1530331/.pico-sdk/sdk/2.0.0/lib/tinyusb/src/device/usbd.c.obj
 .text.tud_mount_cb
                0x1000435c        0x2 src/CMakeFiles/realtime.dir/Users/u1530331/.pico-sdk/sdk/2.0.0/lib/tinyusb/src/device/usbd.c.obj
                0x1000435c                tud_mount_cb
 .text.tud_umount_cb
                0x1000435e        0x2 src/CMakeFiles/realtime.dir/Users/u1530331/.pico-sdk/sdk/2.0.0/lib/tinyusb/src/device/usbd.c.obj
                0x1000435e                tud_umount_cb
 .text.tud_suspend_cb
                0x10004360        0x2 src/CMakeFiles/realtime.dir/Users/u1530331/.pico-sdk/sdk/2.0.0/lib/tinyusb/src/device/usbd.c.obj
                0x10004360                tud_suspend_cb
 .text.tud_resume_cb
                0x10004362        0x2 src/CMakeFiles/realtime.dir/Users/u1530331/.pico-sdk/sdk/2.0.0/lib/tinyusb/src/device/usbd.c.obj
                0x10004362                tud_resume_cb
 .text.tud_mounted
                0x10004364       0x10 src/CMakeFiles/realtime.dir/Users/u1530331/.pico-sdk/sdk/2.0.0/lib/tinyusb/src/device/usbd.c.obj
                0x10004364                tud_mounted
 .text.tud_suspended
                0x10004374       0x10 src/CMakeFiles/realtime.dir/Users/u1530331/.pico-sdk/sdk/2.0.0/lib/tinyusb/src/device/usbd.c.obj
                0x10004374                tud_suspended
 .text.tud_inited
                0x10004384       0x14 src/CMakeFiles/realtime.dir/Users/u1530331/.pico-sdk/sdk/2.0.0/lib/tinyusb/src/device/usbd.c.obj
                0x10004384                tud_inited
 .text.tud_init
                0x10004398       0xdc src/CMakeFiles/realtime.dir/Users/u1530331/.pico-sdk/sdk/2.0.0/lib/tinyusb/src/device/usbd.c.obj
                0x10004398                tud_init
 .text.usbd_edpt_open
                0x10004474       0x60 src/CMakeFiles/realtime.dir/Users/u1530331/.pico-sdk/sdk/2.0.0/lib/tinyusb/src/device/usbd.c.obj
                0x10004474                usbd_edpt_open
 .text.usbd_open_edpt_pair
                0x100044d4       0x8c src/CMakeFiles/realtime.dir/Users/u1530331/.pico-sdk/sdk/2.0.0/lib/tinyusb/src/device/usbd.c.obj
                0x100044d4                usbd_open_edpt_pair
 .text.usbd_edpt_claim
                0x10004560       0x28 src/CMakeFiles/realtime.dir/Users/u1530331/.pico-sdk/sdk/2.0.0/lib/tinyusb/src/device/usbd.c.obj
                0x10004560                usbd_edpt_claim
 .text.usbd_edpt_release
                0x10004588       0x28 src/CMakeFiles/realtime.dir/Users/u1530331/.pico-sdk/sdk/2.0.0/lib/tinyusb/src/device/usbd.c.obj
                0x10004588                usbd_edpt_release
 .text.usbd_edpt_xfer
                0x100045b0       0x88 src/CMakeFiles/realtime.dir/Users/u1530331/.pico-sdk/sdk/2.0.0/lib/tinyusb/src/device/usbd.c.obj
                0x100045b0                usbd_edpt_xfer
 .text.usbd_edpt_stall
                0x10004638       0x34 src/CMakeFiles/realtime.dir/Users/u1530331/.pico-sdk/sdk/2.0.0/lib/tinyusb/src/device/usbd.c.obj
                0x10004638                usbd_edpt_stall
 .text.usbd_edpt_clear_stall
                0x1000466c       0x34 src/CMakeFiles/realtime.dir/Users/u1530331/.pico-sdk/sdk/2.0.0/lib/tinyusb/src/device/usbd.c.obj
                0x1000466c                usbd_edpt_clear_stall
 .text.usbd_edpt_stalled
                0x100046a0       0x1c src/CMakeFiles/realtime.dir/Users/u1530331/.pico-sdk/sdk/2.0.0/lib/tinyusb/src/device/usbd.c.obj
                0x100046a0                usbd_edpt_stalled
 .text.process_control_request
                0x100046bc      0x390 src/CMakeFiles/realtime.dir/Users/u1530331/.pico-sdk/sdk/2.0.0/lib/tinyusb/src/device/usbd.c.obj
 .text.tud_task_ext
                0x10004a4c      0x1c8 src/CMakeFiles/realtime.dir/Users/u1530331/.pico-sdk/sdk/2.0.0/lib/tinyusb/src/device/usbd.c.obj
                0x10004a4c                tud_task_ext
 .text._status_stage_xact
                0x10004c14       0x1a src/CMakeFiles/realtime.dir/Users/u1530331/.pico-sdk/sdk/2.0.0/lib/tinyusb/src/device/usbd_control.c.obj
 *fill*         0x10004c2e        0x2 
 .text._data_stage_xact
                0x10004c30       0x60 src/CMakeFiles/realtime.dir/Users/u1530331/.pico-sdk/sdk/2.0.0/lib/tinyusb/src/device/usbd_control.c.obj
 .text.tud_control_status
                0x10004c90       0x28 src/CMakeFiles/realtime.dir/Users/u1530331/.pico-sdk/sdk/2.0.0/lib/tinyusb/src/device/usbd_control.c.obj
                0x10004c90                tud_control_status
 .text.tud_control_xfer
                0x10004cb8       0x98 src/CMakeFiles/realtime.dir/Users/u1530331/.pico-sdk/sdk/2.0.0/lib/tinyusb/src/device/usbd_control.c.obj
                0x10004cb8                tud_control_xfer
 .text.usbd_control_reset
                0x10004d50       0x14 src/CMakeFiles/realtime.dir/Users/u1530331/.pico-sdk/sdk/2.0.0/lib/tinyusb/src/device/usbd_control.c.obj
                0x10004d50                usbd_control_reset
 .text.usbd_control_set_complete_callback
                0x10004d64        0xc src/CMakeFiles/realtime.dir/Users/u1530331/.pico-sdk/sdk/2.0.0/lib/tinyusb/src/device/usbd_control.c.obj
                0x10004d64                usbd_control_set_complete_callback
 .text.usbd_control_set_request
                0x10004d70       0x1c src/CMakeFiles/realtime.dir/Users/u1530331/.pico-sdk/sdk/2.0.0/lib/tinyusb/src/device/usbd_control.c.obj
                0x10004d70                usbd_control_set_request
 .text.usbd_control_xfer_cb
                0x10004d8c       0xe0 src/CMakeFiles/realtime.dir/Users/u1530331/.pico-sdk/sdk/2.0.0/lib/tinyusb/src/device/usbd_control.c.obj
                0x10004d8c                usbd_control_xfer_cb
 .text._prep_out_transaction
                0x10004e6c       0x72 src/CMakeFiles/realtime.dir/Users/u1530331/.pico-sdk/sdk/2.0.0/lib/tinyusb/src/class/cdc/cdc_device.c.obj
 *fill*         0x10004ede        0x2 
 .text.tud_cdc_n_connected
                0x10004ee0       0x38 src/CMakeFiles/realtime.dir/Users/u1530331/.pico-sdk/sdk/2.0.0/lib/tinyusb/src/class/cdc/cdc_device.c.obj
                0x10004ee0                tud_cdc_n_connected
 .text.tud_cdc_n_available
                0x10004f18       0x18 src/CMakeFiles/realtime.dir/Users/u1530331/.pico-sdk/sdk/2.0.0/lib/tinyusb/src/class/cdc/cdc_device.c.obj
                0x10004f18                tud_cdc_n_available
 .text.tud_cdc_n_read
                0x10004f30       0x38 src/CMakeFiles/realtime.dir/Users/u1530331/.pico-sdk/sdk/2.0.0/lib/tinyusb/src/class/cdc/cdc_device.c.obj
                0x10004f30                tud_cdc_n_read
 .text.tud_cdc_n_write_flush
                0x10004f68       0xcc src/CMakeFiles/realtime.dir/Users/u1530331/.pico-sdk/sdk/2.0.0/lib/tinyusb/src/class/cdc/cdc_device.c.obj
                0x10004f68                tud_cdc_n_write_flush
 .text.tud_cdc_n_write
                0x10005034       0x48 src/CMakeFiles/realtime.dir/Users/u1530331/.pico-sdk/sdk/2.0.0/lib/tinyusb/src/class/cdc/cdc_device.c.obj
                0x10005034                tud_cdc_n_write
 .text.tud_cdc_n_write_available
                0x1000507c       0x1c src/CMakeFiles/realtime.dir/Users/u1530331/.pico-sdk/sdk/2.0.0/lib/tinyusb/src/class/cdc/cdc_device.c.obj
                0x1000507c                tud_cdc_n_write_available
 .text.cdcd_init
                0x10005098       0xc0 src/CMakeFiles/realtime.dir/Users/u1530331/.pico-sdk/sdk/2.0.0/lib/tinyusb/src/class/cdc/cdc_device.c.obj
                0x10005098                cdcd_init
 .text.cdcd_deinit
                0x10005158       0x50 src/CMakeFiles/realtime.dir/Users/u1530331/.pico-sdk/sdk/2.0.0/lib/tinyusb/src/class/cdc/cdc_device.c.obj
                0x10005158                cdcd_deinit
 .text.cdcd_reset
                0x100051a8       0x78 src/CMakeFiles/realtime.dir/Users/u1530331/.pico-sdk/sdk/2.0.0/lib/tinyusb/src/class/cdc/cdc_device.c.obj
                0x100051a8                cdcd_reset
 .text.cdcd_open
                0x10005220       0xf0 src/CMakeFiles/realtime.dir/Users/u1530331/.pico-sdk/sdk/2.0.0/lib/tinyusb/src/class/cdc/cdc_device.c.obj
                0x10005220                cdcd_open
 .text.cdcd_control_xfer_cb
                0x10005310      0x138 src/CMakeFiles/realtime.dir/Users/u1530331/.pico-sdk/sdk/2.0.0/lib/tinyusb/src/class/cdc/cdc_device.c.obj
                0x10005310                cdcd_control_xfer_cb
 .text.cdcd_xfer_cb
                0x10005448      0x144 src/CMakeFiles/realtime.dir/Users/u1530331/.pico-sdk/sdk/2.0.0/lib/tinyusb/src/class/cdc/cdc_device.c.obj
                0x10005448                cdcd_xfer_cb
 .text._prep_out_transaction
                0x1000558c       0x3a src/CMakeFiles/realtime.dir/Users/u1530331/.pico-sdk/sdk/2.0.0/lib/tinyusb/src/class/vendor/vendor_device.c.obj
 *fill*         0x100055c6        0x2 
 .text.tud_vendor_n_write_flush
                0x100055c8       0xcc src/CMakeFiles/realtime.dir/Users/u1530331/.pico-sdk/sdk/2.0.0/lib/tinyusb/src/class/vendor/vendor_device.c.obj
                0x100055c8                tud_vendor_n_write_flush
 .text.vendord_init
                0x10005694       0xa0 src/CMakeFiles/realtime.dir/Users/u1530331/.pico-sdk/sdk/2.0.0/lib/tinyusb/src/class/vendor/vendor_device.c.obj
                0x10005694                vendord_init
 .text.vendord_deinit
                0x10005734       0x50 src/CMakeFiles/realtime.dir/Users/u1530331/.pico-sdk/sdk/2.0.0/lib/tinyusb/src/class/vendor/vendor_device.c.obj
                0x10005734                vendord_deinit
 .text.vendord_reset
                0x10005784       0x38 src/CMakeFiles/realtime.dir/Users/u1530331/.pico-sdk/sdk/2.0.0/lib/tinyusb/src/class/vendor/vendor_device.c.obj
                0x10005784                vendord_reset
 .text.vendord_open
                0x100057bc       0xd0 src/CMakeFiles/realtime.dir/Users/u1530331/.pico-sdk/sdk/2.0.0/lib/tinyusb/src/class/vendor/vendor_device.c.obj
                0x100057bc                vendord_open
 .text.vendord_xfer_cb
                0x1000588c       0xc8 src/CMakeFiles/realtime.dir/Users/u1530331/.pico-sdk/sdk/2.0.0/lib/tinyusb/src/class/vendor/vendor_device.c.obj
                0x1000588c                vendord_xfer_cb
 .text.tusb_init
                0x10005954       0x24 src/CMakeFiles/realtime.dir/Users/u1530331/.pico-sdk/sdk/2.0.0/lib/tinyusb/src/tusb.c.obj
                0x10005954                tusb_init
 .text.tu_edpt_claim
                0x10005978       0x50 src/CMakeFiles/realtime.dir/Users/u1530331/.pico-sdk/sdk/2.0.0/lib/tinyusb/src/tusb.c.obj
                0x10005978                tu_edpt_claim
 .text.tu_edpt_release
                0x100059c8       0x38 src/CMakeFiles/realtime.dir/Users/u1530331/.pico-sdk/sdk/2.0.0/lib/tinyusb/src/tusb.c.obj
                0x100059c8                tu_edpt_release
 .text.tu_edpt_validate
                0x10005a00       0xac src/CMakeFiles/realtime.dir/Users/u1530331/.pico-sdk/sdk/2.0.0/lib/tinyusb/src/tusb.c.obj
                0x10005a00                tu_edpt_validate
 .text.tu_edpt_bind_driver
                0x10005aac       0x26 src/CMakeFiles/realtime.dir/Users/u1530331/.pico-sdk/sdk/2.0.0/lib/tinyusb/src/tusb.c.obj
                0x10005aac                tu_edpt_bind_driver
 .text.advance_index
                0x10005ad2       0x1a src/CMakeFiles/realtime.dir/Users/u1530331/.pico-sdk/sdk/2.0.0/lib/tinyusb/src/common/tusb_fifo.c.obj
 .text._tu_fifo_peek
                0x10005aec       0x56 src/CMakeFiles/realtime.dir/Users/u1530331/.pico-sdk/sdk/2.0.0/lib/tinyusb/src/common/tusb_fifo.c.obj
 .text._ff_pull_n
                0x10005b42       0x68 src/CMakeFiles/realtime.dir/Users/u1530331/.pico-sdk/sdk/2.0.0/lib/tinyusb/src/common/tusb_fifo.c.obj
 .text._tu_fifo_peek_n
                0x10005baa       0x6a src/CMakeFiles/realtime.dir/Users/u1530331/.pico-sdk/sdk/2.0.0/lib/tinyusb/src/common/tusb_fifo.c.obj
 .text._tu_fifo_read_n
                0x10005c14       0x4e src/CMakeFiles/realtime.dir/Users/u1530331/.pico-sdk/sdk/2.0.0/lib/tinyusb/src/common/tusb_fifo.c.obj
 .text._ff_push_n
                0x10005c62       0x68 src/CMakeFiles/realtime.dir/Users/u1530331/.pico-sdk/sdk/2.0.0/lib/tinyusb/src/common/tusb_fifo.c.obj
 .text._tu_fifo_write_n
                0x10005cca       0xf0 src/CMakeFiles/realtime.dir/Users/u1530331/.pico-sdk/sdk/2.0.0/lib/tinyusb/src/common/tusb_fifo.c.obj
 .text.tu_fifo_config
                0x10005dba       0x7c src/CMakeFiles/realtime.dir/Users/u1530331/.pico-sdk/sdk/2.0.0/lib/tinyusb/src/common/tusb_fifo.c.obj
                0x10005dba                tu_fifo_config
 .text.tu_fifo_count
                0x10005e36       0x2a src/CMakeFiles/realtime.dir/Users/u1530331/.pico-sdk/sdk/2.0.0/lib/tinyusb/src/common/tusb_fifo.c.obj
                0x10005e36                tu_fifo_count
 .text.tu_fifo_empty
                0x10005e60        0xe src/CMakeFiles/realtime.dir/Users/u1530331/.pico-sdk/sdk/2.0.0/lib/tinyusb/src/common/tusb_fifo.c.obj
                0x10005e60                tu_fifo_empty
 .text.tu_fifo_full
                0x10005e6e       0x28 src/CMakeFiles/realtime.dir/Users/u1530331/.pico-sdk/sdk/2.0.0/lib/tinyusb/src/common/tusb_fifo.c.obj
                0x10005e6e                tu_fifo_full
 .text.tu_fifo_remaining
                0x10005e96       0x2c src/CMakeFiles/realtime.dir/Users/u1530331/.pico-sdk/sdk/2.0.0/lib/tinyusb/src/common/tusb_fifo.c.obj
                0x10005e96                tu_fifo_remaining
 .text.tu_fifo_read
                0x10005ec2       0x42 src/CMakeFiles/realtime.dir/Users/u1530331/.pico-sdk/sdk/2.0.0/lib/tinyusb/src/common/tusb_fifo.c.obj
                0x10005ec2                tu_fifo_read
 .text.tu_fifo_read_n
                0x10005f04        0xa src/CMakeFiles/realtime.dir/Users/u1530331/.pico-sdk/sdk/2.0.0/lib/tinyusb/src/common/tusb_fifo.c.obj
                0x10005f04                tu_fifo_read_n
 .text.tu_fifo_write
                0x10005f0e       0x64 src/CMakeFiles/realtime.dir/Users/u1530331/.pico-sdk/sdk/2.0.0/lib/tinyusb/src/common/tusb_fifo.c.obj
                0x10005f0e                tu_fifo_write
 .text.tu_fifo_write_n
                0x10005f72        0xa src/CMakeFiles/realtime.dir/Users/u1530331/.pico-sdk/sdk/2.0.0/lib/tinyusb/src/common/tusb_fifo.c.obj
                0x10005f72                tu_fifo_write_n
 .text.tu_fifo_clear
                0x10005f7c       0x3e src/CMakeFiles/realtime.dir/Users/u1530331/.pico-sdk/sdk/2.0.0/lib/tinyusb/src/common/tusb_fifo.c.obj
                0x10005f7c                tu_fifo_clear
 .text.tu_fifo_set_overwritable
                0x10005fba       0x46 src/CMakeFiles/realtime.dir/Users/u1530331/.pico-sdk/sdk/2.0.0/lib/tinyusb/src/common/tusb_fifo.c.obj
                0x10005fba                tu_fifo_set_overwritable
 .text.prvHeapInit
                0x10006000       0x58 src/CMakeFiles/realtime.dir/__/lib/freertos/portable/MemMang/heap_4.c.obj
 .text.pvPortMalloc
                0x10006058      0x188 src/CMakeFiles/realtime.dir/__/lib/freertos/portable/MemMang/heap_4.c.obj
                0x10006058                pvPortMalloc
 .text.prvGetTicksToWaitBefore
                0x100061e0       0x40 src/CMakeFiles/realtime.dir/__/lib/freertos/portable/ThirdParty/GCC/RP2040/port.c.obj
 .text.vPortYield
                0x10006220       0x40 src/CMakeFiles/realtime.dir/__/lib/freertos/portable/ThirdParty/GCC/RP2040/port.c.obj
                0x10006220                vPortYield
 .text.vPortEnterCritical
                0x10006260       0x18 src/CMakeFiles/realtime.dir/__/lib/freertos/portable/ThirdParty/GCC/RP2040/port.c.obj
                0x10006260                vPortEnterCritical
 .text.vPortEnableInterrupts
                0x10006278       0x28 src/CMakeFiles/realtime.dir/__/lib/freertos/portable/ThirdParty/GCC/RP2040/port.c.obj
                0x10006278                vPortEnableInterrupts
 .text.vPortExitCritical
                0x100062a0       0x3c src/CMakeFiles/realtime.dir/__/lib/freertos/portable/ThirdParty/GCC/RP2040/port.c.obj
                0x100062a0                vPortExitCritical
 .text.ulSetInterruptMaskFromISR
                0x100062dc        0x8 src/CMakeFiles/realtime.dir/__/lib/freertos/portable/ThirdParty/GCC/RP2040/port.c.obj
                0x100062dc                ulSetInterruptMaskFromISR
 .text.vClearInterruptMaskFromISR
                0x100062e4        0x6 src/CMakeFiles/realtime.dir/__/lib/freertos/portable/ThirdParty/GCC/RP2040/port.c.obj
                0x100062e4                vClearInterruptMaskFromISR
 *fill*         0x100062ea        0x2 
 .text.ulPortLockGetCurrentOwnerId
                0x100062ec       0x2c src/CMakeFiles/realtime.dir/__/lib/freertos/portable/ThirdParty/GCC/RP2040/port.c.obj
                0x100062ec                ulPortLockGetCurrentOwnerId
 .text.vPortLockInternalSpinUnlockWithWait
                0x10006318       0xc8 src/CMakeFiles/realtime.dir/__/lib/freertos/portable/ThirdParty/GCC/RP2040/port.c.obj
                0x10006318                vPortLockInternalSpinUnlockWithWait
 .text.vPortLockInternalSpinUnlockWithNotify
                0x100063e0       0xd0 src/CMakeFiles/realtime.dir/__/lib/freertos/portable/ThirdParty/GCC/RP2040/port.c.obj
                0x100063e0                vPortLockInternalSpinUnlockWithNotify
 .text.xPortLockInternalSpinUnlockWithBestEffortWaitOrTimeout
                0x100064b0      0x110 src/CMakeFiles/realtime.dir/__/lib/freertos/portable/ThirdParty/GCC/RP2040/port.c.obj
                0x100064b0                xPortLockInternalSpinUnlockWithBestEffortWaitOrTimeout
 .text.prvRuntimeInitializer
                0x100065c0       0x28 src/CMakeFiles/realtime.dir/__/lib/freertos/portable/ThirdParty/GCC/RP2040/port.c.obj
 .text.prvTestWaitCondition
                0x100065e8       0x1e src/CMakeFiles/realtime.dir/__/lib/freertos/event_groups.c.obj
 .text.xEventGroupCreate
                0x10006606       0x18 src/CMakeFiles/realtime.dir/__/lib/freertos/event_groups.c.obj
                0x10006606                xEventGroupCreate
 *fill*         0x1000661e        0x2 
 .text.xEventGroupWaitBits
                0x10006620      0x120 src/CMakeFiles/realtime.dir/__/lib/freertos/event_groups.c.obj
                0x10006620                xEventGroupWaitBits
 .text.xEventGroupSetBits
                0x10006740       0x9c src/CMakeFiles/realtime.dir/__/lib/freertos/event_groups.c.obj
                0x10006740                xEventGroupSetBits
 .text.vEventGroupSetBitsCallback
                0x100067dc        0x8 src/CMakeFiles/realtime.dir/__/lib/freertos/event_groups.c.obj
                0x100067dc                vEventGroupSetBitsCallback
 .text.xEventGroupSetBitsFromISR
                0x100067e4       0x18 src/CMakeFiles/realtime.dir/__/lib/freertos/event_groups.c.obj
                0x100067e4                xEventGroupSetBitsFromISR
 .text.vListInitialise
                0x100067fc       0x16 src/CMakeFiles/realtime.dir/__/lib/freertos/list.c.obj
                0x100067fc                vListInitialise
 .text.vListInsert
                0x10006812       0x2e src/CMakeFiles/realtime.dir/__/lib/freertos/list.c.obj
                0x10006812                vListInsert
 .text.uxListRemove
                0x10006840       0x24 src/CMakeFiles/realtime.dir/__/lib/freertos/list.c.obj
                0x10006840                uxListRemove
 .text.prvCopyDataToQueue
                0x10006864       0x7e src/CMakeFiles/realtime.dir/__/lib/freertos/queue.c.obj
 *fill*         0x100068e2        0x2 
 .text.prvNotifyQueueSetContainer
                0x100068e4       0xa8 src/CMakeFiles/realtime.dir/__/lib/freertos/queue.c.obj
 .text.xQueueGenericSendFromISR
                0x1000698c      0x13c src/CMakeFiles/realtime.dir/__/lib/freertos/queue.c.obj
                0x1000698c                xQueueGenericSendFromISR
 .text.prvResetNextTaskUnblockTime
                0x10006ac8       0x2c src/CMakeFiles/realtime.dir/__/lib/freertos/tasks.c.obj
 .text.prvAddCurrentTaskToDelayedList
                0x10006af4       0xa8 src/CMakeFiles/realtime.dir/__/lib/freertos/tasks.c.obj
 .text.vTaskSuspendAll
                0x10006b9c       0x10 src/CMakeFiles/realtime.dir/__/lib/freertos/tasks.c.obj
                0x10006b9c                vTaskSuspendAll
 .text.uxTaskGetNumberOfTasks
                0x10006bac        0xc src/CMakeFiles/realtime.dir/__/lib/freertos/tasks.c.obj
                0x10006bac                uxTaskGetNumberOfTasks
 .text.xTaskIncrementTick
                0x10006bb8      0x17c src/CMakeFiles/realtime.dir/__/lib/freertos/tasks.c.obj
                0x10006bb8                xTaskIncrementTick
 .text.xTaskResumeAll
                0x10006d34      0x160 src/CMakeFiles/realtime.dir/__/lib/freertos/tasks.c.obj
                0x10006d34                xTaskResumeAll
 .text.vTaskPlaceOnUnorderedEventList
                0x10006e94       0x80 src/CMakeFiles/realtime.dir/__/lib/freertos/tasks.c.obj
                0x10006e94                vTaskPlaceOnUnorderedEventList
 .text.xTaskRemoveFromEventList
                0x10006f14      0x100 src/CMakeFiles/realtime.dir/__/lib/freertos/tasks.c.obj
                0x10006f14                xTaskRemoveFromEventList
 .text.vTaskRemoveFromUnorderedEventList
                0x10007014       0xf4 src/CMakeFiles/realtime.dir/__/lib/freertos/tasks.c.obj
                0x10007014                vTaskRemoveFromUnorderedEventList
 .text.xTaskGetCurrentTaskHandle
                0x10007108        0xc src/CMakeFiles/realtime.dir/__/lib/freertos/tasks.c.obj
                0x10007108                xTaskGetCurrentTaskHandle
 .text.xTaskGetSchedulerState
                0x10007114       0x24 src/CMakeFiles/realtime.dir/__/lib/freertos/tasks.c.obj
                0x10007114                xTaskGetSchedulerState
 .text.xTaskPriorityDisinherit
                0x10007138       0xc0 src/CMakeFiles/realtime.dir/__/lib/freertos/tasks.c.obj
                0x10007138                xTaskPriorityDisinherit
 .text.uxTaskResetEventItemValue
                0x100071f8       0x18 src/CMakeFiles/realtime.dir/__/lib/freertos/tasks.c.obj
                0x100071f8                uxTaskResetEventItemValue
 .text.xTimerPendFunctionCallFromISR
                0x10007210       0x28 src/CMakeFiles/realtime.dir/__/lib/freertos/timers.c.obj
                0x10007210                xTimerPendFunctionCallFromISR
 .text.rp2040_clear_reset
                0x10007238       0x20 libcan2040.a(can2040.c.obj)
 .text.rp2040_gpio_peripheral
                0x10007258       0x34 libcan2040.a(can2040.c.obj)
 .text.pio_sync_setup
                0x1000728c       0x40 libcan2040.a(can2040.c.obj)
 .text.pio_rx_setup
                0x100072cc       0x24 libcan2040.a(can2040.c.obj)
 .text.pio_match_setup
                0x100072f0       0x34 libcan2040.a(can2040.c.obj)
 .text.pio_tx_setup
                0x10007324       0x3c libcan2040.a(can2040.c.obj)
 .text.pio_sync_normal_start_signal
                0x10007360        0xc libcan2040.a(can2040.c.obj)
 .text.pio_sync_slow_start_signal
                0x1000736c        0xc libcan2040.a(can2040.c.obj)
 .text.pio_rx_check_stall
                0x10007378        0xa libcan2040.a(can2040.c.obj)
 .text.pio_match_check
                0x10007382        0x6 libcan2040.a(can2040.c.obj)
 .text.pio_match_calc_key
                0x10007388        0xc libcan2040.a(can2040.c.obj)
 .text.pio_match_clear
                0x10007394        0xa libcan2040.a(can2040.c.obj)
 *fill*         0x1000739e        0x2 
 .text.pio_tx_reset
                0x100073a0       0x20 libcan2040.a(can2040.c.obj)
 .text.pio_tx_send
                0x100073c0       0x48 libcan2040.a(can2040.c.obj)
 .text.pio_tx_inject_ack
                0x10007408       0x50 libcan2040.a(can2040.c.obj)
 .text.pio_tx_did_fail
                0x10007458       0x42 libcan2040.a(can2040.c.obj)
 .text.pio_irq_set
                0x1000749a        0xe libcan2040.a(can2040.c.obj)
 .text.pio_irq_get
                0x100074a8        0xa libcan2040.a(can2040.c.obj)
 .text.pio_signal_set_txpending
                0x100074b2        0x8 libcan2040.a(can2040.c.obj)
 .text.pio_signal_clear_txpending
                0x100074ba        0x8 libcan2040.a(can2040.c.obj)
 *fill*         0x100074c2        0x2 
 .text.pio_sm_setup
                0x100074c4       0x58 libcan2040.a(can2040.c.obj)
 .text.pio_setup
                0x1000751c       0x66 libcan2040.a(can2040.c.obj)
 *fill*         0x10007582        0x2 
 .text.crc_byte
                0x10007584       0x1c libcan2040.a(can2040.c.obj)
 .text.crc_bytes
                0x100075a0       0x2a libcan2040.a(can2040.c.obj)
 .text.unstuf_add_bits
                0x100075ca       0x16 libcan2040.a(can2040.c.obj)
 .text.unstuf_set_count
                0x100075e0        0x8 libcan2040.a(can2040.c.obj)
 .text.unstuf_clear_state
                0x100075e8       0x14 libcan2040.a(can2040.c.obj)
 .text.unstuf_restore_state
                0x100075fc       0x16 libcan2040.a(can2040.c.obj)
 .text.unstuf_get_raw
                0x10007612        0xa libcan2040.a(can2040.c.obj)
 .text.bitstuff
                0x1000761c       0x64 libcan2040.a(can2040.c.obj)
 .text.bs_pushraw
                0x10007680       0x4a libcan2040.a(can2040.c.obj)
 .text.bs_push  0x100076ca       0x30 libcan2040.a(can2040.c.obj)
 *fill*         0x100076fa        0x2 
 .text.bs_finalize
                0x100076fc       0x34 libcan2040.a(can2040.c.obj)
 .text.tx_qpos  0x10007730        0x6 libcan2040.a(can2040.c.obj)
 .text.tx_inject_ack
                0x10007736        0xc libcan2040.a(can2040.c.obj)
 .text.tx_check_local_message
                0x10007742       0x7e libcan2040.a(can2040.c.obj)
 .text.report_callback_error
                0x100077c0       0x24 libcan2040.a(can2040.c.obj)
 .text.report_callback_rx_msg
                0x100077e4       0x16 libcan2040.a(can2040.c.obj)
 .text.report_callback_tx_msg
                0x100077fa       0x1c libcan2040.a(can2040.c.obj)
 .text.report_handle_eof
                0x10007816       0x30 libcan2040.a(can2040.c.obj)
 .text.report_is_not_in_tx
                0x10007846        0xc libcan2040.a(can2040.c.obj)
 .text.report_note_message_start
                0x10007852        0xc libcan2040.a(can2040.c.obj)
 .text.report_note_crc_start
                0x1000785e       0x4e libcan2040.a(can2040.c.obj)
 .text.report_note_crc_success
                0x100078ac       0x14 libcan2040.a(can2040.c.obj)
 .text.report_note_ack_success
                0x100078c0        0xe libcan2040.a(can2040.c.obj)
 .text.report_note_eof_success
                0x100078ce       0x1c libcan2040.a(can2040.c.obj)
 .text.report_note_discarding
                0x100078ea       0x26 libcan2040.a(can2040.c.obj)
 .text.data_state_clear_bits
                0x10007910        0xa libcan2040.a(can2040.c.obj)
 .text.data_state_go_next
                0x1000791a        0xe libcan2040.a(can2040.c.obj)
 .text.data_state_go_discard
                0x10007928       0x34 libcan2040.a(can2040.c.obj)
 .text.data_state_go_error
                0x1000795c        0xe libcan2040.a(can2040.c.obj)
 .text.data_state_line_error
                0x1000796a       0x14 libcan2040.a(can2040.c.obj)
 .text.data_state_line_passive
                0x1000797e       0x4e libcan2040.a(can2040.c.obj)
 .text.data_state_go_crc
                0x100079cc       0x5c libcan2040.a(can2040.c.obj)
 .text.data_state_go_data
                0x10007a28       0x48 libcan2040.a(can2040.c.obj)
 .text.data_state_update_start
                0x10007a70       0x16 libcan2040.a(can2040.c.obj)
 .text.data_state_update_header
                0x10007a86       0x3a libcan2040.a(can2040.c.obj)
 .text.data_state_update_ext_header
                0x10007ac0       0x4c libcan2040.a(can2040.c.obj)
 .text.data_state_update_crc
                0x10007b0c       0x2e libcan2040.a(can2040.c.obj)
 .text.data_state_update_ack
                0x10007b3a       0x2c libcan2040.a(can2040.c.obj)
 .text.data_state_update_eof0
                0x10007b66       0x2c libcan2040.a(can2040.c.obj)
 .text.data_state_update_eof1
                0x10007b92       0x3e libcan2040.a(can2040.c.obj)
 .text.data_state_update_discard
                0x10007bd0        0x8 libcan2040.a(can2040.c.obj)
 .text.unstuf_pull_bits
                0x10007bd8       0xbc libcan2040.a(can2040.c.obj)
 .text.tx_schedule_transmit
                0x10007c94       0x6a libcan2040.a(can2040.c.obj)
 .text.report_line_ackdone
                0x10007cfe       0x30 libcan2040.a(can2040.c.obj)
 .text.report_line_matched
                0x10007d2e       0x26 libcan2040.a(can2040.c.obj)
 .text.report_line_maytx
                0x10007d54       0x20 libcan2040.a(can2040.c.obj)
 .text.report_line_txpending
                0x10007d74       0x50 libcan2040.a(can2040.c.obj)
 .text.data_state_update_data0
                0x10007dc4       0x4a libcan2040.a(can2040.c.obj)
 .text.data_state_update_data1
                0x10007e0e       0x32 libcan2040.a(can2040.c.obj)
 .text.data_state_update
                0x10007e40       0x50 libcan2040.a(can2040.c.obj)
 .text.process_rx
                0x10007e90       0x46 libcan2040.a(can2040.c.obj)
 .text.can2040_pio_irq_handler
                0x10007ed6       0x54 libcan2040.a(can2040.c.obj)
                0x10007ed6                can2040_pio_irq_handler
 *fill*         0x10007f2a        0x2 
 .text.can2040_transmit
                0x10007f2c      0x1b4 libcan2040.a(can2040.c.obj)
                0x10007f2c                can2040_transmit
 .text.can2040_setup
                0x100080e0       0x2c libcan2040.a(can2040.c.obj)
                0x100080e0                can2040_setup
 .text.can2040_callback_config
                0x1000810c        0x4 libcan2040.a(can2040.c.obj)
                0x1000810c                can2040_callback_config
 .text.can2040_start
                0x10008110       0x24 libcan2040.a(can2040.c.obj)
                0x10008110                can2040_start
 .text.strlen   0x10008134       0x5c /Users/u1530331/.pico-sdk/toolchain/13_2_Rel1/bin/../lib/gcc/arm-none-eabi/13.2.1/../../../../arm-none-eabi/lib/thumb/v6-m/nofp/libg.a(libc_a-strlen-stub.o)
                0x10008134                strlen
 *(.fini)
 .fini          0x10008190        0x4 /Users/u1530331/.pico-sdk/toolchain/13_2_Rel1/bin/../lib/gcc/arm-none-eabi/13.2.1/thumb/v6-m/nofp/crti.o
                0x10008190                _fini
 *fill*         0x10008194        0x4 
 .fini.__stub   0x10008198       0xd0 linker stubs
 *crtbegin.o(.ctors)
 *crtbegin?.o(.ctors)
 *(EXCLUDE_FILE(*crtend.o *crtend?.o) .ctors)
 *(SORT_BY_NAME(.ctors.*))
 *(.ctors)
 *crtbegin.o(.dtors)
 *crtbegin?.o(.dtors)
 *(EXCLUDE_FILE(*crtend.o *crtend?.o) .dtors)
 *(SORT_BY_NAME(.dtors.*))
 *(.dtors)
                0x10008268                        . = ALIGN (0x4)
                0x10008268                        PROVIDE (__preinit_array_start = .)
 *(SORT_BY_NAME(.preinit_array.*))
 .preinit_array.00100
                0x10008268        0x4 src/CMakeFiles/realtime.dir/Users/u1530331/.pico-sdk/sdk/2.0.0/src/rp2_common/pico_runtime_init/runtime_init.c.obj
                0x10008268                __pre_init_runtime_init_early_resets
 .preinit_array.00101
                0x1000826c        0x4 src/CMakeFiles/realtime.dir/Users/u1530331/.pico-sdk/sdk/2.0.0/src/rp2_common/pico_runtime_init/runtime_init.c.obj
                0x1000826c                __pre_init_runtime_init_usb_power_down
 .preinit_array.00275
                0x10008270        0x4 src/CMakeFiles/realtime.dir/Users/u1530331/.pico-sdk/sdk/2.0.0/src/rp2_common/pico_bit_ops/bit_ops_aeabi.S.obj
 .preinit_array.00300
                0x10008274        0x4 src/CMakeFiles/realtime.dir/Users/u1530331/.pico-sdk/sdk/2.0.0/src/rp2_common/pico_mem_ops/mem_ops_aeabi.S.obj
 .preinit_array.00350
                0x10008278        0x4 src/CMakeFiles/realtime.dir/Users/u1530331/.pico-sdk/sdk/2.0.0/src/rp2_common/pico_double/double_aeabi_rp2040.S.obj
 .preinit_array.00350
                0x1000827c        0x4 src/CMakeFiles/realtime.dir/Users/u1530331/.pico-sdk/sdk/2.0.0/src/rp2_common/pico_float/float_aeabi_rp2040.S.obj
 .preinit_array.00500
                0x10008280        0x4 src/CMakeFiles/realtime.dir/Users/u1530331/.pico-sdk/sdk/2.0.0/src/rp2_common/pico_runtime_init/runtime_init.c.obj
                0x10008280                __pre_init_runtime_init_clocks
 .preinit_array.00600
                0x10008284        0x4 src/CMakeFiles/realtime.dir/Users/u1530331/.pico-sdk/sdk/2.0.0/src/rp2_common/pico_runtime_init/runtime_init.c.obj
                0x10008284                __pre_init_runtime_init_post_clock_resets
 .preinit_array.00700
                0x10008288        0x4 src/CMakeFiles/realtime.dir/Users/u1530331/.pico-sdk/sdk/2.0.0/src/rp2_common/pico_runtime_init/runtime_init.c.obj
                0x10008288                __pre_init_runtime_init_rp2040_gpio_ie_disable
 .preinit_array.01000
                0x1000828c        0x4 src/CMakeFiles/realtime.dir/Users/u1530331/.pico-sdk/sdk/2.0.0/src/rp2_common/pico_runtime_init/runtime_init.c.obj
                0x1000828c                __pre_init_runtime_init_spin_locks_reset
 .preinit_array.01100
                0x10008290        0x4 src/CMakeFiles/realtime.dir/Users/u1530331/.pico-sdk/sdk/2.0.0/src/common/pico_sync/mutex.c.obj
                0x10008290                __pre_init_runtime_init_mutex
 .preinit_array.10080
                0x10008294        0x4 src/CMakeFiles/realtime.dir/Users/u1530331/.pico-sdk/sdk/2.0.0/src/rp2_common/pico_runtime_init/runtime_init.c.obj
                0x10008294                __pre_init_runtime_init_install_ram_vector_table
 .preinit_array.11000
                0x10008298        0x4 src/CMakeFiles/realtime.dir/Users/u1530331/.pico-sdk/sdk/2.0.0/src/common/pico_time/time.c.obj
                0x10008298                __pre_init_runtime_init_default_alarm_pool
 .preinit_array.YYYYY
                0x1000829c        0x4 src/CMakeFiles/realtime.dir/Users/u1530331/.pico-sdk/sdk/2.0.0/src/rp2_common/pico_runtime/runtime.c.obj
                0x1000829c                __pre_init_first_per_core_initializer
 .preinit_array.ZZZZZ.01200
                0x100082a0        0x4 src/CMakeFiles/realtime.dir/Users/u1530331/.pico-sdk/sdk/2.0.0/src/rp2_common/hardware_irq/irq.c.obj
                0x100082a0                __pre_init_runtime_init_per_core_irq_priorities
 *(.preinit_array)
                0x100082a4                        PROVIDE (__preinit_array_end = .)
                0x100082a4                        . = ALIGN (0x4)
                0x100082a4                        PROVIDE (__init_array_start = .)
 *(SORT_BY_NAME(.init_array.*))
 *(.init_array)
 .init_array    0x100082a4        0x4 /Users/u1530331/.pico-sdk/toolchain/13_2_Rel1/bin/../lib/gcc/arm-none-eabi/13.2.1/thumb/v6-m/nofp/crtbegin.o
 .init_array    0x100082a8        0x4 src/CMakeFiles/realtime.dir/Users/u1530331/.pico-sdk/sdk/2.0.0/src/rp2_common/pico_unique_id/unique_id.c.obj
 .init_array    0x100082ac        0x4 src/CMakeFiles/realtime.dir/__/lib/freertos/portable/ThirdParty/GCC/RP2040/port.c.obj
                0x100082b0                        PROVIDE (__init_array_end = .)
                0x100082b0                        . = ALIGN (0x4)
                [!provide]                        PROVIDE (__fini_array_start = .)
 *(SORT_BY_NAME(.fini_array.*))
 *(.fini_array)
                [!provide]                        PROVIDE (__fini_array_end = .)
 *(.eh_frame*)
 .eh_frame      0x100082b0        0x0 /Users/u1530331/.pico-sdk/toolchain/13_2_Rel1/bin/../lib/gcc/arm-none-eabi/13.2.1/thumb/v6-m/nofp/crtbegin.o
                0x100082b0                        . = ALIGN (0x4)

.glue_7         0x100082b0        0x0
 .glue_7        0x100082b0        0x0 linker stubs

.glue_7t        0x100082b0        0x0
 .glue_7t       0x100082b0        0x0 linker stubs

.vfp11_veneer   0x100082b0        0x0
 .vfp11_veneer  0x100082b0        0x0 linker stubs

.v4_bx          0x100082b0        0x0
 .v4_bx         0x100082b0        0x0 linker stubs

.iplt           0x100082b0        0x0
 .iplt          0x100082b0        0x0 /Users/u1530331/.pico-sdk/toolchain/13_2_Rel1/bin/../lib/gcc/arm-none-eabi/13.2.1/thumb/v6-m/nofp/crtbegin.o

.rodata         0x100082b0     0x1fd4
 *(EXCLUDE_FILE(*libm.a: *libc.a:*lib_a-mem*.o *libgcc.a:) .rodata*)
 .rodata.send_periodic_message.str1.4
                0x100082b0     0x13fd src/CMakeFiles/realtime.dir/CAN.c.obj
                                 0x1a (size before relaxing)
 *fill*         0x100096ad        0x3 
 .rodata        0x100096b0       0x10 src/CMakeFiles/realtime.dir/CAN.c.obj
 .rodata.rp2040_chip_version.str1.4
                0x100096c0       0x7d src/CMakeFiles/realtime.dir/Users/u1530331/.pico-sdk/sdk/2.0.0/src/rp2040/pico_platform/platform.c.obj
 .rodata.__func__.0
                0x100096c0       0x14 src/CMakeFiles/realtime.dir/Users/u1530331/.pico-sdk/sdk/2.0.0/src/rp2040/pico_platform/platform.c.obj
 .rodata.panic.str1.4
                0x100096d4       0x12 src/CMakeFiles/realtime.dir/Users/u1530331/.pico-sdk/sdk/2.0.0/src/rp2_common/pico_platform_panic/panic.c.obj
 .rodata.spin_lock_claim_unused.str1.4
                0x100096d4       0x1b src/CMakeFiles/realtime.dir/Users/u1530331/.pico-sdk/sdk/2.0.0/src/rp2_common/hardware_sync/sync.c.obj
 .rodata.resolve_j_16.str1.4
                0x100096d4       0x5e src/CMakeFiles/realtime.dir/Users/u1530331/.pico-sdk/sdk/2.0.0/src/rp2_common/hardware_irq/irq.c.obj
 .rodata.make_j_16.str1.4
                0x100096d4       0x30 src/CMakeFiles/realtime.dir/Users/u1530331/.pico-sdk/sdk/2.0.0/src/rp2_common/hardware_irq/irq.c.obj
 .rodata.irq_set_exclusive_handler.str1.4
                0x100096d4       0x36 src/CMakeFiles/realtime.dir/Users/u1530331/.pico-sdk/sdk/2.0.0/src/rp2_common/hardware_irq/irq.c.obj
 .rodata.irq_add_shared_handler.str1.4
                0x100096d4       0xd2 src/CMakeFiles/realtime.dir/Users/u1530331/.pico-sdk/sdk/2.0.0/src/rp2_common/hardware_irq/irq.c.obj
 .rodata.irq_add_tail_to_free_list.str1.4
                0x100096d4       0x3a src/CMakeFiles/realtime.dir/Users/u1530331/.pico-sdk/sdk/2.0.0/src/rp2_common/hardware_irq/irq.c.obj
 .rodata.user_irq_claim_unused.str1.4
                0x100096d4       0x1b src/CMakeFiles/realtime.dir/Users/u1530331/.pico-sdk/sdk/2.0.0/src/rp2_common/hardware_irq/irq.c.obj
 .rodata.__func__.0
                0x100096d4       0x1a src/CMakeFiles/realtime.dir/Users/u1530331/.pico-sdk/sdk/2.0.0/src/rp2_common/hardware_irq/irq.c.obj
 *fill*         0x100096ee        0x2 
 .rodata.__func__.3
                0x100096f0        0xa src/CMakeFiles/realtime.dir/Users/u1530331/.pico-sdk/sdk/2.0.0/src/rp2_common/hardware_irq/irq.c.obj
 *fill*         0x100096fa        0x2 
 .rodata.__func__.4
                0x100096fc        0xd src/CMakeFiles/realtime.dir/Users/u1530331/.pico-sdk/sdk/2.0.0/src/rp2_common/hardware_irq/irq.c.obj
 *fill*         0x10009709        0x3 
 .rodata.__func__.5
                0x1000970c       0x17 src/CMakeFiles/realtime.dir/Users/u1530331/.pico-sdk/sdk/2.0.0/src/rp2_common/hardware_irq/irq.c.obj
 *fill*         0x10009723        0x1 
 .rodata.__func__.6
                0x10009724       0x1a src/CMakeFiles/realtime.dir/Users/u1530331/.pico-sdk/sdk/2.0.0/src/rp2_common/hardware_irq/irq.c.obj
 .rodata.runtime_init_mutex.str1.4
                0x1000973e       0x61 src/CMakeFiles/realtime.dir/Users/u1530331/.pico-sdk/sdk/2.0.0/src/common/pico_sync/mutex.c.obj
 .rodata.str1.4
                0x1000973e       0x51 src/CMakeFiles/realtime.dir/Users/u1530331/.pico-sdk/sdk/2.0.0/src/common/pico_sync/mutex.c.obj
 *fill*         0x1000973e        0x2 
 .rodata.__func__.1
                0x10009740        0xb src/CMakeFiles/realtime.dir/Users/u1530331/.pico-sdk/sdk/2.0.0/src/common/pico_sync/mutex.c.obj
 *fill*         0x1000974b        0x1 
 .rodata.__func__.3
                0x1000974c       0x18 src/CMakeFiles/realtime.dir/Users/u1530331/.pico-sdk/sdk/2.0.0/src/common/pico_sync/mutex.c.obj
 .rodata.__func__.6
                0x10009764       0x13 src/CMakeFiles/realtime.dir/Users/u1530331/.pico-sdk/sdk/2.0.0/src/common/pico_sync/mutex.c.obj
 .rodata.alarm_pool_irq_handler.str1.4
                0x10009777       0x6c src/CMakeFiles/realtime.dir/Users/u1530331/.pico-sdk/sdk/2.0.0/src/common/pico_time/time.c.obj
 .rodata.alarm_pool_get_default.str1.4
                0x10009777       0x21 src/CMakeFiles/realtime.dir/Users/u1530331/.pico-sdk/sdk/2.0.0/src/common/pico_time/time.c.obj
 .rodata.sleep_until.str1.4
                0x10009777       0x4d src/CMakeFiles/realtime.dir/Users/u1530331/.pico-sdk/sdk/2.0.0/src/common/pico_time/time.c.obj
 *fill*         0x10009777        0x1 
 .rodata.__func__.1
                0x10009778       0x17 src/CMakeFiles/realtime.dir/Users/u1530331/.pico-sdk/sdk/2.0.0/src/common/pico_time/time.c.obj
 *fill*         0x1000978f        0x1 
 .rodata.__func__.2
                0x10009790       0x17 src/CMakeFiles/realtime.dir/Users/u1530331/.pico-sdk/sdk/2.0.0/src/common/pico_time/time.c.obj
 .rodata.timer_hardware_alarm_claim.str1.4
                0x100097a7       0x22 src/CMakeFiles/realtime.dir/Users/u1530331/.pico-sdk/sdk/2.0.0/src/rp2_common/hardware_timer/timer.c.obj
 .rodata.pll_init.str1.4
                0x100097a7      0x11c src/CMakeFiles/realtime.dir/Users/u1530331/.pico-sdk/sdk/2.0.0/src/rp2_common/hardware_pll/pll.c.obj
 *fill*         0x100097a7        0x1 
 .rodata.__func__.0
                0x100097a8        0x9 src/CMakeFiles/realtime.dir/Users/u1530331/.pico-sdk/sdk/2.0.0/src/rp2_common/hardware_pll/pll.c.obj
 .rodata.missing_double_func_shim.str1.4
                0x100097b1       0x18 src/CMakeFiles/realtime.dir/Users/u1530331/.pico-sdk/sdk/2.0.0/src/rp2_common/pico_double/double_init_rom_rp2040.c.obj
 .rodata.__aeabi_double_init.str1.4
                0x100097b1       0x9c src/CMakeFiles/realtime.dir/Users/u1530331/.pico-sdk/sdk/2.0.0/src/rp2_common/pico_double/double_init_rom_rp2040.c.obj
 *fill*         0x100097b1        0x3 
 .rodata.__func__.0
                0x100097b4       0x14 src/CMakeFiles/realtime.dir/Users/u1530331/.pico-sdk/sdk/2.0.0/src/rp2_common/pico_double/double_init_rom_rp2040.c.obj
 .rodata.missing_float_func_shim.str1.4
                0x100097c8        0x1 src/CMakeFiles/realtime.dir/Users/u1530331/.pico-sdk/sdk/2.0.0/src/rp2_common/pico_float/float_init_rom_rp2040.c.obj
 .rodata.__aeabi_float_init.str1.4
                0x100097c8       0x8a src/CMakeFiles/realtime.dir/Users/u1530331/.pico-sdk/sdk/2.0.0/src/rp2_common/pico_float/float_init_rom_rp2040.c.obj
 .rodata.__func__.0
                0x100097c8       0x13 src/CMakeFiles/realtime.dir/Users/u1530331/.pico-sdk/sdk/2.0.0/src/rp2_common/pico_float/float_init_rom_rp2040.c.obj
 .rodata.str1.4
                0x100097db       0x30 src/CMakeFiles/realtime.dir/Users/u1530331/.pico-sdk/sdk/2.0.0/src/rp2_common/pico_standard_binary_info/standard_binary_info.c.obj
 *fill*         0x100097db        0x1 
 .rodata.__bi_84
                0x100097dc        0xc src/CMakeFiles/realtime.dir/Users/u1530331/.pico-sdk/sdk/2.0.0/src/rp2_common/pico_standard_binary_info/standard_binary_info.c.obj
 .rodata.__bi_60
                0x100097e8        0xc src/CMakeFiles/realtime.dir/Users/u1530331/.pico-sdk/sdk/2.0.0/src/rp2_common/pico_standard_binary_info/standard_binary_info.c.obj
 .rodata.__bi_54
                0x100097f4        0xc src/CMakeFiles/realtime.dir/Users/u1530331/.pico-sdk/sdk/2.0.0/src/rp2_common/pico_standard_binary_info/standard_binary_info.c.obj
 .rodata.__bi_48
                0x10009800        0xc src/CMakeFiles/realtime.dir/Users/u1530331/.pico-sdk/sdk/2.0.0/src/rp2_common/pico_standard_binary_info/standard_binary_info.c.obj
 .rodata.__bi_42
                0x1000980c        0xc src/CMakeFiles/realtime.dir/Users/u1530331/.pico-sdk/sdk/2.0.0/src/rp2_common/pico_standard_binary_info/standard_binary_info.c.obj
 .rodata.__bi_34
                0x10009818        0xc src/CMakeFiles/realtime.dir/Users/u1530331/.pico-sdk/sdk/2.0.0/src/rp2_common/pico_standard_binary_info/standard_binary_info.c.obj
 .rodata.__bi_26
                0x10009824        0xc src/CMakeFiles/realtime.dir/Users/u1530331/.pico-sdk/sdk/2.0.0/src/rp2_common/pico_standard_binary_info/standard_binary_info.c.obj
 .rodata._ftoa.str1.4
                0x10009830       0x15 src/CMakeFiles/realtime.dir/Users/u1530331/.pico-sdk/sdk/2.0.0/src/rp2_common/pico_printf/printf.c.obj
 .rodata._vsnprintf
                0x10009830      0x19c src/CMakeFiles/realtime.dir/Users/u1530331/.pico-sdk/sdk/2.0.0/src/rp2_common/pico_printf/printf.c.obj
 *fill*         0x100099cc        0x4 
 .rodata.pow10.0
                0x100099d0       0x50 src/CMakeFiles/realtime.dir/Users/u1530331/.pico-sdk/sdk/2.0.0/src/rp2_common/pico_printf/printf.c.obj
 .rodata.__assert_func.str1.4
                0x10009a20       0x43 src/CMakeFiles/realtime.dir/Users/u1530331/.pico-sdk/sdk/2.0.0/src/rp2_common/pico_clib_interface/newlib_interface.c.obj
 .rodata.crlf_str.0
                0x10009a20        0x2 src/CMakeFiles/realtime.dir/Users/u1530331/.pico-sdk/sdk/2.0.0/src/rp2_common/pico_stdio/stdio.c.obj
 *fill*         0x10009a22        0x2 
 .rodata._resetd_driver
                0x10009a24       0x20 src/CMakeFiles/realtime.dir/Users/u1530331/.pico-sdk/sdk/2.0.0/src/rp2_common/pico_stdio_usb/reset_interface.c.obj
 .rodata.desc_ms_os_20
                0x10009a44       0xa6 src/CMakeFiles/realtime.dir/Users/u1530331/.pico-sdk/sdk/2.0.0/src/rp2_common/pico_stdio_usb/reset_interface.c.obj
 *fill*         0x10009aea        0x2 
 .rodata.desc_bos
                0x10009aec       0x21 src/CMakeFiles/realtime.dir/Users/u1530331/.pico-sdk/sdk/2.0.0/src/rp2_common/pico_stdio_usb/reset_interface.c.obj
                0x10009aec                desc_bos
 .rodata.stdio_usb_init.str1.4
                0x10009b0d       0x56 src/CMakeFiles/realtime.dir/Users/u1530331/.pico-sdk/sdk/2.0.0/src/rp2_common/pico_stdio_usb/stdio_usb.c.obj
 .rodata.str1.4
                0x10009b0d       0x13 src/CMakeFiles/realtime.dir/Users/u1530331/.pico-sdk/sdk/2.0.0/src/rp2_common/pico_stdio_usb/stdio_usb.c.obj
 *fill*         0x10009b0d        0x3 
 .rodata.__bi_197.1
                0x10009b10        0xc src/CMakeFiles/realtime.dir/Users/u1530331/.pico-sdk/sdk/2.0.0/src/rp2_common/pico_stdio_usb/stdio_usb.c.obj
 .rodata.__func__.2
                0x10009b1c        0xf src/CMakeFiles/realtime.dir/Users/u1530331/.pico-sdk/sdk/2.0.0/src/rp2_common/pico_stdio_usb/stdio_usb.c.obj
 .rodata.str1.4
                0x10009b2b       0x2a src/CMakeFiles/realtime.dir/Users/u1530331/.pico-sdk/sdk/2.0.0/src/rp2_common/pico_stdio_usb/stdio_usb_descriptors.c.obj
 *fill*         0x10009b2b        0x1 
 .rodata.usbd_desc_str
                0x10009b2c       0x18 src/CMakeFiles/realtime.dir/Users/u1530331/.pico-sdk/sdk/2.0.0/src/rp2_common/pico_stdio_usb/stdio_usb_descriptors.c.obj
 .rodata.usbd_desc_cfg