Archive member included to satisfy reference by file (symbol)

libcan2040.a(can2040.c.obj)   src/CMakeFiles/realtime.dir/CAN.c.obj (can2040_pio_irq_handler)
/Users/u1530331/.pico-sdk/toolchain/13_2_Rel1/bin/../lib/gcc/arm-none-eabi/13.2.1/thumb/v6-m/nofp/libgcc.a(_dvmd_tls.o)
                              src/CMakeFiles/realtime.dir/Users/u1530331/.pico-sdk/sdk/2.0.0/src/rp2_common/pico_divider/divider_hardware.S.obj (__aeabi_idiv0)
/Users/u1530331/.pico-sdk/toolchain/13_2_Rel1/bin/../lib/gcc/arm-none-eabi/13.2.1/../../../../arm-none-eabi/lib/thumb/v6-m/nofp/libg.a(libc_a-calloc.o)
                              src/CMakeFiles/realtime.dir/Users/u1530331/.pico-sdk/sdk/2.0.0/src/rp2_common/pico_malloc/malloc.c.obj (calloc)
/Users/u1530331/.pico-sdk/toolchain/13_2_Rel1/bin/../lib/gcc/arm-none-eabi/13.2.1/../../../../arm-none-eabi/lib/thumb/v6-m/nofp/libg.a(libc_a-callocr.o)
                              /Users/u1530331/.pico-sdk/toolchain/13_2_Rel1/bin/../lib/gcc/arm-none-eabi/13.2.1/../../../../arm-none-eabi/lib/thumb/v6-m/nofp/libg.a(libc_a-calloc.o) (_calloc_r)
/Users/u1530331/.pico-sdk/toolchain/13_2_Rel1/bin/../lib/gcc/arm-none-eabi/13.2.1/../../../../arm-none-eabi/lib/thumb/v6-m/nofp/libg.a(libc_a-malloc.o)
                              src/CMakeFiles/realtime.dir/Users/u1530331/.pico-sdk/sdk/2.0.0/src/rp2_common/pico_malloc/malloc.c.obj (malloc)
/Users/u1530331/.pico-sdk/toolchain/13_2_Rel1/bin/../lib/gcc/arm-none-eabi/13.2.1/../../../../arm-none-eabi/lib/thumb/v6-m/nofp/libg.a(libc_a-mallocr.o)
                              /Users/u1530331/.pico-sdk/toolchain/13_2_Rel1/bin/../lib/gcc/arm-none-eabi/13.2.1/../../../../arm-none-eabi/lib/thumb/v6-m/nofp/libg.a(libc_a-callocr.o) (_malloc_r)
/Users/u1530331/.pico-sdk/toolchain/13_2_Rel1/bin/../lib/gcc/arm-none-eabi/13.2.1/../../../../arm-none-eabi/lib/thumb/v6-m/nofp/libg.a(libc_a-mlock.o)
                              /Users/u1530331/.pico-sdk/toolchain/13_2_Rel1/bin/../lib/gcc/arm-none-eabi/13.2.1/../../../../arm-none-eabi/lib/thumb/v6-m/nofp/libg.a(libc_a-mallocr.o) (__malloc_lock)
/Users/u1530331/.pico-sdk/toolchain/13_2_Rel1/bin/../lib/gcc/arm-none-eabi/13.2.1/../../../../arm-none-eabi/lib/thumb/v6-m/nofp/libg.a(libc_a-realloc.o)
                              src/CMakeFiles/realtime.dir/Users/u1530331/.pico-sdk/sdk/2.0.0/src/rp2_common/pico_malloc/malloc.c.obj (realloc)
/Users/u1530331/.pico-sdk/toolchain/13_2_Rel1/bin/../lib/gcc/arm-none-eabi/13.2.1/../../../../arm-none-eabi/lib/thumb/v6-m/nofp/libg.a(libc_a-reallocr.o)
                              /Users/u1530331/.pico-sdk/toolchain/13_2_Rel1/bin/../lib/gcc/arm-none-eabi/13.2.1/../../../../arm-none-eabi/lib/thumb/v6-m/nofp/libg.a(libc_a-realloc.o) (_realloc_r)
/Users/u1530331/.pico-sdk/toolchain/13_2_Rel1/bin/../lib/gcc/arm-none-eabi/13.2.1/../../../../arm-none-eabi/lib/thumb/v6-m/nofp/libg.a(libc_a-memcmp.o)
                              src/CMakeFiles/realtime.dir/Users/u1530331/.pico-sdk/sdk/2.0.0/src/rp2_common/pico_atomic/atomic.c.obj (memcmp)
/Users/u1530331/.pico-sdk/toolchain/13_2_Rel1/bin/../lib/gcc/arm-none-eabi/13.2.1/../../../../arm-none-eabi/lib/thumb/v6-m/nofp/libg.a(libc_a-memmove.o)
                              src/CMakeFiles/realtime.dir/Users/u1530331/.pico-sdk/sdk/2.0.0/lib/cyw43-driver/src/cyw43_ll.c.obj (memmove)
/Users/u1530331/.pico-sdk/toolchain/13_2_Rel1/bin/../lib/gcc/arm-none-eabi/13.2.1/../../../../arm-none-eabi/lib/thumb/v6-m/nofp/libg.a(libc_a-strncmp.o)
                              src/CMakeFiles/realtime.dir/Users/u1530331/.pico-sdk/sdk/2.0.0/lib/cyw43-driver/src/cyw43_ll.c.obj (strncmp)
/Users/u1530331/.pico-sdk/toolchain/13_2_Rel1/bin/../lib/gcc/arm-none-eabi/13.2.1/../../../../arm-none-eabi/lib/thumb/v6-m/nofp/libg.a(libc_a-lcltime_r.o)
                              src/CMakeFiles/realtime.dir/Users/u1530331/.pico-sdk/sdk/2.0.0/src/common/pico_util/datetime.c.obj (localtime_r)
/Users/u1530331/.pico-sdk/toolchain/13_2_Rel1/bin/../lib/gcc/arm-none-eabi/13.2.1/../../../../arm-none-eabi/lib/thumb/v6-m/nofp/libg.a(libc_a-mktime.o)
                              src/CMakeFiles/realtime.dir/Users/u1530331/.pico-sdk/sdk/2.0.0/src/common/pico_util/datetime.c.obj (mktime)
/Users/u1530331/.pico-sdk/toolchain/13_2_Rel1/bin/../lib/gcc/arm-none-eabi/13.2.1/../../../../arm-none-eabi/lib/thumb/v6-m/nofp/libg.a(libc_a-month_lengths.o)
                              /Users/u1530331/.pico-sdk/toolchain/13_2_Rel1/bin/../lib/gcc/arm-none-eabi/13.2.1/../../../../arm-none-eabi/lib/thumb/v6-m/nofp/libg.a(libc_a-lcltime_r.o) (__month_lengths)
/Users/u1530331/.pico-sdk/toolchain/13_2_Rel1/bin/../lib/gcc/arm-none-eabi/13.2.1/../../../../arm-none-eabi/lib/thumb/v6-m/nofp/libg.a(libc_a-tzcalc_limits.o)
                              /Users/u1530331/.pico-sdk/toolchain/13_2_Rel1/bin/../lib/gcc/arm-none-eabi/13.2.1/../../../../arm-none-eabi/lib/thumb/v6-m/nofp/libg.a(libc_a-lcltime_r.o) (__tzcalc_limits)
[...]
Memory Configuration

Name             Origin             Length             Attributes
FLASH            0x10000000         0x00200000         xr
RAM              0x20000000         0x00040000         xrw
SCRATCH_X        0x20040000         0x00001000         xrw
SCRATCH_Y        0x20041000         0x00001000         xrw
*default*        0x00000000         0xffffffff

Linker script and memory map

LOAD /Users/u1530331/.pico-sdk/toolchain/13_2_Rel1/bin/../lib/gcc/arm-none-eabi/13.2.1/thumb/v6-m/nofp/crti.o
LOAD /Users/u1530331/.pico-sdk/toolchain/13_2_Rel1/bin/../lib/gcc/arm-none-eabi/13.2.1/thumb/v6-m/nofp/crtbegin.o
LOAD /Users/u1530331/.pico-sdk/toolchain/13_2_Rel1/bin/../lib/gcc/arm-none-eabi/13.2.1/../../../../arm-none-eabi/lib/thumb/v6-m/nofp/crt0.o

.flash_begin    0x10000000        0x0
                0x10000000                        __flash_binary_start = .

.boot2          0x10000000      0x100
                0x10000000                        __boot2_start__ = .
 *(.boot2)
 .boot2         0x10000000      0x100 /var/folders/8g/5pj4j5hd6zvcqm75m0mwrkvh0000gr/T//ccwF27Zb.o
                0x10000100                        __boot2_end__ = .
                0x00000001                        ASSERT (((__boot2_end__ - __boot2_start__) == 0x100), ERROR: Pico second stage bootloader must be 256 bytes in size)

.text           0x10000100     0x90e8
                0x10000100                        __logical_binary_start = .
 *(.vectors)
 .vectors       0x10000100       0xd4 src/CMakeFiles/realtime.dir/Users/u1530331/.pico-sdk/sdk/2.0.0/src/rp2_common/pico_crt0/crt0.S.obj
                0x10000100                __VECTOR_TABLE
                0x10000100                __vectors
                0x100001c0                __default_isrs_start
                0x100001c0                isr_invalid
                0x100001c2                isr_nmi
                0x100001c4                isr_hardfault
                0x100001c6                isr_svcall
                0x100001c8                isr_pendsv
                0x100001ca                isr_systick
                0x100001cc                isr_irq28
                0x100001cc                isr_irq19
                0x100001cc                isr_irq0
                0x100001cc                isr_irq6
                0x100001cc                isr_irq22
                0x100001cc                isr_irq17
                0x100001cc                isr_irq14
                0x100001cc                isr_irq2
                0x100001cc                isr_irq10
                0x100001cc                isr_irq8
                0x100001cc                isr_irq24
                0x100001cc                isr_irq1
                0x100001cc                isr_irq7
                0x100001cc                isr_irq21
                0x100001cc                isr_irq20
                0x100001cc                isr_irq15
                0x100001cc                isr_irq25
                0x100001cc                isr_irq4
                0x100001cc                isr_irq16
                0x100001cc                isr_irq29
                0x100001cc                isr_irq26
                0x100001cc                __default_isrs_end
                0x100001cc                isr_irq3
                0x100001cc                isr_irq9
                0x100001cc                __unhandled_user_irq
                0x100001cc                isr_irq13
                0x100001cc                isr_irq27
                0x100001cc                isr_irq31
                0x100001cc                isr_irq5
                0x100001cc                isr_irq11
                0x100001cc                isr_irq23
                0x100001cc                isr_irq18
                0x100001cc                isr_irq30
                0x100001cc                isr_irq12
                0x100001d2                unhandled_user_irq_num_in_r0
 *(.binary_info_header)
 .binary_info_header
                0x100001d4       0x14 src/CMakeFiles/realtime.dir/Users/u1530331/.pico-sdk/sdk/2.0.0/src/rp2_common/pico_crt0/crt0.S.obj
                0x100001e8                        __binary_info_header_end = .
 *(.embedded_block)
                0x100001e8                        __embedded_block_end = .
 *(.reset)
 .reset         0x100001e8       0x9c src/CMakeFiles/realtime.dir/Users/u1530331/.pico-sdk/sdk/2.0.0/src/rp2_common/pico_crt0/crt0.S.obj
                0x100001e8                _entry_point
 *(.init)
 .init          0x10000284        0x4 /Users/u1530331/.pico-sdk/toolchain/13_2_Rel1/bin/../lib/gcc/arm-none-eabi/13.2.1/thumb/v6-m/nofp/crti.o
                0x10000284                _init
 *(EXCLUDE_FILE(*libm.a: *libc.a:*lib_a-mem*.o *libgcc.a:) .text*)
 .text.register_tm_clones
                0x10000288       0x28 /Users/u1530331/.pico-sdk/toolchain/13_2_Rel1/bin/../lib/gcc/arm-none-eabi/13.2.1/thumb/v6-m/nofp/crtbegin.o
 .text.frame_dummy
                0x100002b0       0x24 /Users/u1530331/.pico-sdk/toolchain/13_2_Rel1/bin/../lib/gcc/arm-none-eabi/13.2.1/thumb/v6-m/nofp/crtbegin.o
 .text.PIOx_IRQHandler
                0x100002d4       0x10 src/CMakeFiles/realtime.dir/CAN.c.obj
 .text.can2040_cb
                0x100002e4       0x24 src/CMakeFiles/realtime.dir/CAN.c.obj
 .text.receive  0x10000308       0x24 src/CMakeFiles/realtime.dir/CAN.c.obj
                0x10000308                receive
 .text.canbus_setup
                0x1000032c       0x58 src/CMakeFiles/realtime.dir/CAN.c.obj
                0x1000032c                canbus_setup
 .text.main     0x10000384       0x48 src/CMakeFiles/realtime.dir/CAN.c.obj
                0x10000384                main
 .text.rp2040_chip_version
                0x100003cc       0x54 src/CMakeFiles/realtime.dir/Users/u1530331/.pico-sdk/sdk/2.0.0/src/rp2040/pico_platform/platform.c.obj
                0x100003cc                rp2040_chip_version
 .text.panic    0x10000420       0x30 src/CMakeFiles/realtime.dir/Users/u1530331/.pico-sdk/sdk/2.0.0/src/rp2_common/pico_platform_panic/panic.c.obj
                0x10000420                panic
 .text.panic_unsupported
                0x10000450        0xc src/CMakeFiles/realtime.dir/Users/u1530331/.pico-sdk/sdk/2.0.0/src/rp2_common/pico_platform_panic/panic.c.obj
                0x10000450                panic_unsupported
 .text.hw_claim_lock
                0x1000045c       0x18 src/CMakeFiles/realtime.dir/Users/u1530331/.pico-sdk/sdk/2.0.0/src/common/hardware_claim/claim.c.obj
                0x1000045c                hw_claim_lock
 .text.hw_claim_unlock
                0x10000474       0x14 src/CMakeFiles/realtime.dir/Users/u1530331/.pico-sdk/sdk/2.0.0/src/common/hardware_claim/claim.c.obj
                0x10000474                hw_claim_unlock
 .text.hw_claim_or_assert
                0x10000488       0x32 src/CMakeFiles/realtime.dir/Users/u1530331/.pico-sdk/sdk/2.0.0/src/common/hardware_claim/claim.c.obj
                0x10000488                hw_claim_or_assert
 .text.hw_claim_unused_from_range
                0x100004ba       0x50 src/CMakeFiles/realtime.dir/Users/u1530331/.pico-sdk/sdk/2.0.0/src/common/hardware_claim/claim.c.obj
                0x100004ba                hw_claim_unused_from_range
 *fill*         0x1000050a        0x2 
 .text.next_striped_spin_lock_num
                0x1000050c       0x1c src/CMakeFiles/realtime.dir/Users/u1530331/.pico-sdk/sdk/2.0.0/src/rp2_common/hardware_sync/sync.c.obj
                0x1000050c                next_striped_spin_lock_num
 .text.spin_lock_claim_unused
                0x10000528       0x24 src/CMakeFiles/realtime.dir/Users/u1530331/.pico-sdk/sdk/2.0.0/src/rp2_common/hardware_sync/sync.c.obj
                0x10000528                spin_lock_claim_unused
 .text.spin_locks_reset
                0x1000054c       0x20 src/CMakeFiles/realtime.dir/Users/u1530331/.pico-sdk/sdk/2.0.0/src/rp2_common/hardware_sync_spin_lock/sync_spin_lock.c.obj
                0x1000054c                spin_locks_reset
 .text.set_raw_irq_handler_and_unlock
                0x1000056c       0x28 src/CMakeFiles/realtime.dir/Users/u1530331/.pico-sdk/sdk/2.0.0/src/rp2_common/hardware_irq/irq.c.obj
 .text.nvic_ipr0
                0x10000594        0x8 src/CMakeFiles/realtime.dir/Users/u1530331/.pico-sdk/sdk/2.0.0/src/rp2_common/hardware_irq/irq.c.obj
 .text.runtime_init_per_core_irq_priorities
                0x1000059c       0x1c src/CMakeFiles/realtime.dir/Users/u1530331/.pico-sdk/sdk/2.0.0/src/rp2_common/hardware_irq/irq.c.obj
                0x1000059c                runtime_init_per_core_irq_priorities
 .text.resolve_j_16
                0x100005b8       0x30 src/CMakeFiles/realtime.dir/Users/u1530331/.pico-sdk/sdk/2.0.0/src/rp2_common/hardware_irq/irq.c.obj
 .text.make_j_16
                0x100005e8       0x48 src/CMakeFiles/realtime.dir/Users/u1530331/.pico-sdk/sdk/2.0.0/src/rp2_common/hardware_irq/irq.c.obj
 .text.irq_is_enabled
                0x10000630       0x18 src/CMakeFiles/realtime.dir/Users/u1530331/.pico-sdk/sdk/2.0.0/src/rp2_common/hardware_irq/irq.c.obj
                0x10000630                irq_is_enabled
 .text.irq_set_mask_n_enabled
                0x10000648       0x1c src/CMakeFiles/realtime.dir/Users/u1530331/.pico-sdk/sdk/2.0.0/src/rp2_common/hardware_irq/irq.c.obj
                0x10000648                irq_set_mask_n_enabled
 .text.irq_set_enabled
                0x10000664       0x14 src/CMakeFiles/realtime.dir/Users/u1530331/.pico-sdk/sdk/2.0.0/src/rp2_common/hardware_irq/irq.c.obj
                0x10000664                irq_set_enabled
 .text.irq_set_pending
                0x10000678       0x10 src/CMakeFiles/realtime.dir/Users/u1530331/.pico-sdk/sdk/2.0.0/src/rp2_common/hardware_irq/irq.c.obj
                0x10000678                irq_set_pending
 .text.irq_get_vtable_handler
                0x10000688       0x10 src/CMakeFiles/realtime.dir/Users/u1530331/.pico-sdk/sdk/2.0.0/src/rp2_common/hardware_irq/irq.c.obj
                0x10000688                irq_get_vtable_handler
 .text.irq_has_shared_handler
                0x10000698       0x24 src/CMakeFiles/realtime.dir/Users/u1530331/.pico-sdk/sdk/2.0.0/src/rp2_common/hardware_irq/irq.c.obj
                0x10000698                irq_has_shared_handler
 .text.irq_set_exclusive_handler
                0x100006bc       0x54 src/CMakeFiles/realtime.dir/Users/u1530331/.pico-sdk/sdk/2.0.0/src/rp2_common/hardware_irq/irq.c.obj
                0x100006bc                irq_set_exclusive_handler
 .text.irq_add_shared_handler
                0x10000710      0x218 src/CMakeFiles/realtime.dir/Users/u1530331/.pico-sdk/sdk/2.0.0/src/rp2_common/hardware_irq/irq.c.obj
                0x10000710                irq_add_shared_handler
 .text.irq_set_priority
                0x10000928       0x26 src/CMakeFiles/realtime.dir/Users/u1530331/.pico-sdk/sdk/2.0.0/src/rp2_common/hardware_irq/irq.c.obj
                0x10000928                irq_set_priority
 *fill*         0x1000094e        0x2 
 .text.irq_add_tail_to_free_list
                0x10000950       0xf4 src/CMakeFiles/realtime.dir/Users/u1530331/.pico-sdk/sdk/2.0.0/src/rp2_common/hardware_irq/irq.c.obj
                0x10000950                irq_add_tail_to_free_list
 .text.user_irq_claim_unused
                0x10000a44       0x2c src/CMakeFiles/realtime.dir/Users/u1530331/.pico-sdk/sdk/2.0.0/src/rp2_common/hardware_irq/irq.c.obj
                0x10000a44                user_irq_claim_unused
 .text.lock_init
                0x10000a70       0x10 src/CMakeFiles/realtime.dir/Users/u1530331/.pico-sdk/sdk/2.0.0/src/common/pico_sync/lock_core.c.obj
                0x10000a70                lock_init
 .text.mutex_init
                0x10000a80       0x1c src/CMakeFiles/realtime.dir/Users/u1530331/.pico-sdk/sdk/2.0.0/src/common/pico_sync/mutex.c.obj
                0x10000a80                mutex_init
 .text.recursive_mutex_init
                0x10000a9c       0x20 src/CMakeFiles/realtime.dir/Users/u1530331/.pico-sdk/sdk/2.0.0/src/common/pico_sync/mutex.c.obj
                0x10000a9c                recursive_mutex_init
 .text.runtime_init_mutex
                0x10000abc       0x4c src/CMakeFiles/realtime.dir/Users/u1530331/.pico-sdk/sdk/2.0.0/src/common/pico_sync/mutex.c.obj
                0x10000abc                runtime_init_mutex
 .text.critical_section_init_with_lock_num
                0x10000b08       0x14 src/CMakeFiles/realtime.dir/Users/u1530331/.pico-sdk/sdk/2.0.0/src/common/pico_sync/critical_section.c.obj
                0x10000b08                critical_section_init_with_lock_num
 .text.critical_section_init
                0x10000b1c       0x14 src/CMakeFiles/realtime.dir/Users/u1530331/.pico-sdk/sdk/2.0.0/src/common/pico_sync/critical_section.c.obj
                0x10000b1c                critical_section_init
 .text.make_alarm_id
                0x10000b30        0x6 src/CMakeFiles/realtime.dir/Users/u1530331/.pico-sdk/sdk/2.0.0/src/common/pico_time/time.c.obj
 *fill*         0x10000b36        0x2 
 .text.alarm_pool_irq_handler
                0x10000b38      0x2e0 src/CMakeFiles/realtime.dir/Users/u1530331/.pico-sdk/sdk/2.0.0/src/common/pico_time/time.c.obj
 .text.ta_enable_irq_handler
                0x10000e18       0x2c src/CMakeFiles/realtime.dir/Users/u1530331/.pico-sdk/sdk/2.0.0/src/common/pico_time/time.c.obj
 .text.alarm_pool_post_alloc_init
                0x10000e44       0x78 src/CMakeFiles/realtime.dir/Users/u1530331/.pico-sdk/sdk/2.0.0/src/common/pico_time/time.c.obj
 .text.sleep_until_callback
                0x10000ebc       0x28 src/CMakeFiles/realtime.dir/Users/u1530331/.pico-sdk/sdk/2.0.0/src/common/pico_time/time.c.obj
 .text.alarm_pool_get_default
                0x10000ee4       0x2c src/CMakeFiles/realtime.dir/Users/u1530331/.pico-sdk/sdk/2.0.0/src/common/pico_time/time.c.obj
                0x10000ee4                alarm_pool_get_default
 .text.alarm_pool_add_alarm_at_force_in_context
                0x10000f10       0xa4 src/CMakeFiles/realtime.dir/Users/u1530331/.pico-sdk/sdk/2.0.0/src/common/pico_time/time.c.obj
                0x10000f10                alarm_pool_add_alarm_at_force_in_context
 .text.alarm_pool_add_alarm_at
                0x10000fb4       0x3c src/CMakeFiles/realtime.dir/Users/u1530331/.pico-sdk/sdk/2.0.0/src/common/pico_time/time.c.obj
                0x10000fb4                alarm_pool_add_alarm_at
 .text.add_alarm_at
                0x10000ff0       0x2e src/CMakeFiles/realtime.dir/Users/u1530331/.pico-sdk/sdk/2.0.0/src/common/pico_time/time.c.obj
 *fill*         0x1000101e        0x2 
 .text.alarm_pool_cancel_alarm
                0x10001020       0x78 src/CMakeFiles/realtime.dir/Users/u1530331/.pico-sdk/sdk/2.0.0/src/common/pico_time/time.c.obj
                0x10001020                alarm_pool_cancel_alarm
 .text.cancel_alarm
                0x10001098       0x10 src/CMakeFiles/realtime.dir/Users/u1530331/.pico-sdk/sdk/2.0.0/src/common/pico_time/time.c.obj
 .text.alarm_pool_core_num
                0x100010a8        0x4 src/CMakeFiles/realtime.dir/Users/u1530331/.pico-sdk/sdk/2.0.0/src/common/pico_time/time.c.obj
                0x100010a8                alarm_pool_core_num
 .text.best_effort_wfe_or_timeout
                0x100010ac       0xc4 src/CMakeFiles/realtime.dir/Users/u1530331/.pico-sdk/sdk/2.0.0/src/common/pico_time/time.c.obj
                0x100010ac                best_effort_wfe_or_timeout
 .text.alarm_pool_get_default_timer
                0x10001170        0x8 src/CMakeFiles/realtime.dir/Users/u1530331/.pico-sdk/sdk/2.0.0/src/common/pico_time/time.c.obj
                0x10001170                alarm_pool_get_default_timer
 .text.runtime_init_default_alarm_pool
                0x10001178       0x38 src/CMakeFiles/realtime.dir/Users/u1530331/.pico-sdk/sdk/2.0.0/src/common/pico_time/time.c.obj
                0x10001178                runtime_init_default_alarm_pool
 .text.timer_hardware_alarm_claim
                0x100011b0       0x14 src/CMakeFiles/realtime.dir/Users/u1530331/.pico-sdk/sdk/2.0.0/src/rp2_common/hardware_timer/timer.c.obj
                0x100011b0                timer_hardware_alarm_claim
 .text.timer_time_us_64
                0x100011c4       0x10 src/CMakeFiles/realtime.dir/Users/u1530331/.pico-sdk/sdk/2.0.0/src/rp2_common/hardware_timer/timer.c.obj
                0x100011c4                timer_time_us_64
 .text.time_us_64
                0x100011d4       0x10 src/CMakeFiles/realtime.dir/Users/u1530331/.pico-sdk/sdk/2.0.0/src/rp2_common/hardware_timer/timer.c.obj
                0x100011d4                time_us_64
 .text.clock_configure_internal
                0x100011e4       0xc4 src/CMakeFiles/realtime.dir/Users/u1530331/.pico-sdk/sdk/2.0.0/src/rp2_common/hardware_clocks/clocks.c.obj
 .text.clock_configure_int_divider
                0x100012a8       0x28 src/CMakeFiles/realtime.dir/Users/u1530331/.pico-sdk/sdk/2.0.0/src/rp2_common/hardware_clocks/clocks.c.obj
                0x100012a8                clock_configure_int_divider
 .text.clock_configure_undivided
                0x100012d0       0x12 src/CMakeFiles/realtime.dir/Users/u1530331/.pico-sdk/sdk/2.0.0/src/rp2_common/hardware_clocks/clocks.c.obj
                0x100012d0                clock_configure_undivided
 *fill*         0x100012e2        0x2 
 .text.clock_get_hz
                0x100012e4        0xc src/CMakeFiles/realtime.dir/Users/u1530331/.pico-sdk/sdk/2.0.0/src/rp2_common/hardware_clocks/clocks.c.obj
                0x100012e4                clock_get_hz
 .text.pll_init
                0x100012f0      0x124 src/CMakeFiles/realtime.dir/Users/u1530331/.pico-sdk/sdk/2.0.0/src/rp2_common/hardware_pll/pll.c.obj
                0x100012f0                pll_init
 .text.watchdog_update
                0x10001414       0x14 src/CMakeFiles/realtime.dir/Users/u1530331/.pico-sdk/sdk/2.0.0/src/rp2_common/hardware_watchdog/watchdog.c.obj
                0x10001414                watchdog_update
 .text._watchdog_enable
                0x10001428       0x7c src/CMakeFiles/realtime.dir/Users/u1530331/.pico-sdk/sdk/2.0.0/src/rp2_common/hardware_watchdog/watchdog.c.obj
                0x10001428                _watchdog_enable
 .text.watchdog_reboot
                0x100014a4       0x48 src/CMakeFiles/realtime.dir/Users/u1530331/.pico-sdk/sdk/2.0.0/src/rp2_common/hardware_watchdog/watchdog.c.obj
                0x100014a4                watchdog_reboot
 .text.tick_start
                0x100014ec       0x10 src/CMakeFiles/realtime.dir/Users/u1530331/.pico-sdk/sdk/2.0.0/src/rp2_common/hardware_ticks/ticks.c.obj
                0x100014ec                tick_start
 .text.xosc_init
                0x100014fc       0x28 src/CMakeFiles/realtime.dir/Users/u1530331/.pico-sdk/sdk/2.0.0/src/rp2_common/hardware_xosc/xosc.c.obj
                0x100014fc                xosc_init
 .text.runtime_run_initializers_from
                0x10001524       0x18 src/CMakeFiles/realtime.dir/Users/u1530331/.pico-sdk/sdk/2.0.0/src/rp2_common/pico_runtime/runtime.c.obj
 .text.first_per_core_initializer
                0x1000153c        0x2 src/CMakeFiles/realtime.dir/Users/u1530331/.pico-sdk/sdk/2.0.0/src/rp2_common/pico_runtime/runtime.c.obj
 *fill*         0x1000153e        0x2 
 .text.runtime_run_initializers
                0x10001540       0x10 src/CMakeFiles/realtime.dir/Users/u1530331/.pico-sdk/sdk/2.0.0/src/rp2_common/pico_runtime/runtime.c.obj
                0x10001540                runtime_run_initializers
 .text.runtime_init_early_resets
                0x10001550       0x2c src/CMakeFiles/realtime.dir/Users/u1530331/.pico-sdk/sdk/2.0.0/src/rp2_common/pico_runtime_init/runtime_init.c.obj
                0x10001550                runtime_init_early_resets
 .text.runtime_init_usb_power_down
                0x1000157c       0x1c src/CMakeFiles/realtime.dir/Users/u1530331/.pico-sdk/sdk/2.0.0/src/rp2_common/pico_runtime_init/runtime_init.c.obj
                0x1000157c                runtime_init_usb_power_down
 .text.runtime_init_post_clock_resets
                0x10001598       0x20 src/CMakeFiles/realtime.dir/Users/u1530331/.pico-sdk/sdk/2.0.0/src/rp2_common/pico_runtime_init/runtime_init.c.obj
                0x10001598                runtime_init_post_clock_resets
 .text.runtime_init_rp2040_gpio_ie_disable
                0x100015b8       0x14 src/CMakeFiles/realtime.dir/Users/u1530331/.pico-sdk/sdk/2.0.0/src/rp2_common/pico_runtime_init/runtime_init.c.obj
                0x100015b8                runtime_init_rp2040_gpio_ie_disable
 .text.runtime_init_spin_locks_reset
                0x100015cc        0x8 src/CMakeFiles/realtime.dir/Users/u1530331/.pico-sdk/sdk/2.0.0/src/rp2_common/pico_runtime_init/runtime_init.c.obj
                0x100015cc                runtime_init_spin_locks_reset
 .text.runtime_init_install_ram_vector_table
                0x100015d4       0x1c src/CMakeFiles/realtime.dir/Users/u1530331/.pico-sdk/sdk/2.0.0/src/rp2_common/pico_runtime_init/runtime_init.c.obj
                0x100015d4                runtime_init_install_ram_vector_table
 .text.start_all_ticks
                0x100015f0       0x28 src/CMakeFiles/realtime.dir/Users/u1530331/.pico-sdk/sdk/2.0.0/src/rp2_common/pico_runtime_init/runtime_init_clocks.c.obj
 .text.runtime_init_clocks
                0x10001618       0xcc src/CMakeFiles/realtime.dir/Users/u1530331/.pico-sdk/sdk/2.0.0/src/rp2_common/pico_runtime_init/runtime_init_clocks.c.obj
                0x10001618                runtime_init_clocks
 .text          0x100016e4       0x10 src/CMakeFiles/realtime.dir/Users/u1530331/.pico-sdk/sdk/2.0.0/src/rp2_common/pico_bit_ops/bit_ops_aeabi.S.obj
 .text.rom_func_lookup
                0x100016f4       0x10 src/CMakeFiles/realtime.dir/Users/u1530331/.pico-sdk/sdk/2.0.0/src/rp2_common/pico_bootrom/bootrom.c.obj
                0x100016f4                rom_func_lookup
 .text.rom_data_lookup
                0x10001704       0x10 src/CMakeFiles/realtime.dir/Users/u1530331/.pico-sdk/sdk/2.0.0/src/rp2_common/pico_bootrom/bootrom.c.obj
                0x10001704                rom_data_lookup
 .text.rom_funcs_lookup
                0x10001714       0x36 src/CMakeFiles/realtime.dir/Users/u1530331/.pico-sdk/sdk/2.0.0/src/rp2_common/pico_bootrom/bootrom.c.obj
                0x10001714                rom_funcs_lookup
 *fill*         0x1000174a        0x2 
 .text.rom_reset_usb_boot
                0x1000174c       0x18 src/CMakeFiles/realtime.dir/Users/u1530331/.pico-sdk/sdk/2.0.0/src/rp2_common/pico_bootrom/bootrom.c.obj
                0x1000174c                rom_reset_usb_boot
 .text.__wrap___aeabi_idiv
                0x10001764       0x50 src/CMakeFiles/realtime.dir/Users/u1530331/.pico-sdk/sdk/2.0.0/src/rp2_common/pico_divider/divider_hardware.S.obj
                0x10001764                __wrap___aeabi_idivmod
                0x10001764                divmod_s32s32
                0x10001764                div_s32s32
                0x10001764                __wrap___aeabi_idiv
                0x1000176c                divmod_s32s32_unsafe
                0x10001798                divmod_s32s32_savestate
 .text.__wrap___aeabi_uidiv
                0x100017b4       0x4c src/CMakeFiles/realtime.dir/Users/u1530331/.pico-sdk/sdk/2.0.0/src/rp2_common/pico_divider/divider_hardware.S.obj
                0x100017b4                __wrap___aeabi_uidiv
                0x100017b4                __wrap___aeabi_uidivmod
                0x100017b4                div_u32u32
                0x100017b4                divmod_u32u32
                0x100017bc                divmod_u32u32_unsafe
                0x100017e4                divmod_u32u32_savestate
 .text.__wrap___aeabi_ldiv
                0x10001800      0x424 src/CMakeFiles/realtime.dir/Users/u1530331/.pico-sdk/sdk/2.0.0/src/rp2_common/pico_divider/divider_hardware.S.obj
                0x10001800                __wrap___aeabi_ldivmod
                0x10001800                div_s64s64
                0x10001800                divmod_s64s64
                0x10001830                divmod_u64u64
                0x10001830                div_u64u64
                0x10001830                __wrap___aeabi_uldivmod
                0x10001840                divmod_u64u64_savestate
                0x10001860                divmod_s64s64_unsafe
                0x100018e8                divmod_u64u64_unsafe
 .text.__wrap___aeabi_darithmetic
                0x10001c24       0x60 src/CMakeFiles/realtime.dir/Users/u1530331/.pico-sdk/sdk/2.0.0/src/rp2_common/pico_double/double_aeabi_rp2040.S.obj
                0x10001c24                __wrap___aeabi_drsub
                0x10001c2a                __wrap___aeabi_dsub
                0x10001c34                __wrap___aeabi_dadd
                0x10001c3e                __wrap___aeabi_ddiv
                0x10001c72                __wrap___aeabi_dmul
 .text.__wrap___aeabi_cdcmple
                0x10001c84       0x6c src/CMakeFiles/realtime.dir/Users/u1530331/.pico-sdk/sdk/2.0.0/src/rp2_common/pico_double/double_aeabi_rp2040.S.obj
                0x10001c84                __wrap___aeabi_cdrcmple
                0x10001c94                __wrap___aeabi_cdcmple
                0x10001c94                __wrap___aeabi_cdcmpeq
 .text.__wrap___aeabi_dcmplt
                0x10001cf0        0xc src/CMakeFiles/realtime.dir/Users/u1530331/.pico-sdk/sdk/2.0.0/src/rp2_common/pico_double/double_aeabi_rp2040.S.obj
                0x10001cf0                __wrap___aeabi_dcmplt
 .text.__wrap___aeabi_dcmple
                0x10001cfc       0x10 src/CMakeFiles/realtime.dir/Users/u1530331/.pico-sdk/sdk/2.0.0/src/rp2_common/pico_double/double_aeabi_rp2040.S.obj
                0x10001cfc                __wrap___aeabi_dcmple
 .text.__wrap___aeabi_dcmpge
                0x10001d0c       0x10 src/CMakeFiles/realtime.dir/Users/u1530331/.pico-sdk/sdk/2.0.0/src/rp2_common/pico_double/double_aeabi_rp2040.S.obj
                0x10001d0c                __wrap___aeabi_dcmpge
 .text.__wrap___aeabi_dcmpgt
                0x10001d1c        0xa src/CMakeFiles/realtime.dir/Users/u1530331/.pico-sdk/sdk/2.0.0/src/rp2_common/pico_double/double_aeabi_rp2040.S.obj
                0x10001d1c                __wrap___aeabi_dcmpgt
 .text.__wrap___aeabi_dcmpun
                0x10001d26       0x18 src/CMakeFiles/realtime.dir/Users/u1530331/.pico-sdk/sdk/2.0.0/src/rp2_common/pico_double/double_aeabi_rp2040.S.obj
                0x10001d26                __wrap___aeabi_dcmpun
 *fill*         0x10001d3e        0x2 
 .text.__wrap___aeabi_i2d
                0x10001d40       0x38 src/CMakeFiles/realtime.dir/Users/u1530331/.pico-sdk/sdk/2.0.0/src/rp2_common/pico_double/double_aeabi_rp2040.S.obj
                0x10001d40                __wrap___aeabi_ui2d
                0x10001d48                __wrap___aeabi_i2d
 .text.__wrap___aeabi_d2iz
                0x10001d78       0x48 src/CMakeFiles/realtime.dir/Users/u1530331/.pico-sdk/sdk/2.0.0/src/rp2_common/pico_double/double_aeabi_rp2040.S.obj
                0x10001d78                __wrap___aeabi_d2iz
                0x10001d78                double2int_z
 .text.__wrap___aeabi_d2uiz
                0x10001dc0       0x10 src/CMakeFiles/realtime.dir/Users/u1530331/.pico-sdk/sdk/2.0.0/src/rp2_common/pico_double/double_aeabi_rp2040.S.obj
                0x10001dc0                double2uint
                0x10001dc0                __wrap___aeabi_d2uiz
 .text.missing_double_func_shim
                0x10001dd0        0xc src/CMakeFiles/realtime.dir/Users/u1530331/.pico-sdk/sdk/2.0.0/src/rp2_common/pico_double/double_init_rom_rp2040.c.obj
 .text.__aeabi_double_init
                0x10001ddc       0xd0 src/CMakeFiles/realtime.dir/Users/u1530331/.pico-sdk/sdk/2.0.0/src/rp2_common/pico_double/double_init_rom_rp2040.c.obj
                0x10001ddc                __aeabi_double_init
 .text.double_table_shim_on_use_helper
                0x10001eac       0x34 src/CMakeFiles/realtime.dir/Users/u1530331/.pico-sdk/sdk/2.0.0/src/rp2_common/pico_double/double_v1_rom_shim_rp2040.S.obj
                0x10001eac                double_table_shim_on_use_helper
 .text.__aeabi_lmul
                0x10001ee0       0x32 src/CMakeFiles/realtime.dir/Users/u1530331/.pico-sdk/sdk/2.0.0/src/rp2_common/pico_int64_ops/pico_int64_ops_aeabi.S.obj
                0x10001ee0                __wrap___aeabi_lmul
 *fill*         0x10001f12        0x2 
 .text.missing_float_func_shim
                0x10001f14        0xc src/CMakeFiles/realtime.dir/Users/u1530331/.pico-sdk/sdk/2.0.0/src/rp2_common/pico_float/float_init_rom_rp2040.c.obj
 .text.__aeabi_float_init
                0x10001f20       0x88 src/CMakeFiles/realtime.dir/Users/u1530331/.pico-sdk/sdk/2.0.0/src/rp2_common/pico_float/float_init_rom_rp2040.c.obj
                0x10001f20                __aeabi_float_init
 .text          0x10001fa8       0x10 src/CMakeFiles/realtime.dir/Users/u1530331/.pico-sdk/sdk/2.0.0/src/rp2_common/pico_mem_ops/mem_ops_aeabi.S.obj
                0x10001fa8                __aeabi_mem_init
 .text.memset   0x10001fb8        0xc src/CMakeFiles/realtime.dir/Users/u1530331/.pico-sdk/sdk/2.0.0/src/rp2_common/pico_mem_ops/mem_ops_aeabi.S.obj
                0x10001fb8                __wrap_memset
 .text.memcpy   0x10001fc4        0xc src/CMakeFiles/realtime.dir/Users/u1530331/.pico-sdk/sdk/2.0.0/src/rp2_common/pico_mem_ops/mem_ops_aeabi.S.obj
                0x10001fc4                __wrap___aeabi_memcpy
                0x10001fc4                __wrap_memcpy
 .text._out_null
                0x10001fd0        0x2 src/CMakeFiles/realtime.dir/Users/u1530331/.pico-sdk/sdk/2.0.0/src/rp2_common/pico_printf/printf.c.obj
 .text._out_fct
                0x10001fd2        0xe src/CMakeFiles/realtime.dir/Users/u1530331/.pico-sdk/sdk/2.0.0/src/rp2_common/pico_printf/printf.c.obj
 .text._atoi    0x10001fe0       0x24 src/CMakeFiles/realtime.dir/Users/u1530331/.pico-sdk/sdk/2.0.0/src/rp2_common/pico_printf/printf.c.obj
 .text._out_rev
                0x10002004       0xae src/CMakeFiles/realtime.dir/Users/u1530331/.pico-sdk/sdk/2.0.0/src/rp2_common/pico_printf/printf.c.obj
 .text._ntoa_format
                0x100020b2      0x110 src/CMakeFiles/realtime.dir/Users/u1530331/.pico-sdk/sdk/2.0.0/src/rp2_common/pico_printf/printf.c.obj
 .text._ntoa_long
                0x100021c2       0xbc src/CMakeFiles/realtime.dir/Users/u1530331/.pico-sdk/sdk/2.0.0/src/rp2_common/pico_printf/printf.c.obj
 .text._ntoa_long_long
                0x1000227e      0x10e src/CMakeFiles/realtime.dir/Users/u1530331/.pico-sdk/sdk/2.0.0/src/rp2_common/pico_printf/printf.c.obj
 .text._etoa    0x1000238c      0x420 src/CMakeFiles/realtime.dir/Users/u1530331/.pico-sdk/sdk/2.0.0/src/rp2_common/pico_printf/printf.c.obj
 .text._ftoa    0x100027ac      0x354 src/CMakeFiles/realtime.dir/Users/u1530331/.pico-sdk/sdk/2.0.0/src/rp2_common/pico_printf/printf.c.obj
 .text._vsnprintf
                0x10002b00      0x668 src/CMakeFiles/realtime.dir/Users/u1530331/.pico-sdk/sdk/2.0.0/src/rp2_common/pico_printf/printf.c.obj
 .text.vfctprintf
                0x10003168       0x20 src/CMakeFiles/realtime.dir/Users/u1530331/.pico-sdk/sdk/2.0.0/src/rp2_common/pico_printf/printf.c.obj
                0x10003168                vfctprintf
 .text._exit    0x10003188        0xa src/CMakeFiles/realtime.dir/Users/u1530331/.pico-sdk/sdk/2.0.0/src/rp2_common/pico_clib_interface/newlib_interface.c.obj
                0x10003188                _exit
 .text.exit     0x10003192        0x6 src/CMakeFiles/realtime.dir/Users/u1530331/.pico-sdk/sdk/2.0.0/src/rp2_common/pico_clib_interface/newlib_interface.c.obj
                0x10003192                exit
 .text.__assert_func
                0x10003198       0x38 src/CMakeFiles/realtime.dir/Users/u1530331/.pico-sdk/sdk/2.0.0/src/rp2_common/pico_clib_interface/newlib_interface.c.obj
                0x10003198                __assert_func
 .text.runtime_init
                0x100031d0       0x28 src/CMakeFiles/realtime.dir/Users/u1530331/.pico-sdk/sdk/2.0.0/src/rp2_common/pico_clib_interface/newlib_interface.c.obj
                0x100031d0                runtime_init
 .text.stdio_out_chars_no_crlf
                0x100031f8        0xe src/CMakeFiles/realtime.dir/Users/u1530331/.pico-sdk/sdk/2.0.0/src/rp2_common/pico_stdio/stdio.c.obj
 *fill*         0x10003206        0x2 
 .text.stdio_out_chars_crlf
                0x10003208       0x80 src/CMakeFiles/realtime.dir/Users/u1530331/.pico-sdk/sdk/2.0.0/src/rp2_common/pico_stdio/stdio.c.obj
 .text.stdio_stack_buffer_flush
                0x10003288       0x44 src/CMakeFiles/realtime.dir/Users/u1530331/.pico-sdk/sdk/2.0.0/src/rp2_common/pico_stdio/stdio.c.obj
 .text.stdio_buffered_printer
                0x100032cc       0x20 src/CMakeFiles/realtime.dir/Users/u1530331/.pico-sdk/sdk/2.0.0/src/rp2_common/pico_stdio/stdio.c.obj
 .text.stdout_serialize_begin
                0x100032ec       0x30 src/CMakeFiles/realtime.dir/Users/u1530331/.pico-sdk/sdk/2.0.0/src/rp2_common/pico_stdio/stdio.c.obj
                0x100032ec                stdout_serialize_begin
 .text.stdout_serialize_end
                0x1000331c       0x10 src/CMakeFiles/realtime.dir/Users/u1530331/.pico-sdk/sdk/2.0.0/src/rp2_common/pico_stdio/stdio.c.obj
                0x1000331c                stdout_serialize_end
 .text.stdio_put_string
                0x1000332c       0x94 src/CMakeFiles/realtime.dir/Users/u1530331/.pico-sdk/sdk/2.0.0/src/rp2_common/pico_stdio/stdio.c.obj
                0x1000332c                stdio_put_string
 .text.stdio_set_driver_enabled
                0x100033c0       0x2c src/CMakeFiles/realtime.dir/Users/u1530331/.pico-sdk/sdk/2.0.0/src/rp2_common/pico_stdio/stdio.c.obj
                0x100033c0                stdio_set_driver_enabled
 .text.stdio_flush
                0x100033ec       0x20 src/CMakeFiles/realtime.dir/Users/u1530331/.pico-sdk/sdk/2.0.0/src/rp2_common/pico_stdio/stdio.c.obj
                0x100033ec                stdio_flush
 .text.stdio_init_all
                0x1000340c        0x8 src/CMakeFiles/realtime.dir/Users/u1530331/.pico-sdk/sdk/2.0.0/src/rp2_common/pico_stdio/stdio.c.obj
                0x1000340c                stdio_init_all
 .text.__wrap_puts
                0x10003414       0x1e src/CMakeFiles/realtime.dir/Users/u1530331/.pico-sdk/sdk/2.0.0/src/rp2_common/pico_stdio/stdio.c.obj
                0x10003414                __wrap_puts
                0x10003414                stdio_puts
 *fill*         0x10003432        0x2 
 .text.__wrap_vprintf
                0x10003434       0x40 src/CMakeFiles/realtime.dir/Users/u1530331/.pico-sdk/sdk/2.0.0/src/rp2_common/pico_stdio/stdio.c.obj
                0x10003434                __wrap_vprintf
                0x10003434                stdio_vprintf
 .text.__wrap_printf
                0x10003474       0x18 src/CMakeFiles/realtime.dir/Users/u1530331/.pico-sdk/sdk/2.0.0/src/rp2_common/pico_stdio/stdio.c.obj
                0x10003474                stdio_printf
                0x10003474                __wrap_printf
 .text.resetd_init
                0x1000348c        0x2 src/CMakeFiles/realtime.dir/Users/u1530331/.pico-sdk/sdk/2.0.0/src/rp2_common/pico_stdio_usb/reset_interface.c.obj
 *fill*         0x1000348e        0x2 
 .text.resetd_reset
                0x10003490        0xc src/CMakeFiles/realtime.dir/Users/u1530331/.pico-sdk/sdk/2.0.0/src/rp2_common/pico_stdio_usb/reset_interface.c.obj
 .text.resetd_open
                0x1000349c       0x34 src/CMakeFiles/realtime.dir/Users/u1530331/.pico-sdk/sdk/2.0.0/src/rp2_common/pico_stdio_usb/reset_interface.c.obj
 .text.resetd_xfer_cb
                0x100034d0        0x4 src/CMakeFiles/realtime.dir/Users/u1530331/.pico-sdk/sdk/2.0.0/src/rp2_common/pico_stdio_usb/reset_interface.c.obj
 .text.resetd_control_xfer_cb
                0x100034d4       0x5c src/CMakeFiles/realtime.dir/Users/u1530331/.pico-sdk/sdk/2.0.0/src/rp2_common/pico_stdio_usb/reset_interface.c.obj
 .text.tud_descriptor_bos_cb
                0x10003530        0x8 src/CMakeFiles/realtime.dir/Users/u1530331/.pico-sdk/sdk/2.0.0/src/rp2_common/pico_stdio_usb/reset_interface.c.obj
                0x10003530                tud_descriptor_bos_cb
 .text.tud_vendor_control_xfer_cb
                0x10003538       0x38 src/CMakeFiles/realtime.dir/Users/u1530331/.pico-sdk/sdk/2.0.0/src/rp2_common/pico_stdio_usb/reset_interface.c.obj
                0x10003538                tud_vendor_control_xfer_cb
 .text.usbd_app_driver_get_cb
                0x10003570        0xc src/CMakeFiles/realtime.dir/Users/u1530331/.pico-sdk/sdk/2.0.0/src/rp2_common/pico_stdio_usb/reset_interface.c.obj
                0x10003570                usbd_app_driver_get_cb
 .text.tud_cdc_line_coding_cb
                0x1000357c       0x28 src/CMakeFiles/realtime.dir/Users/u1530331/.pico-sdk/sdk/2.0.0/src/rp2_common/pico_stdio_usb/reset_interface.c.obj
                0x1000357c                tud_cdc_line_coding_cb
 .text.stdio_usb_set_chars_available_callback
                0x100035a4       0x14 src/CMakeFiles/realtime.dir/Users/u1530331/.pico-sdk/sdk/2.0.0/src/rp2_common/pico_stdio_usb/stdio_usb.c.obj
                0x100035a4                stdio_usb_set_chars_available_callback
 .text.stdio_usb_out_flush
                0x100035b8       0x4c src/CMakeFiles/realtime.dir/Users/u1530331/.pico-sdk/sdk/2.0.0/src/rp2_common/pico_stdio_usb/stdio_usb.c.obj
 .text.usb_irq  0x10003604       0x10 src/CMakeFiles/realtime.dir/Users/u1530331/.pico-sdk/sdk/2.0.0/src/rp2_common/pico_stdio_usb/stdio_usb.c.obj
 .text.critical_section_enter_blocking
                0x10003614       0x16 src/CMakeFiles/realtime.dir/Users/u1530331/.pico-sdk/sdk/2.0.0/src/rp2_common/pico_stdio_usb/stdio_usb.c.obj
 *fill*         0x1000362a        0x2 
 .text.timer_task
                0x1000362c       0x60 src/CMakeFiles/realtime.dir/Users/u1530331/.pico-sdk/sdk/2.0.0/src/rp2_common/pico_stdio_usb/stdio_usb.c.obj
 .text.alarm_pool_add_alarm_in_us
                0x1000368c       0x40 src/CMakeFiles/realtime.dir/Users/u1530331/.pico-sdk/sdk/2.0.0/src/rp2_common/pico_stdio_usb/stdio_usb.c.obj
 .text.add_alarm_in_us
                0x100036cc       0x2e src/CMakeFiles/realtime.dir/Users/u1530331/.pico-sdk/sdk/2.0.0/src/rp2_common/pico_stdio_usb/stdio_usb.c.obj
 *fill*         0x100036fa        0x2 
 .text.low_priority_worker_irq
                0x100036fc       0xa0 src/CMakeFiles/realtime.dir/Users/u1530331/.pico-sdk/sdk/2.0.0/src/rp2_common/pico_stdio_usb/stdio_usb.c.obj
 .text.stdio_usb_init
                0x1000379c       0xdc src/CMakeFiles/realtime.dir/Users/u1530331/.pico-sdk/sdk/2.0.0/src/rp2_common/pico_stdio_usb/stdio_usb.c.obj
                0x1000379c                stdio_usb_init
 .text.stdio_usb_connected
                0x10003878        0xa src/CMakeFiles/realtime.dir/Users/u1530331/.pico-sdk/sdk/2.0.0/src/rp2_common/pico_stdio_usb/stdio_usb.c.obj
                0x10003878                stdio_usb_connected
 *fill*         0x10003882        0x2 
 .text.stdio_usb_in_chars
                0x10003884       0x98 src/CMakeFiles/realtime.dir/Users/u1530331/.pico-sdk/sdk/2.0.0/src/rp2_common/pico_stdio_usb/stdio_usb.c.obj
                0x10003884                stdio_usb_in_chars
 .text.stdio_usb_out_chars
                0x1000391c       0xe8 src/CMakeFiles/realtime.dir/Users/u1530331/.pico-sdk/sdk/2.0.0/src/rp2_common/pico_stdio_usb/stdio_usb.c.obj
 .text.tud_descriptor_device_cb
                0x10003a04        0x8 src/CMakeFiles/realtime.dir/Users/u1530331/.pico-sdk/sdk/2.0.0/src/rp2_common/pico_stdio_usb/stdio_usb_descriptors.c.obj
                0x10003a04                tud_descriptor_device_cb
 .text.tud_descriptor_configuration_cb
                0x10003a0c        0x8 src/CMakeFiles/realtime.dir/Users/u1530331/.pico-sdk/sdk/2.0.0/src/rp2_common/pico_stdio_usb/stdio_usb_descriptors.c.obj
                0x10003a0c                tud_descriptor_configuration_cb
 .text.tud_descriptor_string_cb
                0x10003a14       0x6c src/CMakeFiles/realtime.dir/Users/u1530331/.pico-sdk/sdk/2.0.0/src/rp2_common/pico_stdio_usb/stdio_usb_descriptors.c.obj
                0x10003a14                tud_descriptor_string_cb
 .text._retrieve_unique_id_on_boot
                0x10003a80       0x10 src/CMakeFiles/realtime.dir/Users/u1530331/.pico-sdk/sdk/2.0.0/src/rp2_common/pico_unique_id/unique_id.c.obj
 .text.pico_get_unique_board_id_string
                0x10003a90       0x5c src/CMakeFiles/realtime.dir/Users/u1530331/.pico-sdk/sdk/2.0.0/src/rp2_common/pico_unique_id/unique_id.c.obj
                0x10003a90                pico_get_unique_board_id_string
 .text.flash_get_unique_id
                0x10003aec       0x40 src/CMakeFiles/realtime.dir/Users/u1530331/.pico-sdk/sdk/2.0.0/src/rp2_common/hardware_flash/flash.c.obj
                0x10003aec                flash_get_unique_id
 .text._hw_endpoint_alloc
                0x10003b2c       0x70 src/CMakeFiles/realtime.dir/Users/u1530331/.pico-sdk/sdk/2.0.0/lib/tinyusb/src/portable/raspberrypi/rp2040/dcd_rp2040.c.obj
 .text.hw_endpoint_init
                0x10003b9c       0xbc src/CMakeFiles/realtime.dir/Users/u1530331/.pico-sdk/sdk/2.0.0/lib/tinyusb/src/portable/raspberrypi/rp2040/dcd_rp2040.c.obj
 .text.hw_endpoint_xfer
                0x10003c58       0x20 src/CMakeFiles/realtime.dir/Users/u1530331/.pico-sdk/sdk/2.0.0/lib/tinyusb/src/portable/raspberrypi/rp2040/dcd_rp2040.c.obj
 .text.dcd_int_enable
                0x10003c78       0x2c src/CMakeFiles/realtime.dir/Users/u1530331/.pico-sdk/sdk/2.0.0/lib/tinyusb/src/portable/raspberrypi/rp2040/dcd_rp2040.c.obj
                0x10003c78                dcd_int_enable
 .text.dcd_set_address
                0x10003ca4       0x2c src/CMakeFiles/realtime.dir/Users/u1530331/.pico-sdk/sdk/2.0.0/lib/tinyusb/src/portable/raspberrypi/rp2040/dcd_rp2040.c.obj
                0x10003ca4                dcd_set_address
 .text.dcd_connect
                0x10003cd0       0x10 src/CMakeFiles/realtime.dir/Users/u1530331/.pico-sdk/sdk/2.0.0/lib/tinyusb/src/portable/raspberrypi/rp2040/dcd_rp2040.c.obj
                0x10003cd0                dcd_connect
 .text.dcd_init
                0x10003ce0       0x80 src/CMakeFiles/realtime.dir/Users/u1530331/.pico-sdk/sdk/2.0.0/lib/tinyusb/src/portable/raspberrypi/rp2040/dcd_rp2040.c.obj
                0x10003ce0                dcd_init
 .text.dcd_sof_enable
                0x10003d60       0x1c src/CMakeFiles/realtime.dir/Users/u1530331/.pico-sdk/sdk/2.0.0/lib/tinyusb/src/portable/raspberrypi/rp2040/dcd_rp2040.c.obj
                0x10003d60                dcd_sof_enable
 .text.dcd_edpt0_status_complete
                0x10003d7c       0x1c src/CMakeFiles/realtime.dir/Users/u1530331/.pico-sdk/sdk/2.0.0/lib/tinyusb/src/portable/raspberrypi/rp2040/dcd_rp2040.c.obj
                0x10003d7c                dcd_edpt0_status_complete
 .text.dcd_edpt_open
                0x10003d98       0x40 src/CMakeFiles/realtime.dir/Users/u1530331/.pico-sdk/sdk/2.0.0/lib/tinyusb/src/portable/raspberrypi/rp2040/dcd_rp2040.c.obj
                0x10003d98                dcd_edpt_open
 .text.dcd_edpt_close_all
                0x10003dd8        0x8 src/CMakeFiles/realtime.dir/Users/u1530331/.pico-sdk/sdk/2.0.0/lib/tinyusb/src/portable/raspberrypi/rp2040/dcd_rp2040.c.obj
                0x10003dd8                dcd_edpt_close_all
 .text.dcd_edpt_xfer
                0x10003de0       0x30 src/CMakeFiles/realtime.dir/Users/u1530331/.pico-sdk/sdk/2.0.0/lib/tinyusb/src/portable/raspberrypi/rp2040/dcd_rp2040.c.obj
                0x10003de0                dcd_edpt_xfer
 .text.dcd_edpt_stall
                0x10003e10       0x3c src/CMakeFiles/realtime.dir/Users/u1530331/.pico-sdk/sdk/2.0.0/lib/tinyusb/src/portable/raspberrypi/rp2040/dcd_rp2040.c.obj
                0x10003e10                dcd_edpt_stall
 .text.dcd_edpt_clear_stall
                0x10003e4c       0x30 src/CMakeFiles/realtime.dir/Users/u1530331/.pico-sdk/sdk/2.0.0/lib/tinyusb/src/portable/raspberrypi/rp2040/dcd_rp2040.c.obj
                0x10003e4c                dcd_edpt_clear_stall
 .text.unaligned_memcpy
                0x10003e7c       0x14 src/CMakeFiles/realtime.dir/Users/u1530331/.pico-sdk/sdk/2.0.0/lib/tinyusb/src/portable/raspberrypi/rp2040/rp2040_usb.c.obj
 .text.rp2040_usb_init
                0x10003e90       0x44 src/CMakeFiles/realtime.dir/Users/u1530331/.pico-sdk/sdk/2.0.0/lib/tinyusb/src/portable/raspberrypi/rp2040/rp2040_usb.c.obj
                0x10003e90                rp2040_usb_init
 .text.hw_endpoint_xfer_start
                0x10003ed4       0x60 src/CMakeFiles/realtime.dir/Users/u1530331/.pico-sdk/sdk/2.0.0/lib/tinyusb/src/portable/raspberrypi/rp2040/rp2040_usb.c.obj
                0x10003ed4                hw_endpoint_xfer_start
 .text.configuration_reset
                0x10003f34       0x84 src/CMakeFiles/realtime.dir/Users/u1530331/.pico-sdk/sdk/2.0.0/lib/tinyusb/src/device/usbd.c.obj
 .text.critical_section_enter_blocking
                0x10003fb8       0x16 src/CMakeFiles/realtime.dir/Users/u1530331/.pico-sdk/sdk/2.0.0/lib/tinyusb/src/device/usbd.c.obj
 .text.usbd_reset
                0x10003fce        0xc src/CMakeFiles/realtime.dir/Users/u1530331/.pico-sdk/sdk/2.0.0/lib/tinyusb/src/device/usbd.c.obj
 .text.invoke_class_control
                0x10003fda       0x1a src/CMakeFiles/realtime.dir/Users/u1530331/.pico-sdk/sdk/2.0.0/lib/tinyusb/src/device/usbd.c.obj
 .text.process_set_config
                0x10003ff4      0x1b0 src/CMakeFiles/realtime.dir/Users/u1530331/.pico-sdk/sdk/2.0.0/lib/tinyusb/src/device/usbd.c.obj
 .text.tud_event_hook_cb
                0x100041a4        0x2 src/CMakeFiles/realtime.dir/Users/u1530331/.pico-sdk/sdk/2.0.0/lib/tinyusb/src/device/usbd.c.obj
                0x100041a4                tud_event_hook_cb
 .text.tud_sof_cb
                0x100041a6        0x2 src/CMakeFiles/realtime.dir/Users/u1530331/.pico-sdk/sdk/2.0.0/lib/tinyusb/src/device/usbd.c.obj
                0x100041a6                tud_sof_cb
 .text.tud_descriptor_device_qualifier_cb
                0x100041a8        0x4 src/CMakeFiles/realtime.dir/Users/u1530331/.pico-sdk/sdk/2.0.0/lib/tinyusb/src/device/usbd.c.obj
                0x100041a8                tud_descriptor_device_qualifier_cb
 .text.tud_descriptor_other_speed_configuration_cb
                0x100041ac        0x4 src/CMakeFiles/realtime.dir/Users/u1530331/.pico-sdk/sdk/2.0.0/lib/tinyusb/src/device/usbd.c.obj
                0x100041ac                tud_descriptor_other_speed_configuration_cb
 .text.process_get_descriptor
                0x100041b0       0xe0 src/CMakeFiles/realtime.dir/Users/u1530331/.pico-sdk/sdk/2.0.0/lib/tinyusb/src/device/usbd.c.obj
 .text.tud_mount_cb
                0x10004290        0x2 src/CMakeFiles/realtime.dir/Users/u1530331/.pico-sdk/sdk/2.0.0/lib/tinyusb/src/device/usbd.c.obj
                0x10004290                tud_mount_cb
 .text.tud_umount_cb
                0x10004292        0x2 src/CMakeFiles/realtime.dir/Users/u1530331/.pico-sdk/sdk/2.0.0/lib/tinyusb/src/device/usbd.c.obj
                0x10004292                tud_umount_cb
 .text.tud_suspend_cb
                0x10004294        0x2 src/CMakeFiles/realtime.dir/Users/u1530331/.pico-sdk/sdk/2.0.0/lib/tinyusb/src/device/usbd.c.obj
                0x10004294                tud_suspend_cb
 .text.tud_resume_cb
                0x10004296        0x2 src/CMakeFiles/realtime.dir/Users/u1530331/.pico-sdk/sdk/2.0.0/lib/tinyusb/src/device/usbd.c.obj
                0x10004296                tud_resume_cb
 .text.tud_mounted
                0x10004298       0x10 src/CMakeFiles/realtime.dir/Users/u1530331/.pico-sdk/sdk/2.0.0/lib/tinyusb/src/device/usbd.c.obj
                0x10004298                tud_mounted
 .text.tud_suspended
                0x100042a8       0x10 src/CMakeFiles/realtime.dir/Users/u1530331/.pico-sdk/sdk/2.0.0/lib/tinyusb/src/device/usbd.c.obj
                0x100042a8                tud_suspended
 .text.tud_inited
                0x100042b8       0x14 src/CMakeFiles/realtime.dir/Users/u1530331/.pico-sdk/sdk/2.0.0/lib/tinyusb/src/device/usbd.c.obj
                0x100042b8                tud_inited
 .text.tud_init
                0x100042cc       0xdc src/CMakeFiles/realtime.dir/Users/u1530331/.pico-sdk/sdk/2.0.0/lib/tinyusb/src/device/usbd.c.obj
                0x100042cc                tud_init
 .text.usbd_edpt_open
                0x100043a8       0x60 src/CMakeFiles/realtime.dir/Users/u1530331/.pico-sdk/sdk/2.0.0/lib/tinyusb/src/device/usbd.c.obj
                0x100043a8                usbd_edpt_open
 .text.usbd_open_edpt_pair
                0x10004408       0x8c src/CMakeFiles/realtime.dir/Users/u1530331/.pico-sdk/sdk/2.0.0/lib/tinyusb/src/device/usbd.c.obj
                0x10004408                usbd_open_edpt_pair
 .text.usbd_edpt_claim
                0x10004494       0x28 src/CMakeFiles/realtime.dir/Users/u1530331/.pico-sdk/sdk/2.0.0/lib/tinyusb/src/device/usbd.c.obj
                0x10004494                usbd_edpt_claim
 .text.usbd_edpt_release
                0x100044bc       0x28 src/CMakeFiles/realtime.dir/Users/u1530331/.pico-sdk/sdk/2.0.0/lib/tinyusb/src/device/usbd.c.obj
                0x100044bc                usbd_edpt_release
 .text.usbd_edpt_xfer
                0x100044e4       0x88 src/CMakeFiles/realtime.dir/Users/u1530331/.pico-sdk/sdk/2.0.0/lib/tinyusb/src/device/usbd.c.obj
                0x100044e4                usbd_edpt_xfer
 .text.usbd_edpt_stall
                0x1000456c       0x34 src/CMakeFiles/realtime.dir/Users/u1530331/.pico-sdk/sdk/2.0.0/lib/tinyusb/src/device/usbd.c.obj
                0x1000456c                usbd_edpt_stall
 .text.usbd_edpt_clear_stall
                0x100045a0       0x34 src/CMakeFiles/realtime.dir/Users/u1530331/.pico-sdk/sdk/2.0.0/lib/tinyusb/src/device/usbd.c.obj
                0x100045a0                usbd_edpt_clear_stall
 .text.usbd_edpt_stalled
                0x100045d4       0x1c src/CMakeFiles/realtime.dir/Users/u1530331/.pico-sdk/sdk/2.0.0/lib/tinyusb/src/device/usbd.c.obj
                0x100045d4                usbd_edpt_stalled
 .text.process_control_request
                0x100045f0      0x390 src/CMakeFiles/realtime.dir/Users/u1530331/.pico-sdk/sdk/2.0.0/lib/tinyusb/src/device/usbd.c.obj
 .text.tud_task_ext
                0x10004980      0x1c8 src/CMakeFiles/realtime.dir/Users/u1530331/.pico-sdk/sdk/2.0.0/lib/tinyusb/src/device/usbd.c.obj
                0x10004980                tud_task_ext
 .text._status_stage_xact
                0x10004b48       0x1a src/CMakeFiles/realtime.dir/Users/u1530331/.pico-sdk/sdk/2.0.0/lib/tinyusb/src/device/usbd_control.c.obj
 *fill*         0x10004b62        0x2 
 .text._data_stage_xact
                0x10004b64       0x60 src/CMakeFiles/realtime.dir/Users/u1530331/.pico-sdk/sdk/2.0.0/lib/tinyusb/src/device/usbd_control.c.obj
 .text.tud_control_status
                0x10004bc4       0x28 src/CMakeFiles/realtime.dir/Users/u1530331/.pico-sdk/sdk/2.0.0/lib/tinyusb/src/device/usbd_control.c.obj
                0x10004bc4                tud_control_status
 .text.tud_control_xfer
                0x10004bec       0x98 src/CMakeFiles/realtime.dir/Users/u1530331/.pico-sdk/sdk/2.0.0/lib/tinyusb/src/device/usbd_control.c.obj
                0x10004bec                tud_control_xfer
 .text.usbd_control_reset
                0x10004c84       0x14 src/CMakeFiles/realtime.dir/Users/u1530331/.pico-sdk/sdk/2.0.0/lib/tinyusb/src/device/usbd_control.c.obj
                0x10004c84                usbd_control_reset
 .text.usbd_control_set_complete_callback
                0x10004c98        0xc src/CMakeFiles/realtime.dir/Users/u1530331/.pico-sdk/sdk/2.0.0/lib/tinyusb/src/device/usbd_control.c.obj
                0x10004c98                usbd_control_set_complete_callback
 .text.usbd_control_set_request
                0x10004ca4       0x1c src/CMakeFiles/realtime.dir/Users/u1530331/.pico-sdk/sdk/2.0.0/lib/tinyusb/src/device/usbd_control.c.obj
                0x10004ca4                usbd_control_set_request
 .text.usbd_control_xfer_cb
                0x10004cc0       0xe0 src/CMakeFiles/realtime.dir/Users/u1530331/.pico-sdk/sdk/2.0.0/lib/tinyusb/src/device/usbd_control.c.obj
                0x10004cc0                usbd_control_xfer_cb
 .text._prep_out_transaction
                0x10004da0       0x72 src/CMakeFiles/realtime.dir/Users/u1530331/.pico-sdk/sdk/2.0.0/lib/tinyusb/src/class/cdc/cdc_device.c.obj
 *fill*         0x10004e12        0x2 
 .text.tud_cdc_n_connected
                0x10004e14       0x38 src/CMakeFiles/realtime.dir/Users/u1530331/.pico-sdk/sdk/2.0.0/lib/tinyusb/src/class/cdc/cdc_device.c.obj
                0x10004e14                tud_cdc_n_connected
 .text.tud_cdc_n_available
                0x10004e4c       0x18 src/CMakeFiles/realtime.dir/Users/u1530331/.pico-sdk/sdk/2.0.0/lib/tinyusb/src/class/cdc/cdc_device.c.obj
                0x10004e4c                tud_cdc_n_available
 .text.tud_cdc_n_read
                0x10004e64       0x38 src/CMakeFiles/realtime.dir/Users/u1530331/.pico-sdk/sdk/2.0.0/lib/tinyusb/src/class/cdc/cdc_device.c.obj
                0x10004e64                tud_cdc_n_read
 .text.tud_cdc_n_write_flush
                0x10004e9c       0xcc src/CMakeFiles/realtime.dir/Users/u1530331/.pico-sdk/sdk/2.0.0/lib/tinyusb/src/class/cdc/cdc_device.c.obj
                0x10004e9c                tud_cdc_n_write_flush
 .text.tud_cdc_n_write
                0x10004f68       0x48 src/CMakeFiles/realtime.dir/Users/u1530331/.pico-sdk/sdk/2.0.0/lib/tinyusb/src/class/cdc/cdc_device.c.obj
                0x10004f68                tud_cdc_n_write
 .text.tud_cdc_n_write_available
                0x10004fb0       0x1c src/CMakeFiles/realtime.dir/Users/u1530331/.pico-sdk/sdk/2.0.0/lib/tinyusb/src/class/cdc/cdc_device.c.obj
                0x10004fb0                tud_cdc_n_write_available
 .text.cdcd_init
                0x10004fcc       0xc0 src/CMakeFiles/realtime.dir/Users/u1530331/.pico-sdk/sdk/2.0.0/lib/tinyusb/src/class/cdc/cdc_device.c.obj
                0x10004fcc                cdcd_init
 .text.cdcd_deinit
                0x1000508c       0x50 src/CMakeFiles/realtime.dir/Users/u1530331/.pico-sdk/sdk/2.0.0/lib/tinyusb/src/class/cdc/cdc_device.c.obj
                0x1000508c                cdcd_deinit
 .text.cdcd_reset
                0x100050dc       0x78 src/CMakeFiles/realtime.dir/Users/u1530331/.pico-sdk/sdk/2.0.0/lib/tinyusb/src/class/cdc/cdc_device.c.obj
                0x100050dc                cdcd_reset
 .text.cdcd_open
                0x10005154       0xf0 src/CMakeFiles/realtime.dir/Users/u1530331/.pico-sdk/sdk/2.0.0/lib/tinyusb/src/class/cdc/cdc_device.c.obj
                0x10005154                cdcd_open
 .text.cdcd_control_xfer_cb
                0x10005244      0x138 src/CMakeFiles/realtime.dir/Users/u1530331/.pico-sdk/sdk/2.0.0/lib/tinyusb/src/class/cdc/cdc_device.c.obj
                0x10005244                cdcd_control_xfer_cb
 .text.cdcd_xfer_cb
                0x1000537c      0x144 src/CMakeFiles/realtime.dir/Users/u1530331/.pico-sdk/sdk/2.0.0/lib/tinyusb/src/class/cdc/cdc_device.c.obj
                0x1000537c                cdcd_xfer_cb
 .text._prep_out_transaction
                0x100054c0       0x3a src/CMakeFiles/realtime.dir/Users/u1530331/.pico-sdk/sdk/2.0.0/lib/tinyusb/src/class/vendor/vendor_device.c.obj
 *fill*         0x100054fa        0x2 
 .text.tud_vendor_n_write_flush
                0x100054fc       0xcc src/CMakeFiles/realtime.dir/Users/u1530331/.pico-sdk/sdk/2.0.0/lib/tinyusb/src/class/vendor/vendor_device.c.obj
                0x100054fc                tud_vendor_n_write_flush
 .text.vendord_init
                0x100055c8       0xa0 src/CMakeFiles/realtime.dir/Users/u1530331/.pico-sdk/sdk/2.0.0/lib/tinyusb/src/class/vendor/vendor_device.c.obj
                0x100055c8                vendord_init
 .text.vendord_deinit
                0x10005668       0x50 src/CMakeFiles/realtime.dir/Users/u1530331/.pico-sdk/sdk/2.0.0/lib/tinyusb/src/class/vendor/vendor_device.c.obj
                0x10005668                vendord_deinit
 .text.vendord_reset
                0x100056b8       0x38 src/CMakeFiles/realtime.dir/Users/u1530331/.pico-sdk/sdk/2.0.0/lib/tinyusb/src/class/vendor/vendor_device.c.obj
                0x100056b8                vendord_reset
 .text.vendord_open
                0x100056f0       0xd0 src/CMakeFiles/realtime.dir/Users/u1530331/.pico-sdk/sdk/2.0.0/lib/tinyusb/src/class/vendor/vendor_device.c.obj
                0x100056f0                vendord_open
 .text.vendord_xfer_cb
                0x100057c0       0xc8 src/CMakeFiles/realtime.dir/Users/u1530331/.pico-sdk/sdk/2.0.0/lib/tinyusb/src/class/vendor/vendor_device.c.obj
                0x100057c0                vendord_xfer_cb
 .text.tusb_init
                0x10005888       0x24 src/CMakeFiles/realtime.dir/Users/u1530331/.pico-sdk/sdk/2.0.0/lib/tinyusb/src/tusb.c.obj
                0x10005888                tusb_init
 .text.tu_edpt_claim
                0x100058ac       0x50 src/CMakeFiles/realtime.dir/Users/u1530331/.pico-sdk/sdk/2.0.0/lib/tinyusb/src/tusb.c.obj
                0x100058ac                tu_edpt_claim
 .text.tu_edpt_release
                0x100058fc       0x38 src/CMakeFiles/realtime.dir/Users/u1530331/.pico-sdk/sdk/2.0.0/lib/tinyusb/src/tusb.c.obj
                0x100058fc                tu_edpt_release
 .text.tu_edpt_validate
                0x10005934       0xac src/CMakeFiles/realtime.dir/Users/u1530331/.pico-sdk/sdk/2.0.0/lib/tinyusb/src/tusb.c.obj
                0x10005934                tu_edpt_validate
 .text.tu_edpt_bind_driver
                0x100059e0       0x26 src/CMakeFiles/realtime.dir/Users/u1530331/.pico-sdk/sdk/2.0.0/lib/tinyusb/src/tusb.c.obj
                0x100059e0                tu_edpt_bind_driver
 .text.advance_index
                0x10005a06       0x1a src/CMakeFiles/realtime.dir/Users/u1530331/.pico-sdk/sdk/2.0.0/lib/tinyusb/src/common/tusb_fifo.c.obj
 .text._tu_fifo_peek
                0x10005a20       0x56 src/CMakeFiles/realtime.dir/Users/u1530331/.pico-sdk/sdk/2.0.0/lib/tinyusb/src/common/tusb_fifo.c.obj
 .text._ff_pull_n
                0x10005a76       0x68 src/CMakeFiles/realtime.dir/Users/u1530331/.pico-sdk/sdk/2.0.0/lib/tinyusb/src/common/tusb_fifo.c.obj
 .text._tu_fifo_peek_n
                0x10005ade       0x6a src/CMakeFiles/realtime.dir/Users/u1530331/.pico-sdk/sdk/2.0.0/lib/tinyusb/src/common/tusb_fifo.c.obj
 .text._tu_fifo_read_n
                0x10005b48       0x4e src/CMakeFiles/realtime.dir/Users/u1530331/.pico-sdk/sdk/2.0.0/lib/tinyusb/src/common/tusb_fifo.c.obj
 .text._ff_push_n
                0x10005b96       0x68 src/CMakeFiles/realtime.dir/Users/u1530331/.pico-sdk/sdk/2.0.0/lib/tinyusb/src/common/tusb_fifo.c.obj
 .text._tu_fifo_write_n
                0x10005bfe       0xf0 src/CMakeFiles/realtime.dir/Users/u1530331/.pico-sdk/sdk/2.0.0/lib/tinyusb/src/common/tusb_fifo.c.obj
 .text.tu_fifo_config
                0x10005cee       0x7c src/CMakeFiles/realtime.dir/Users/u1530331/.pico-sdk/sdk/2.0.0/lib/tinyusb/src/common/tusb_fifo.c.obj
                0x10005cee                tu_fifo_config
 .text.tu_fifo_count
                0x10005d6a       0x2a src/CMakeFiles/realtime.dir/Users/u1530331/.pico-sdk/sdk/2.0.0/lib/tinyusb/src/common/tusb_fifo.c.obj
                0x10005d6a                tu_fifo_count
 .text.tu_fifo_empty
                0x10005d94        0xe src/CMakeFiles/realtime.dir/Users/u1530331/.pico-sdk/sdk/2.0.0/lib/tinyusb/src/common/tusb_fifo.c.obj
                0x10005d94                tu_fifo_empty
 .text.tu_fifo_full
                0x10005da2       0x28 src/CMakeFiles/realtime.dir/Users/u1530331/.pico-sdk/sdk/2.0.0/lib/tinyusb/src/common/tusb_fifo.c.obj
                0x10005da2                tu_fifo_full
 .text.tu_fifo_remaining
                0x10005dca       0x2c src/CMakeFiles/realtime.dir/Users/u1530331/.pico-sdk/sdk/2.0.0/lib/tinyusb/src/common/tusb_fifo.c.obj
                0x10005dca                tu_fifo_remaining
 .text.tu_fifo_read
                0x10005df6       0x42 src/CMakeFiles/realtime.dir/Users/u1530331/.pico-sdk/sdk/2.0.0/lib/tinyusb/src/common/tusb_fifo.c.obj
                0x10005df6                tu_fifo_read
 .text.tu_fifo_read_n
                0x10005e38        0xa src/CMakeFiles/realtime.dir/Users/u1530331/.pico-sdk/sdk/2.0.0/lib/tinyusb/src/common/tusb_fifo.c.obj
                0x10005e38                tu_fifo_read_n
 .text.tu_fifo_write
                0x10005e42       0x64 src/CMakeFiles/realtime.dir/Users/u1530331/.pico-sdk/sdk/2.0.0/lib/tinyusb/src/common/tusb_fifo.c.obj
                0x10005e42                tu_fifo_write
 .text.tu_fifo_write_n
                0x10005ea6        0xa src/CMakeFiles/realtime.dir/Users/u1530331/.pico-sdk/sdk/2.0.0/lib/tinyusb/src/common/tusb_fifo.c.obj
                0x10005ea6                tu_fifo_write_n
 .text.tu_fifo_clear
                0x10005eb0       0x3e src/CMakeFiles/realtime.dir/Users/u1530331/.pico-sdk/sdk/2.0.0/lib/tinyusb/src/common/tusb_fifo.c.obj
                0x10005eb0                tu_fifo_clear
 .text.tu_fifo_set_overwritable
                0x10005eee       0x46 src/CMakeFiles/realtime.dir/Users/u1530331/.pico-sdk/sdk/2.0.0/lib/tinyusb/src/common/tusb_fifo.c.obj
                0x10005eee                tu_fifo_set_overwritable
 .text.prvHeapInit
                0x10005f34       0x58 src/CMakeFiles/realtime.dir/__/lib/freertos/portable/MemMang/heap_4.c.obj
 .text.prvInsertBlockIntoFreeList
                0x10005f8c       0x88 src/CMakeFiles/realtime.dir/__/lib/freertos/portable/MemMang/heap_4.c.obj
 .text.pvPortMalloc
                0x10006014      0x188 src/CMakeFiles/realtime.dir/__/lib/freertos/portable/MemMang/heap_4.c.obj
                0x10006014                pvPortMalloc
 .text.vPortFree
                0x1000619c       0xa4 src/CMakeFiles/realtime.dir/__/lib/freertos/portable/MemMang/heap_4.c.obj
                0x1000619c                vPortFree
 .text.vPortSVCHandler
                0x10006240        0x2 src/CMakeFiles/realtime.dir/__/lib/freertos/portable/ThirdParty/GCC/RP2040/port.c.obj
                0x10006240                vPortSVCHandler
 *fill*         0x10006242        0xe 
 .text.vPortStartFirstTask
                0x10006250       0x34 src/CMakeFiles/realtime.dir/__/lib/freertos/portable/ThirdParty/GCC/RP2040/port.c.obj
 *fill*         0x10006284        0xc 
 .text.xPortPendSVHandler
                0x10006290       0x64 src/CMakeFiles/realtime.dir/__/lib/freertos/portable/ThirdParty/GCC/RP2040/port.c.obj
                0x10006290                xPortPendSVHandler
 .text.prvTaskExitError
                0x100062f4        0x6 src/CMakeFiles/realtime.dir/__/lib/freertos/portable/ThirdParty/GCC/RP2040/port.c.obj
 *fill*         0x100062fa        0x2 
 .text.prvFIFOInterruptHandler
                0x100062fc       0x78 src/CMakeFiles/realtime.dir/__/lib/freertos/portable/ThirdParty/GCC/RP2040/port.c.obj
 .text.prvGetTicksToWaitBefore
                0x10006374       0x40 src/CMakeFiles/realtime.dir/__/lib/freertos/portable/ThirdParty/GCC/RP2040/port.c.obj
 .text.pxPortInitialiseStack
                0x100063b4       0x24 src/CMakeFiles/realtime.dir/__/lib/freertos/portable/ThirdParty/GCC/RP2040/port.c.obj
                0x100063b4                pxPortInitialiseStack
 .text.vPortYield
                0x100063d8       0x40 src/CMakeFiles/realtime.dir/__/lib/freertos/portable/ThirdParty/GCC/RP2040/port.c.obj
                0x100063d8                vPortYield
 .text.vPortEnterCritical
                0x10006418       0x18 src/CMakeFiles/realtime.dir/__/lib/freertos/portable/ThirdParty/GCC/RP2040/port.c.obj
                0x10006418                vPortEnterCritical
 .text.vPortEnableInterrupts
                0x10006430       0x28 src/CMakeFiles/realtime.dir/__/lib/freertos/portable/ThirdParty/GCC/RP2040/port.c.obj
                0x10006430                vPortEnableInterrupts
 .text.vPortExitCritical
                0x10006458       0x3c src/CMakeFiles/realtime.dir/__/lib/freertos/portable/ThirdParty/GCC/RP2040/port.c.obj
                0x10006458                vPortExitCritical
 .text.ulSetInterruptMaskFromISR
                0x10006494        0x8 src/CMakeFiles/realtime.dir/__/lib/freertos/portable/ThirdParty/GCC/RP2040/port.c.obj
                0x10006494                ulSetInterruptMaskFromISR
 .text.vClearInterruptMaskFromISR
                0x1000649c        0x6 src/CMakeFiles/realtime.dir/__/lib/freertos/portable/ThirdParty/GCC/RP2040/port.c.obj
                0x1000649c                vClearInterruptMaskFromISR
 *fill*         0x100064a2        0x2 
 .text.xPortSysTickHandler
                0x100064a4       0x24 src/CMakeFiles/realtime.dir/__/lib/freertos/portable/ThirdParty/GCC/RP2040/port.c.obj
                0x100064a4                xPortSysTickHandler
 .text.vPortSetupTimerInterrupt
                0x100064c8       0x34 src/CMakeFiles/realtime.dir/__/lib/freertos/portable/ThirdParty/GCC/RP2040/port.c.obj
                0x100064c8                vPortSetupTimerInterrupt
 .text.xPortStartScheduler
                0x100064fc       0x9c src/CMakeFiles/realtime.dir/__/lib/freertos/portable/ThirdParty/GCC/RP2040/port.c.obj
                0x100064fc                xPortStartScheduler
 .text.ulPortLockGetCurrentOwnerId
                0x10006598       0x2c src/CMakeFiles/realtime.dir/__/lib/freertos/portable/ThirdParty/GCC/RP2040/port.c.obj
                0x10006598                ulPortLockGetCurrentOwnerId
 .text.vPortLockInternalSpinUnlockWithNotify
                0x100065c4       0xd0 src/CMakeFiles/realtime.dir/__/lib/freertos/portable/ThirdParty/GCC/RP2040/port.c.obj
                0x100065c4                vPortLockInternalSpinUnlockWithNotify
 .text.xPortLockInternalSpinUnlockWithBestEffortWaitOrTimeout
                0x10006694      0x110 src/CMakeFiles/realtime.dir/__/lib/freertos/portable/ThirdParty/GCC/RP2040/port.c.obj
                0x10006694                xPortLockInternalSpinUnlockWithBestEffortWaitOrTimeout
 .text.prvRuntimeInitializer
                0x100067a4       0x28 src/CMakeFiles/realtime.dir/__/lib/freertos/portable/ThirdParty/GCC/RP2040/port.c.obj
 .text.prvTestWaitCondition
                0x100067cc       0x1e src/CMakeFiles/realtime.dir/__/lib/freertos/event_groups.c.obj
 .text.xEventGroupCreate
                0x100067ea       0x18 src/CMakeFiles/realtime.dir/__/lib/freertos/event_groups.c.obj
                0x100067ea                xEventGroupCreate
 *fill*         0x10006802        0x2 
 .text.xEventGroupWaitBits
                0x10006804      0x120 src/CMakeFiles/realtime.dir/__/lib/freertos/event_groups.c.obj
                0x10006804                xEventGroupWaitBits
 .text.xEventGroupSetBits
                0x10006924       0x9c src/CMakeFiles/realtime.dir/__/lib/freertos/event_groups.c.obj
                0x10006924                xEventGroupSetBits
 .text.vEventGroupSetBitsCallback
                0x100069c0        0x8 src/CMakeFiles/realtime.dir/__/lib/freertos/event_groups.c.obj
                0x100069c0                vEventGroupSetBitsCallback
 .text.xEventGroupSetBitsFromISR
                0x100069c8       0x18 src/CMakeFiles/realtime.dir/__/lib/freertos/event_groups.c.obj
                0x100069c8                xEventGroupSetBitsFromISR
 .text.vListInitialise
                0x100069e0       0x16 src/CMakeFiles/realtime.dir/__/lib/freertos/list.c.obj
                0x100069e0                vListInitialise
 .text.vListInitialiseItem
                0x100069f6        0x6 src/CMakeFiles/realtime.dir/__/lib/freertos/list.c.obj
                0x100069f6                vListInitialiseItem
 .text.vListInsert
                0x100069fc       0x2e src/CMakeFiles/realtime.dir/__/lib/freertos/list.c.obj
                0x100069fc                vListInsert
 .text.uxListRemove
                0x10006a2a       0x24 src/CMakeFiles/realtime.dir/__/lib/freertos/list.c.obj
                0x10006a2a                uxListRemove
 .text.prvIsQueueFull
                0x10006a4e       0x1e src/CMakeFiles/realtime.dir/__/lib/freertos/queue.c.obj
 .text.prvIsQueueEmpty
                0x10006a6c       0x1c src/CMakeFiles/realtime.dir/__/lib/freertos/queue.c.obj
 .text.prvCopyDataToQueue
                0x10006a88       0x7e src/CMakeFiles/realtime.dir/__/lib/freertos/queue.c.obj
 .text.prvCopyDataFromQueue
                0x10006b06       0x24 src/CMakeFiles/realtime.dir/__/lib/freertos/queue.c.obj
 *fill*         0x10006b2a        0x2 
 .text.prvNotifyQueueSetContainer
                0x10006b2c       0xa8 src/CMakeFiles/realtime.dir/__/lib/freertos/queue.c.obj
 .text.prvUnlockQueue
                0x10006bd4       0x88 src/CMakeFiles/realtime.dir/__/lib/freertos/queue.c.obj
 .text.xQueueGenericReset
                0x10006c5c       0xd8 src/CMakeFiles/realtime.dir/__/lib/freertos/queue.c.obj
                0x10006c5c                xQueueGenericReset
 .text.prvInitialiseNewQueue
                0x10006d34       0x26 src/CMakeFiles/realtime.dir/__/lib/freertos/queue.c.obj
 *fill*         0x10006d5a        0x2 
 .text.xQueueGenericCreate
                0x10006d5c       0x90 src/CMakeFiles/realtime.dir/__/lib/freertos/queue.c.obj
                0x10006d5c                xQueueGenericCreate
 .text.xQueueGenericSend
                0x10006dec      0x18c src/CMakeFiles/realtime.dir/__/lib/freertos/queue.c.obj
                0x10006dec                xQueueGenericSend
 .text.xQueueGenericSendFromISR
                0x10006f78      0x13c src/CMakeFiles/realtime.dir/__/lib/freertos/queue.c.obj
                0x10006f78                xQueueGenericSendFromISR
 .text.xQueueReceive
                0x100070b4      0x150 src/CMakeFiles/realtime.dir/__/lib/freertos/queue.c.obj
                0x100070b4                xQueueReceive
 .text.vQueueAddToRegistry
                0x10007204       0x68 src/CMakeFiles/realtime.dir/__/lib/freertos/queue.c.obj
                0x10007204                vQueueAddToRegistry
 .text.vQueueWaitForMessageRestricted
                0x1000726c       0x50 src/CMakeFiles/realtime.dir/__/lib/freertos/queue.c.obj
                0x1000726c                vQueueWaitForMessageRestricted
 .text.prvResetNextTaskUnblockTime
                0x100072bc       0x2c src/CMakeFiles/realtime.dir/__/lib/freertos/tasks.c.obj
 .text.prvDeleteTCB
                0x100072e8       0x12 src/CMakeFiles/realtime.dir/__/lib/freertos/tasks.c.obj
 *fill*         0x100072fa        0x2 
 .text.prvInitialiseNewTask
                0x100072fc       0xb0 src/CMakeFiles/realtime.dir/__/lib/freertos/tasks.c.obj
 .text.prvCreateTask
                0x100073ac       0x56 src/CMakeFiles/realtime.dir/__/lib/freertos/tasks.c.obj
 *fill*         0x10007402        0x2 
 .text.prvInitialiseTaskLists
                0x10007404       0x68 src/CMakeFiles/realtime.dir/__/lib/freertos/tasks.c.obj
 .text.prvAddNewTaskToReadyList
                0x1000746c       0xc4 src/CMakeFiles/realtime.dir/__/lib/freertos/tasks.c.obj
 .text.prvCheckTasksWaitingTermination
                0x10007530       0x44 src/CMakeFiles/realtime.dir/__/lib/freertos/tasks.c.obj
 .text.prvIdleTask
                0x10007574       0x18 src/CMakeFiles/realtime.dir/__/lib/freertos/tasks.c.obj
 .text.prvAddCurrentTaskToDelayedList
                0x1000758c       0xa8 src/CMakeFiles/realtime.dir/__/lib/freertos/tasks.c.obj
 .text.xTaskCreate
                0x10007634       0x24 src/CMakeFiles/realtime.dir/__/lib/freertos/tasks.c.obj
                0x10007634                xTaskCreate
 .text.prvCreateIdleTasks
                0x10007658       0x54 src/CMakeFiles/realtime.dir/__/lib/freertos/tasks.c.obj
 .text.vTaskStartScheduler
                0x100076ac       0x64 src/CMakeFiles/realtime.dir/__/lib/freertos/tasks.c.obj
                0x100076ac                vTaskStartScheduler
 .text.vTaskSuspendAll
                0x10007710       0x10 src/CMakeFiles/realtime.dir/__/lib/freertos/tasks.c.obj
                0x10007710                vTaskSuspendAll
 .text.xTaskGetTickCount
                0x10007720        0xc src/CMakeFiles/realtime.dir/__/lib/freertos/tasks.c.obj
                0x10007720                xTaskGetTickCount
 .text.uxTaskGetNumberOfTasks
                0x1000772c        0xc src/CMakeFiles/realtime.dir/__/lib/freertos/tasks.c.obj
                0x1000772c                uxTaskGetNumberOfTasks
 .text.xTaskIncrementTick
                0x10007738      0x17c src/CMakeFiles/realtime.dir/__/lib/freertos/tasks.c.obj
                0x10007738                xTaskIncrementTick
 .text.xTaskResumeAll
                0x100078b4      0x160 src/CMakeFiles/realtime.dir/__/lib/freertos/tasks.c.obj
                0x100078b4                xTaskResumeAll
 .text.vTaskSwitchContext
                0x10007a14       0xa8 src/CMakeFiles/realtime.dir/__/lib/freertos/tasks.c.obj
                0x10007a14                vTaskSwitchContext
 .text.vTaskPlaceOnEventList
                0x10007abc       0x3c src/CMakeFiles/realtime.dir/__/lib/freertos/tasks.c.obj
                0x10007abc                vTaskPlaceOnEventList
 .text.vTaskPlaceOnUnorderedEventList
                0x10007af8       0x80 src/CMakeFiles/realtime.dir/__/lib/freertos/tasks.c.obj
                0x10007af8                vTaskPlaceOnUnorderedEventList
 .text.vTaskPlaceOnEventListRestricted
                0x10007b78       0x60 src/CMakeFiles/realtime.dir/__/lib/freertos/tasks.c.obj
                0x10007b78                vTaskPlaceOnEventListRestricted
 .text.xTaskRemoveFromEventList
                0x10007bd8      0x100 src/CMakeFiles/realtime.dir/__/lib/freertos/tasks.c.obj
                0x10007bd8                xTaskRemoveFromEventList
 .text.vTaskRemoveFromUnorderedEventList
                0x10007cd8       0xf4 src/CMakeFiles/realtime.dir/__/lib/freertos/tasks.c.obj
                0x10007cd8                vTaskRemoveFromUnorderedEventList
 .text.vTaskInternalSetTimeOutState
                0x10007dcc       0x18 src/CMakeFiles/realtime.dir/__/lib/freertos/tasks.c.obj
                0x10007dcc                vTaskInternalSetTimeOutState
 .text.xTaskCheckForTimeOut
                0x10007de4       0xb4 src/CMakeFiles/realtime.dir/__/lib/freertos/tasks.c.obj
                0x10007de4                xTaskCheckForTimeOut
 .text.vTaskMissedYield
                0x10007e98        0xc src/CMakeFiles/realtime.dir/__/lib/freertos/tasks.c.obj
                0x10007e98                vTaskMissedYield
 .text.xTaskGetCurrentTaskHandle
                0x10007ea4        0xc src/CMakeFiles/realtime.dir/__/lib/freertos/tasks.c.obj
                0x10007ea4                xTaskGetCurrentTaskHandle
 .text.xTaskGetSchedulerState
                0x10007eb0       0x24 src/CMakeFiles/realtime.dir/__/lib/freertos/tasks.c.obj
                0x10007eb0                xTaskGetSchedulerState
 .text.xTaskPriorityDisinherit
                0x10007ed4       0xc0 src/CMakeFiles/realtime.dir/__/lib/freertos/tasks.c.obj
                0x10007ed4                xTaskPriorityDisinherit
 .text.uxTaskResetEventItemValue
                0x10007f94       0x18 src/CMakeFiles/realtime.dir/__/lib/freertos/tasks.c.obj
                0x10007f94                uxTaskResetEventItemValue
 .text.prvGetNextExpireTime
                0x10007fac       0x24 src/CMakeFiles/realtime.dir/__/lib/freertos/timers.c.obj
 .text.prvInsertTimerInActiveList
                0x10007fd0       0x48 src/CMakeFiles/realtime.dir/__/lib/freertos/timers.c.obj
 .text.prvReloadTimer
                0x10008018       0x28 src/CMakeFiles/realtime.dir/__/lib/freertos/timers.c.obj
 .text.prvProcessExpiredTimer
                0x10008040       0x3c src/CMakeFiles/realtime.dir/__/lib/freertos/timers.c.obj
 .text.prvSwitchTimerLists
                0x1000807c       0x30 src/CMakeFiles/realtime.dir/__/lib/freertos/timers.c.obj
 .text.prvSampleTimeNow
                0x100080ac       0x2c src/CMakeFiles/realtime.dir/__/lib/freertos/timers.c.obj
 .text.prvProcessTimerOrBlockTask
                0x100080d8       0x70 src/CMakeFiles/realtime.dir/__/lib/freertos/timers.c.obj
 .text.prvProcessReceivedCommands
                0x10008148      0x10c src/CMakeFiles/realtime.dir/__/lib/freertos/timers.c.obj
 .text.prvTimerTask
                0x10008254       0x16 src/CMakeFiles/realtime.dir/__/lib/freertos/timers.c.obj
 *fill*         0x1000826a        0x2 
 .text.prvCheckForValidListAndQueue
                0x1000826c       0x60 src/CMakeFiles/realtime.dir/__/lib/freertos/timers.c.obj
 .text.xTimerCreateTimerTask
                0x100082cc       0x58 src/CMakeFiles/realtime.dir/__/lib/freertos/timers.c.obj
                0x100082cc                xTimerCreateTimerTask
 .text.xTimerPendFunctionCallFromISR
                0x10008324       0x28 src/CMakeFiles/realtime.dir/__/lib/freertos/timers.c.obj
                0x10008324                xTimerPendFunctionCallFromISR
 .text.exception_is_compile_time_default
                0x1000834c       0x20 src/CMakeFiles/realtime.dir/Users/u1530331/.pico-sdk/sdk/2.0.0/src/rp2_common/hardware_exception/exception.c.obj
 .text.set_raw_exception_handler_and_restore_interrupts
                0x1000836c       0x18 src/CMakeFiles/realtime.dir/Users/u1530331/.pico-sdk/sdk/2.0.0/src/rp2_common/hardware_exception/exception.c.obj
 .text.exception_get_vtable_handler
                0x10008384       0x10 src/CMakeFiles/realtime.dir/Users/u1530331/.pico-sdk/sdk/2.0.0/src/rp2_common/hardware_exception/exception.c.obj
                0x10008384                exception_get_vtable_handler
 .text.exception_set_exclusive_handler
                0x10008394       0x44 src/CMakeFiles/realtime.dir/Users/u1530331/.pico-sdk/sdk/2.0.0/src/rp2_common/hardware_exception/exception.c.obj
                0x10008394                exception_set_exclusive_handler
 .text.rp2040_clear_reset
                0x100083d8       0x20 libcan2040.a(can2040.c.obj)
 .text.rp2040_gpio_peripheral
                0x100083f8       0x34 libcan2040.a(can2040.c.obj)
 .text.pio_sync_setup
                0x1000842c       0x40 libcan2040.a(can2040.c.obj)
 .text.pio_rx_setup
                0x1000846c       0x24 libcan2040.a(can2040.c.obj)
 .text.pio_match_setup
                0x10008490       0x34 libcan2040.a(can2040.c.obj)
 .text.pio_tx_setup
                0x100084c4       0x3c libcan2040.a(can2040.c.obj)
 .text.pio_sync_normal_start_signal
                0x10008500        0xc libcan2040.a(can2040.c.obj)
 .text.pio_sync_slow_start_signal
                0x1000850c        0xc libcan2040.a(can2040.c.obj)
 .text.pio_rx_check_stall
                0x10008518        0xa libcan2040.a(can2040.c.obj)
 .text.pio_match_check
                0x10008522        0x6 libcan2040.a(can2040.c.obj)
 .text.pio_match_calc_key
                0x10008528        0xc libcan2040.a(can2040.c.obj)
 .text.pio_match_clear
                0x10008534        0xa libcan2040.a(can2040.c.obj)
 *fill*         0x1000853e        0x2 
 .text.pio_tx_reset
                0x10008540       0x20 libcan2040.a(can2040.c.obj)
 .text.pio_tx_send
                0x10008560       0x48 libcan2040.a(can2040.c.obj)
 .text.pio_tx_inject_ack
                0x100085a8       0x50 libcan2040.a(can2040.c.obj)
 .text.pio_tx_did_fail
                0x100085f8       0x42 libcan2040.a(can2040.c.obj)
 .text.pio_irq_set
                0x1000863a        0xe libcan2040.a(can2040.c.obj)
 .text.pio_irq_get
                0x10008648        0xa libcan2040.a(can2040.c.obj)
 .text.pio_signal_set_txpending
                0x10008652        0x8 libcan2040.a(can2040.c.obj)
 .text.pio_signal_clear_txpending
                0x1000865a        0x8 libcan2040.a(can2040.c.obj)
 *fill*         0x10008662        0x2 
 .text.pio_sm_setup
                0x10008664       0x58 libcan2040.a(can2040.c.obj)
 .text.pio_setup
                0x100086bc       0x66 libcan2040.a(can2040.c.obj)
 *fill*         0x10008722        0x2 
 .text.crc_byte
                0x10008724       0x1c libcan2040.a(can2040.c.obj)
 .text.crc_bytes
                0x10008740       0x2a libcan2040.a(can2040.c.obj)
 .text.unstuf_add_bits
                0x1000876a       0x16 libcan2040.a(can2040.c.obj)
 .text.unstuf_set_count
                0x10008780        0x8 libcan2040.a(can2040.c.obj)
 .text.unstuf_clear_state
                0x10008788       0x14 libcan2040.a(can2040.c.obj)
 .text.unstuf_restore_state
                0x1000879c       0x16 libcan2040.a(can2040.c.obj)
 .text.unstuf_get_raw
                0x100087b2        0xa libcan2040.a(can2040.c.obj)
 .text.bitstuff
                0x100087bc       0x64 libcan2040.a(can2040.c.obj)
 .text.tx_qpos  0x10008820        0x6 libcan2040.a(can2040.c.obj)
 .text.tx_inject_ack
                0x10008826        0xc libcan2040.a(can2040.c.obj)
 .text.tx_check_local_message
                0x10008832       0x7e libcan2040.a(can2040.c.obj)
 .text.report_callback_error
                0x100088b0       0x24 libcan2040.a(can2040.c.obj)
 .text.report_callback_rx_msg
                0x100088d4       0x16 libcan2040.a(can2040.c.obj)
 .text.report_callback_tx_msg
                0x100088ea       0x1c libcan2040.a(can2040.c.obj)
 .text.report_handle_eof
                0x10008906       0x30 libcan2040.a(can2040.c.obj)
 .text.report_is_not_in_tx
                0x10008936        0xc libcan2040.a(can2040.c.obj)
 .text.report_note_message_start
                0x10008942        0xc libcan2040.a(can2040.c.obj)
 .text.report_note_crc_start
                0x1000894e       0x4e libcan2040.a(can2040.c.obj)
 .text.report_note_crc_success
                0x1000899c       0x14 libcan2040.a(can2040.c.obj)
 .text.report_note_ack_success
                0x100089b0        0xe libcan2040.a(can2040.c.obj)
 .text.report_note_eof_success
                0x100089be       0x1c libcan2040.a(can2040.c.obj)
 .text.report_note_discarding
                0x100089da       0x26 libcan2040.a(can2040.c.obj)
 .text.data_state_clear_bits
                0x10008a00        0xa libcan2040.a(can2040.c.obj)
 .text.data_state_go_next
                0x10008a0a        0xe libcan2040.a(can2040.c.obj)
 .text.data_state_go_discard
                0x10008a18       0x34 libcan2040.a(can2040.c.obj)
 .text.data_state_go_error
                0x10008a4c        0xe libcan2040.a(can2040.c.obj)
 .text.data_state_line_error
                0x10008a5a       0x14 libcan2040.a(can2040.c.obj)
 .text.data_state_line_passive
                0x10008a6e       0x4e libcan2040.a(can2040.c.obj)
 .text.data_state_go_crc
                0x10008abc       0x5c libcan2040.a(can2040.c.obj)
 .text.data_state_go_data
                0x10008b18       0x48 libcan2040.a(can2040.c.obj)
 .text.data_state_update_start
                0x10008b60       0x16 libcan2040.a(can2040.c.obj)
 .text.data_state_update_header
                0x10008b76       0x3a libcan2040.a(can2040.c.obj)
 .text.data_state_update_ext_header
                0x10008bb0       0x4c libcan2040.a(can2040.c.obj)
 .text.data_state_update_crc
                0x10008bfc       0x2e libcan2040.a(can2040.c.obj)
 .text.data_state_update_ack
                0x10008c2a       0x2c libcan2040.a(can2040.c.obj)
 .text.data_state_update_eof0
                0x10008c56       0x2c libcan2040.a(can2040.c.obj)
 .text.data_state_update_eof1
                0x10008c82       0x3e libcan2040.a(can2040.c.obj)
 .text.data_state_update_discard
                0x10008cc0        0x8 libcan2040.a(can2040.c.obj)
 .text.unstuf_pull_bits
                0x10008cc8       0xbc libcan2040.a(can2040.c.obj)
 .text.tx_schedule_transmit
                0x10008d84       0x6a libcan2040.a(can2040.c.obj)
 .text.report_line_ackdone
                0x10008dee       0x30 libcan2040.a(can2040.c.obj)
 .text.report_line_matched
                0x10008e1e       0x26 libcan2040.a(can2040.c.obj)
 .text.report_line_maytx
                0x10008e44       0x20 libcan2040.a(can2040.c.obj)
 .text.report_line_txpending
                0x10008e64       0x50 libcan2040.a(can2040.c.obj)
 .text.data_state_update_data0
                0x10008eb4       0x4a libcan2040.a(can2040.c.obj)
 .text.data_state_update_data1
                0x10008efe       0x32 libcan2040.a(can2040.c.obj)
 .text.data_state_update
                0x10008f30       0x50 libcan2040.a(can2040.c.obj)
 .text.process_rx
                0x10008f80       0x46 libcan2040.a(can2040.c.obj)
 .text.can2040_pio_irq_handler
                0x10008fc6       0x54 libcan2040.a(can2040.c.obj)
                0x10008fc6                can2040_pio_irq_handler
 *fill*         0x1000901a        0x2 
 .text.can2040_setup
                0x1000901c       0x2c libcan2040.a(can2040.c.obj)
                0x1000901c                can2040_setup
 .text.can2040_callback_config
                0x10009048        0x4 libcan2040.a(can2040.c.obj)
                0x10009048                can2040_callback_config
 .text.can2040_start
                0x1000904c       0x24 libcan2040.a(can2040.c.obj)
                0x1000904c                can2040_start
 .text.strlen   0x10009070       0x5c /Users/u1530331/.pico-sdk/toolchain/13_2_Rel1/bin/../lib/gcc/arm-none-eabi/13.2.1/../../../../arm-none-eabi/lib/thumb/v6-m/nofp/libg.a(libc_a-strlen-stub.o)
                0x10009070                strlen
 *(.fini)
 .fini          0x100090cc        0x4 /Users/u1530331/.pico-sdk/toolchain/13_2_Rel1/bin/../lib/gcc/arm-none-eabi/13.2.1/thumb/v6-m/nofp/crti.o
                0x100090cc                _fini
 .fini.__stub   0x100090d0       0xd0 linker stubs
 *crtbegin.o(.ctors)
 *crtbegin?.o(.ctors)
 *(EXCLUDE_FILE(*crtend.o *crtend?.o) .ctors)
 *(SORT_BY_NAME(.ctors.*))
 *(.ctors)
 *crtbegin.o(.dtors)
 *crtbegin?.o(.dtors)
 *(EXCLUDE_FILE(*crtend.o *crtend?.o) .dtors)
 *(SORT_BY_NAME(.dtors.*))
 *(.dtors)
                0x100091a0                        . = ALIGN (0x4)
                0x100091a0                        PROVIDE (__preinit_array_start = .)
 *(SORT_BY_NAME(.preinit_array.*))
 .preinit_array.00100
                0x100091a0        0x4 src/CMakeFiles/realtime.dir/Users/u1530331/.pico-sdk/sdk/2.0.0/src/rp2_common/pico_runtime_init/runtime_init.c.obj
                0x100091a0                __pre_init_runtime_init_early_resets
 .preinit_array.00101
                0x100091a4        0x4 src/CMakeFiles/realtime.dir/Users/u1530331/.pico-sdk/sdk/2.0.0/src/rp2_common/pico_runtime_init/runtime_init.c.obj
                0x100091a4                __pre_init_runtime_init_usb_power_down
 .preinit_array.00275
                0x100091a8        0x4 src/CMakeFiles/realtime.dir/Users/u1530331/.pico-sdk/sdk/2.0.0/src/rp2_common/pico_bit_ops/bit_ops_aeabi.S.obj
 .preinit_array.00300
                0x100091ac        0x4 src/CMakeFiles/realtime.dir/Users/u1530331/.pico-sdk/sdk/2.0.0/src/rp2_common/pico_mem_ops/mem_ops_aeabi.S.obj
 .preinit_array.00350
                0x100091b0        0x4 src/CMakeFiles/realtime.dir/Users/u1530331/.pico-sdk/sdk/2.0.0/src/rp2_common/pico_double/double_aeabi_rp2040.S.obj
 .preinit_array.00350
                0x100091b4        0x4 src/CMakeFiles/realtime.dir/Users/u1530331/.pico-sdk/sdk/2.0.0/src/rp2_common/pico_float/float_aeabi_rp2040.S.obj
 .preinit_array.00500
                0x100091b8        0x4 src/CMakeFiles/realtime.dir/Users/u1530331/.pico-sdk/sdk/2.0.0/src/rp2_common/pico_runtime_init/runtime_init.c.obj
                0x100091b8                __pre_init_runtime_init_clocks
 .preinit_array.00600
                0x100091bc        0x4 src/CMakeFiles/realtime.dir/Users/u1530331/.pico-sdk/sdk/2.0.0/src/rp2_common/pico_runtime_init/runtime_init.c.obj
                0x100091bc                __pre_init_runtime_init_post_clock_resets
 .preinit_array.00700
                0x100091c0        0x4 src/CMakeFiles/realtime.dir/Users/u1530331/.pico-sdk/sdk/2.0.0/src/rp2_common/pico_runtime_init/runtime_init.c.obj
                0x100091c0                __pre_init_runtime_init_rp2040_gpio_ie_disable
 .preinit_array.01000
                0x100091c4        0x4 src/CMakeFiles/realtime.dir/Users/u1530331/.pico-sdk/sdk/2.0.0/src/rp2_common/pico_runtime_init/runtime_init.c.obj
                0x100091c4                __pre_init_runtime_init_spin_locks_reset
 .preinit_array.01100
                0x100091c8        0x4 src/CMakeFiles/realtime.dir/Users/u1530331/.pico-sdk/sdk/2.0.0/src/common/pico_sync/mutex.c.obj
                0x100091c8                __pre_init_runtime_init_mutex
 .preinit_array.10080
                0x100091cc        0x4 src/CMakeFiles/realtime.dir/Users/u1530331/.pico-sdk/sdk/2.0.0/src/rp2_common/pico_runtime_init/runtime_init.c.obj
                0x100091cc                __pre_init_runtime_init_install_ram_vector_table
 .preinit_array.11000
                0x100091d0        0x4 src/CMakeFiles/realtime.dir/Users/u1530331/.pico-sdk/sdk/2.0.0/src/common/pico_time/time.c.obj
                0x100091d0                __pre_init_runtime_init_default_alarm_pool
 .preinit_array.YYYYY
                0x100091d4        0x4 src/CMakeFiles/realtime.dir/Users/u1530331/.pico-sdk/sdk/2.0.0/src/rp2_common/pico_runtime/runtime.c.obj
                0x100091d4                __pre_init_first_per_core_initializer
 .preinit_array.ZZZZZ.01200
                0x100091d8        0x4 src/CMakeFiles/realtime.dir/Users/u1530331/.pico-sdk/sdk/2.0.0/src/rp2_common/hardware_irq/irq.c.obj
                0x100091d8                __pre_init_runtime_init_per_core_irq_priorities
 *(.preinit_array)
                0x100091dc                        PROVIDE (__preinit_array_end = .)
                0x100091dc                        . = ALIGN (0x4)
                0x100091dc                        PROVIDE (__init_array_start = .)
 *(SORT_BY_NAME(.init_array.*))
 *(.init_array)
 .init_array    0x100091dc        0x4 /Users/u1530331/.pico-sdk/toolchain/13_2_Rel1/bin/../lib/gcc/arm-none-eabi/13.2.1/thumb/v6-m/nofp/crtbegin.o
 .init_array    0x100091e0        0x4 src/CMakeFiles/realtime.dir/Users/u1530331/.pico-sdk/sdk/2.0.0/src/rp2_common/pico_unique_id/unique_id.c.obj
 .init_array    0x100091e4        0x4 src/CMakeFiles/realtime.dir/__/lib/freertos/portable/ThirdParty/GCC/RP2040/port.c.obj
                0x100091e8                        PROVIDE (__init_array_end = .)
                0x100091e8                        . = ALIGN (0x4)
                [!provide]                        PROVIDE (__fini_array_start = .)
 *(SORT_BY_NAME(.fini_array.*))
 *(.fini_array)
                [!provide]                        PROVIDE (__fini_array_end = .)
 *(.eh_frame*)
 .eh_frame      0x100091e8        0x0 /Users/u1530331/.pico-sdk/toolchain/13_2_Rel1/bin/../lib/gcc/arm-none-eabi/13.2.1/thumb/v6-m/nofp/crtbegin.o
                0x100091e8                        . = ALIGN (0x4)

.glue_7         0x100091e8        0x0
 .glue_7        0x100091e8        0x0 linker stubs

.glue_7t        0x100091e8        0x0
 .glue_7t       0x100091e8        0x0 linker stubs

.vfp11_veneer   0x100091e8        0x0
 .vfp11_veneer  0x100091e8        0x0 linker stubs

.v4_bx          0x100091e8        0x0
 .v4_bx         0x100091e8        0x0 linker stubs

.iplt           0x100091e8        0x0
 .iplt          0x100091e8        0x0 /Users/u1530331/.pico-sdk/toolchain/13_2_Rel1/bin/../lib/gcc/arm-none-eabi/13.2.1/thumb/v6-m/nofp/crtbegin.o

.rodata         0x100091e8     0x2438
 *(EXCLUDE_FILE(*libm.a: *libc.a:*lib_a-mem*.o *libgcc.a:) .rodata*)
 .rodata.can2040_cb.str1.4
                0x100091e8     0x1702 src/CMakeFiles/realtime.dir/CAN.c.obj
                                 0x11 (size before relaxing)
 .rodata.receive.str1.4
                0x1000a8ea       0x21 src/CMakeFiles/realtime.dir/CAN.c.obj
 .rodata.main.str1.4
                0x1000a8ea        0xb src/CMakeFiles/realtime.dir/CAN.c.obj
 .rodata.rp2040_chip_version.str1.4
                0x1000a8ea       0x7d src/CMakeFiles/realtime.dir/Users/u1530331/.pico-sdk/sdk/2.0.0/src/rp2040/pico_platform/platform.c.obj
 *fill*         0x1000a8ea        0x2 
 .rodata.__func__.0
                0x1000a8ec       0x14 src/CMakeFiles/realtime.dir/Users/u1530331/.pico-sdk/sdk/2.0.0/src/rp2040/pico_platform/platform.c.obj
 .rodata.panic.str1.4
                0x1000a900       0x12 src/CMakeFiles/realtime.dir/Users/u1530331/.pico-sdk/sdk/2.0.0/src/rp2_common/pico_platform_panic/panic.c.obj
 .rodata.panic_unsupported.str1.4
                0x1000a900        0xe src/CMakeFiles/realtime.dir/Users/u1530331/.pico-sdk/sdk/2.0.0/src/rp2_common/pico_platform_panic/panic.c.obj
 .rodata.spin_lock_claim_unused.str1.4
                0x1000a900       0x1b src/CMakeFiles/realtime.dir/Users/u1530331/.pico-sdk/sdk/2.0.0/src/rp2_common/hardware_sync/sync.c.obj
 .rodata.resolve_j_16.str1.4
                0x1000a900       0x5e src/CMakeFiles/realtime.dir/Users/u1530331/.pico-sdk/sdk/2.0.0/src/rp2_common/hardware_irq/irq.c.obj
 .rodata.make_j_16.str1.4
                0x1000a900       0x30 src/CMakeFiles/realtime.dir/Users/u1530331/.pico-sdk/sdk/2.0.0/src/rp2_common/hardware_irq/irq.c.obj
 .rodata.irq_set_exclusive_handler.str1.4
                0x1000a900       0x36 src/CMakeFiles/realtime.dir/Users/u1530331/.pico-sdk/sdk/2.0.0/src/rp2_common/hardware_irq/irq.c.obj
 .rodata.irq_add_shared_handler.str1.4
                0x1000a900       0xd2 src/CMakeFiles/realtime.dir/Users/u1530331/.pico-sdk/sdk/2.0.0/src/rp2_common/hardware_irq/irq.c.obj
 .rodata.irq_add_tail_to_free_list.str1.4
                0x1000a900       0x3a src/CMakeFiles/realtime.dir/Users/u1530331/.pico-sdk/sdk/2.0.0/src/rp2_common/hardware_irq/irq.c.obj
 .rodata.user_irq_claim_unused.str1.4
                0x1000a900       0x1b src/CMakeFiles/realtime.dir/Users/u1530331/.pico-sdk/sdk/2.0.0/src/rp2_common/hardware_irq/irq.c.obj
 .rodata.__func__.0
                0x1000a900       0x1a src/CMakeFiles/realtime.dir/Users/u1530331/.pico-sdk/sdk/2.0.0/src/rp2_common/hardware_irq/irq.c.obj
 *fill*         0x1000a91a        0x2 
 .rodata.__func__.3
                0x1000a91c        0xa src/CMakeFiles/realtime.dir/Users/u1530331/.pico-sdk/sdk/2.0.0/src/rp2_common/hardware_irq/irq.c.obj
 *fill*         0x1000a926        0x2 
 .rodata.__func__.4
                0x1000a928        0xd src/CMakeFiles/realtime.dir/Users/u1530331/.pico-sdk/sdk/2.0.0/src/rp2_common/hardware_irq/irq.c.obj
 *fill*         0x1000a935        0x3 
 .rodata.__func__.5
                0x1000a938       0x17 src/CMakeFiles/realtime.dir/Users/u1530331/.pico-sdk/sdk/2.0.0/src/rp2_common/hardware_irq/irq.c.obj
 *fill*         0x1000a94f        0x1 
 .rodata.__func__.6
                0x1000a950       0x1a src/CMakeFiles/realtime.dir/Users/u1530331/.pico-sdk/sdk/2.0.0/src/rp2_common/hardware_irq/irq.c.obj